admitted file 0 date 2015-03-17: 21813 decisions, 154 positives
admitted file 1 date 2015-03-18: 26498 decisions, 340 positives
admitted file 2 date 2015-03-19: 26497 decisions, 3810 positives
admitted file 3 date 2015-03-20: 17703 decisions, 594 positives
admitted file 4 date 2015-03-21: 26005 decisions, 2172 positives
admitted file 5 date 2015-03-24: 2724 decisions, 255 positives
admitted file 6 date 2015-03-25: 26498 decisions, 1449 positives
admitted file 7 date 2015-03-26: 25466 decisions, 690 positives
admitted file 8 date 2015-03-27: 26499 decisions, 109 positives
admitted file 9 date 2015-03-28: 26498 decisions, 77 positives
admitted file 10 date 2015-03-29: 26498 decisions, 516 positives
admitted file 11 date 2015-04-03: 26499 decisions, 460 positives
admitted file 12 date 2015-04-04: 26500 decisions, 1768 positives
admitted file 13 date 2015-04-05: 26499 decisions, 262 positives
admitted file 14 date 2015-04-06: 26501 decisions, 1505 positives
admitted file 15 date 2015-04-07: 26499 decisions, 77 positives
admitted file 16 date 2015-04-08: 26499 decisions, 308 positives
admitted file 17 date 2015-04-10: 26499 decisions, 279 positives
admitted file 18 date 2015-04-11: 26499 decisions, 226 positives
admitted file 19 date 2015-04-12: 26498 decisions, 624 positives
admitted file 20 date 2015-04-13: 26499 decisions, 1174 positives
admitted file 21 date 2015-04-14: 26499 decisions, 76 positives
admitted file 22 date 2015-04-16: 25429 decisions, 356 positives
admitted file 23 date 2015-04-17: 4204 decisions, 956 positives
admitted file 24 date 2015-04-18: 26498 decisions, 4761 positives
admitted file 25 date 2015-04-19: 26499 decisions, 293 positives
admitted file 26 date 2015-04-20: 26498 decisions, 1387 positives
admitted file 27 date 2015-04-21: 26498 decisions, 516 positives
admitted file 28 date 2015-04-22: 26498 decisions, 2110 positives
admitted file 29 date 2015-04-23: 26497 decisions, 715 positives
admitted file 30 date 2015-04-24: 26498 decisions, 1060 positives
admitted file 31 date 2015-04-26: 26499 decisions, 154 positives
admitted file 32 date 2015-04-27: 25465 decisions, 77 positives
admitted file 33 date 2015-04-28: 26498 decisions, 585 positives
admitted file 34 date 2015-04-29: 26498 decisions, 77 positives
admitted file 35 date 2015-04-30: 26498 decisions, 316 positives
admitted file 36 date 2015-05-02: 26499 decisions, 231 positives
admitted file 37 date 2015-05-03: 26498 decisions, 210 positives
admitted file 38 date 2015-05-04: 26498 decisions, 736 positives
admitted file 39 date 2015-05-05: 26500 decisions, 682 positives
admitted file 40 date 2015-05-06: 26499 decisions, 473 positives
admitted file 41 date 2015-05-08: 25067 decisions, 497 positives
admitted file 42 date 2015-05-09: 26498 decisions, 77 positives
admitted file 43 date 2015-05-10: 26498 decisions, 853 positives
admitted file 44 date 2015-05-11: 26499 decisions, 230 positives
admitted file 45 date 2015-05-12: 26498 decisions, 154 positives
admitted file 46 date 2015-05-13: 26499 decisions, 431 positives
admitted file 47 date 2015-05-14: 26499 decisions, 1758 positives
admitted file 48 date 2015-05-15: 26499 decisions, 695 positives
admitted file 49 date 2015-05-16: 26498 decisions, 1174 positives
admitted file 50 date 2015-05-17: 23540 decisions, 322 positives
admitted file 51 date 2015-05-18: 23798 decisions, 0 positives
admitted file 52 date 2015-05-19: 26499 decisions, 1470 positives
admitted file 53 date 2015-05-20: 26499 decisions, 444 positives
admitted file 54 date 2015-05-23: 26499 decisions, 372 positives
admitted file 55 date 2015-05-24: 26499 decisions, 385 positives
admitted file 56 date 2015-05-25: 26498 decisions, 613 positives
admitted file 57 date 2015-05-26: 26499 decisions, 303 positives
admitted file 58 date 2015-05-27: 26499 decisions, 77 positives
admitted file 59 date 2015-05-28: 26499 decisions, 494 positives
admitted file 60 date 2015-05-29: 26499 decisions, 242 positives
admitted file 61 date 2015-05-30: 26499 decisions, 153 positives
admitted file 62 date 2015-05-31: 26500 decisions, 449 positives
admitted file 63 date 2015-06-01: 26500 decisions, 503 positives
admitted file 64 date 2015-06-04: 26501 decisions, 76 positives
admitted file 65 date 2015-06-05: 26499 decisions, 77 positives
admitted file 66 date 2015-06-08: 26499 decisions, 396 positives
admitted file 67 date 2015-06-09: 13113 decisions, 1446 positives
admitted file 68 date 2015-06-10: 26499 decisions, 1628 positives
admitted file 69 date 2015-06-11: 26499 decisions, 3879 positives
admitted file 70 date 2015-06-12: 26500 decisions, 154 positives
admitted file 71 date 2015-06-13: 26500 decisions, 1015 positives
admitted file 72 date 2015-06-14: 26500 decisions, 93 positives
admitted file 73 date 2015-06-15: 26498 decisions, 3291 positives
admitted file 74 date 2015-06-17: 26499 decisions, 109 positives
admitted file 75 date 2015-06-18: 26487 decisions, 77 positives
admitted file 76 date 2015-06-21: 26347 decisions, 76 positives
admitted file 77 date 2015-06-22: 26348 decisions, 152 positives
admitted file 78 date 2015-06-23: 26346 decisions, 380 positives
admitted file 79 date 2015-06-24: 26346 decisions, 888 positives
admitted file 80 date 2015-06-25: 26347 decisions, 3117 positives
admitted file 81 date 2015-06-26: 26346 decisions, 460 positives
admitted file 82 date 2015-06-30: 26348 decisions, 152 positives
admitted file 83 date 2015-07-01: 26348 decisions, 1780 positives
admitted file 84 date 2015-07-03: 26347 decisions, 208 positives
admitted file 85 date 2015-07-04: 26347 decisions, 84 positives
admitted file 86 date 2015-07-05: 26346 decisions, 1100 positives
admitted file 87 date 2015-07-06: 26347 decisions, 572 positives
admitted file 88 date 2015-07-07: 26346 decisions, 184 positives
admitted file 89 date 2015-07-09: 26347 decisions, 586 positives
admitted file 90 date 2015-07-10: 26349 decisions, 152 positives
admitted file 91 date 2015-07-12: 4185 decisions, 1698 positives
admitted file 92 date 2015-07-13: 26347 decisions, 92 positives
admitted file 93 date 2015-07-15: 26346 decisions, 3137 positives
admitted file 94 date 2015-07-22: 26345 decisions, 344 positives
admitted file 95 date 2015-07-23: 26348 decisions, 550 positives
admitted file 96 date 2015-07-26: 26346 decisions, 837 positives
admitted file 97 date 2015-07-29: 26348 decisions, 196 positives
admitted file 98 date 2015-07-30: 26347 decisions, 304 positives
admitted file 99 date 2015-07-31: 26348 decisions, 2265 positives
admitted file 100 date 2015-08-01: 26349 decisions, 1839 positives
admitted file 101 date 2015-08-02: 25316 decisions, 149 positives
admitted file 102 date 2015-08-06: 26351 decisions, 902 positives
admitted file 103 date 2015-08-08: 25317 decisions, 1191 positives
admitted file 104 date 2015-08-09: 26348 decisions, 944 positives
admitted file 105 date 2015-08-10: 26348 decisions, 626 positives
admitted file 106 date 2015-08-15: 26348 decisions, 1811 positives
admitted file 107 date 2015-08-16: 26347 decisions, 1221 positives
admitted file 108 date 2015-08-26: 26348 decisions, 152 positives
admitted file 109 date 2015-08-27: 26346 decisions, 1120 positives
admitted file 110 date 2015-08-28: 26348 decisions, 372 positives
admitted file 111 date 2015-09-02: 26346 decisions, 116 positives
admitted file 112 date 2015-09-07: 26347 decisions, 756 positives
admitted file 113 date 2015-09-09: 26346 decisions, 456 positives
admitted file 114 date 2016-07-06: 26345 decisions, 100 positives
admitted file 115 date 2016-07-07: 26344 decisions, 365 positives
admitted file 116 date 2016-07-08: 26346 decisions, 93 positives
admitted file 117 date 2016-07-09: 26344 decisions, 1218 positives
admitted file 118 date 2016-07-24: 26343 decisions, 417 positives
admitted file 119 date 2016-07-25: 26343 decisions, 76 positives
admitted file 120 date 2016-07-28: 26343 decisions, 76 positives
admitted file 121 date 2016-07-29: 26343 decisions, 320 positives
admitted file 122 date 2016-08-02: 26344 decisions, 76 positives
admitted file 123 date 2016-08-07: 25530 decisions, 228 positives
admitted file 124 date 2016-08-08: 26370 decisions, 1257 positives
admitted file 125 date 2016-08-16: 26365 decisions, 76 positives
admitted file 126 date 2016-08-21: 26366 decisions, 470 positives
admitted file 127 date 2016-08-22: 26366 decisions, 152 positives
admitted file 128 date 2016-08-23: 26367 decisions, 550 positives
admitted file 129 date 2016-08-24: 26358 decisions, 76 positives
admitted file 130 date 2016-08-25: 26333 decisions, 240 positives
admitted file 131 date 2016-08-26: 26334 decisions, 76 positives
admitted file 132 date 2016-08-30: 26332 decisions, 1092 positives
admitted file 133 date 2016-08-31: 26333 decisions, 627 positives
admitted file 134 date 2016-09-01: 26332 decisions, 468 positives
admitted file 135 date 2016-09-02: 12456 decisions, 0 positives
admitted file 136 date 2016-09-03: 26332 decisions, 1532 positives
admitted file 137 date 2016-09-04: 24449 decisions, 516 positives
admitted file 138 date 2016-09-05: 14454 decisions, 2270 positives
admitted file 139 date 2016-09-06: 26333 decisions, 352 positives
admitted file 140 date 2016-09-07: 26332 decisions, 1104 positives
admitted file 141 date 2016-09-11: 26334 decisions, 201 positives
admitted file 142 date 2016-09-13: 25301 decisions, 305 positives
admitted file 143 date 2016-09-14: 25402 decisions, 920 positives
admitted file 144 date 2016-09-15: 26333 decisions, 230 positives
admitted file 145 date 2016-09-17: 26334 decisions, 228 positives
admitted file 146 date 2016-09-20: 26334 decisions, 598 positives
admitted file 147 date 2016-09-21: 26333 decisions, 1262 positives
admitted file 148 date 2016-09-25: 26333 decisions, 466 positives
admitted file 149 date 2016-09-26: 26332 decisions, 1168 positives
admitted file 150 date 2016-09-27: 26332 decisions, 250 positives
admitted file 151 date 2016-09-28: 26332 decisions, 3645 positives
admitted file 152 date 2016-09-29: 26332 decisions, 2361 positives
admitted file 153 date 2016-09-30: 9253 decisions, 212 positives
admitted file 154 date 2016-10-01: 24466 decisions, 0 positives
admitted file 155 date 2016-10-04: 26332 decisions, 1845 positives
admitted file 156 date 2016-10-05: 26332 decisions, 2098 positives
admitted file 157 date 2016-10-06: 24786 decisions, 1027 positives
admitted file 158 date 2016-10-07: 26332 decisions, 509 positives
admitted file 159 date 2016-10-12: 26331 decisions, 153 positives
admitted file 160 date 2016-10-13: 26331 decisions, 153 positives
admitted file 161 date 2016-10-16: 26333 decisions, 2116 positives
admitted file 162 date 2016-10-17: 26332 decisions, 161 positives
admitted file 163 date 2016-10-22: 24461 decisions, 917 positives
admitted file 164 date 2016-10-24: 26331 decisions, 732 positives
admitted file 165 date 2016-10-25: 22094 decisions, 1924 positives
evaluate width 64 baseline year 2015
evaluate width 64 baseline year 2016
evaluate width 64 canonical year 2015
evaluate width 64 canonical year 2016
evaluate width 64 scramble-1000 year 2015
evaluate width 64 scramble-1000 year 2016
evaluate width 64 scramble-1001 year 2015
evaluate width 64 scramble-1001 year 2016
evaluate width 64 scramble-1002 year 2015
evaluate width 64 scramble-1002 year 2016
evaluate width 64 scramble-1003 year 2015
evaluate width 64 scramble-1003 year 2016
evaluate width 64 scramble-1004 year 2015
evaluate width 64 scramble-1004 year 2016
evaluate width 64 scramble-1005 year 2015
evaluate width 64 scramble-1005 year 2016
evaluate width 64 scramble-1006 year 2015
evaluate width 64 scramble-1006 year 2016
evaluate width 64 scramble-1007 year 2015
evaluate width 64 scramble-1007 year 2016
evaluate width 64 scramble-1008 year 2015
evaluate width 64 scramble-1008 year 2016
evaluate width 64 scramble-1009 year 2015
evaluate width 64 scramble-1009 year 2016
evaluate width 64 scramble-1010 year 2015
evaluate width 64 scramble-1010 year 2016
evaluate width 64 scramble-1011 year 2015
evaluate width 64 scramble-1011 year 2016
evaluate width 64 scramble-1012 year 2015
evaluate width 64 scramble-1012 year 2016
evaluate width 64 scramble-1013 year 2015
evaluate width 64 scramble-1013 year 2016
evaluate width 64 scramble-1014 year 2015
evaluate width 64 scramble-1014 year 2016
evaluate width 64 scramble-1015 year 2015
evaluate width 64 scramble-1015 year 2016
evaluate width 64 scramble-1016 year 2015
evaluate width 64 scramble-1016 year 2016
evaluate width 64 scramble-1017 year 2015
evaluate width 64 scramble-1017 year 2016
evaluate width 64 scramble-1018 year 2015
evaluate width 64 scramble-1018 year 2016
evaluate width 256 baseline year 2015
evaluate width 256 baseline year 2016
evaluate width 256 canonical year 2015
evaluate width 256 canonical year 2016
evaluate width 256 scramble-1000 year 2015
evaluate width 256 scramble-1000 year 2016
evaluate width 256 scramble-1001 year 2015
evaluate width 256 scramble-1001 year 2016
evaluate width 256 scramble-1002 year 2015
evaluate width 256 scramble-1002 year 2016
evaluate width 256 scramble-1003 year 2015
evaluate width 256 scramble-1003 year 2016
evaluate width 256 scramble-1004 year 2015
evaluate width 256 scramble-1004 year 2016
evaluate width 256 scramble-1005 year 2015
evaluate width 256 scramble-1005 year 2016
evaluate width 256 scramble-1006 year 2015
evaluate width 256 scramble-1006 year 2016
evaluate width 256 scramble-1007 year 2015
evaluate width 256 scramble-1007 year 2016
evaluate width 256 scramble-1008 year 2015
evaluate width 256 scramble-1008 year 2016
evaluate width 256 scramble-1009 year 2015
evaluate width 256 scramble-1009 year 2016
evaluate width 256 scramble-1010 year 2015
evaluate width 256 scramble-1010 year 2016
evaluate width 256 scramble-1011 year 2015
evaluate width 256 scramble-1011 year 2016
evaluate width 256 scramble-1012 year 2015
evaluate width 256 scramble-1012 year 2016
evaluate width 256 scramble-1013 year 2015
evaluate width 256 scramble-1013 year 2016
evaluate width 256 scramble-1014 year 2015
evaluate width 256 scramble-1014 year 2016
evaluate width 256 scramble-1015 year 2015
evaluate width 256 scramble-1015 year 2016
evaluate width 256 scramble-1016 year 2015
evaluate width 256 scramble-1016 year 2016
evaluate width 256 scramble-1017 year 2015
evaluate width 256 scramble-1017 year 2016
evaluate width 256 scramble-1018 year 2015
evaluate width 256 scramble-1018 year 2016
evaluate width 1024 baseline year 2015
evaluate width 1024 baseline year 2016
evaluate width 1024 canonical year 2015
evaluate width 1024 canonical year 2016
evaluate width 1024 scramble-1000 year 2015
evaluate width 1024 scramble-1000 year 2016
evaluate width 1024 scramble-1001 year 2015
evaluate width 1024 scramble-1001 year 2016
evaluate width 1024 scramble-1002 year 2015
evaluate width 1024 scramble-1002 year 2016
evaluate width 1024 scramble-1003 year 2015
evaluate width 1024 scramble-1003 year 2016
evaluate width 1024 scramble-1004 year 2015
evaluate width 1024 scramble-1004 year 2016
evaluate width 1024 scramble-1005 year 2015
evaluate width 1024 scramble-1005 year 2016
evaluate width 1024 scramble-1006 year 2015
evaluate width 1024 scramble-1006 year 2016
evaluate width 1024 scramble-1007 year 2015
evaluate width 1024 scramble-1007 year 2016
evaluate width 1024 scramble-1008 year 2015
evaluate width 1024 scramble-1008 year 2016
evaluate width 1024 scramble-1009 year 2015
evaluate width 1024 scramble-1009 year 2016
evaluate width 1024 scramble-1010 year 2015
evaluate width 1024 scramble-1010 year 2016
evaluate width 1024 scramble-1011 year 2015
evaluate width 1024 scramble-1011 year 2016
evaluate width 1024 scramble-1012 year 2015
evaluate width 1024 scramble-1012 year 2016
evaluate width 1024 scramble-1013 year 2015
evaluate width 1024 scramble-1013 year 2016
evaluate width 1024 scramble-1014 year 2015
evaluate width 1024 scramble-1014 year 2016
evaluate width 1024 scramble-1015 year 2015
evaluate width 1024 scramble-1015 year 2016
evaluate width 1024 scramble-1016 year 2015
evaluate width 1024 scramble-1016 year 2016
evaluate width 1024 scramble-1017 year 2015
evaluate width 1024 scramble-1017 year 2016
evaluate width 1024 scramble-1018 year 2015
evaluate width 1024 scramble-1018 year 2016
exit=0
