=== Euclid D_f Sweep ===
Grid: 16^3, steps: 24, tau: 0.80, max: 100
Backend: CPU, collision: MRT, M/L: morphological, Smagorinsky: off
Softening: eps=0.50*dx, floor=0.0450
catalog_rows=399562 rejected_rows=16254 admitted_entries=383308 selected_object=-670764856480109543 backend=CPU_FP64 observation=post_step_population_moments df_oracle=host_box_counting observation_interval=1 mass_budget=0.00001 mach_budget=0.3 readback_and_initialization_overhead=included
trial_input condition=C0-uniform-zero trial=0 seed=None rho_f64le_sha256=9ad28ff0dbb91703f930756f2c9d0f2a9f7655d6e0efeb120b4c23f9321bdaa7 force_xyz_f64le_sha256=3a3ed164e42500a1c5b2d0093f0a813d27dc50d038f330cc100a7e70ece2e6e4
trial_input condition=C1-uniform-fzd trial=0 seed=None rho_f64le_sha256=9ad28ff0dbb91703f930756f2c9d0f2a9f7655d6e0efeb120b4c23f9321bdaa7 force_xyz_f64le_sha256=2050ed246e70e02a6aadafedc5f70147ba7ee980d937435c9dc16931f6557166
trial_input condition=C2-noise-zero trial=0 seed=Some(42) rho_f64le_sha256=e7bcd56f5dfb14c53e1468c8f4fa51f6ab203c46418943ef28870390a7eb9edd force_xyz_f64le_sha256=3a3ed164e42500a1c5b2d0093f0a813d27dc50d038f330cc100a7e70ece2e6e4
trial_input condition=C3-noise-fzd trial=0 seed=Some(42) rho_f64le_sha256=e7bcd56f5dfb14c53e1468c8f4fa51f6ab203c46418943ef28870390a7eb9edd force_xyz_f64le_sha256=2050ed246e70e02a6aadafedc5f70147ba7ee980d937435c9dc16931f6557166
trial_input condition=C2-noise-zero trial=1 seed=Some(43) rho_f64le_sha256=65585b83e98950a7487a0800747762be7b4f2b14878e57da6b5318e7ae8a271d force_xyz_f64le_sha256=3a3ed164e42500a1c5b2d0093f0a813d27dc50d038f330cc100a7e70ece2e6e4
trial_input condition=C3-noise-fzd trial=1 seed=Some(43) rho_f64le_sha256=65585b83e98950a7487a0800747762be7b4f2b14878e57da6b5318e7ae8a271d force_xyz_f64le_sha256=2050ed246e70e02a6aadafedc5f70147ba7ee980d937435c9dc16931f6557166
trial_input condition=C2-noise-zero trial=2 seed=Some(44) rho_f64le_sha256=e47f88e9ff1a7964547ecaf177e49b24e4875b005081a6211570269d8e9788e0 force_xyz_f64le_sha256=3a3ed164e42500a1c5b2d0093f0a813d27dc50d038f330cc100a7e70ece2e6e4
trial_input condition=C3-noise-fzd trial=2 seed=Some(44) rho_f64le_sha256=e47f88e9ff1a7964547ecaf177e49b24e4875b005081a6211570269d8e9788e0 force_xyz_f64le_sha256=2050ed246e70e02a6aadafedc5f70147ba7ee980d937435c9dc16931f6557166
trial_input condition=C2-noise-zero trial=3 seed=Some(45) rho_f64le_sha256=9c9ab67cd00368c11d2bf978acb0c27c612857d98fdc982c006398dd169d0015 force_xyz_f64le_sha256=3a3ed164e42500a1c5b2d0093f0a813d27dc50d038f330cc100a7e70ece2e6e4
trial_input condition=C3-noise-fzd trial=3 seed=Some(45) rho_f64le_sha256=9c9ab67cd00368c11d2bf978acb0c27c612857d98fdc982c006398dd169d0015 force_xyz_f64le_sha256=2050ed246e70e02a6aadafedc5f70147ba7ee980d937435c9dc16931f6557166
trial_input condition=C2-noise-zero trial=4 seed=Some(46) rho_f64le_sha256=da820f4bbf567a63dc11ab90908bc5b87884e91ab6f8bdedc5161e5034880152 force_xyz_f64le_sha256=3a3ed164e42500a1c5b2d0093f0a813d27dc50d038f330cc100a7e70ece2e6e4
trial_input condition=C3-noise-fzd trial=4 seed=Some(46) rho_f64le_sha256=da820f4bbf567a63dc11ab90908bc5b87884e91ab6f8bdedc5161e5034880152 force_xyz_f64le_sha256=2050ed246e70e02a6aadafedc5f70147ba7ee980d937435c9dc16931f6557166
trial_input condition=C2-noise-zero trial=5 seed=Some(47) rho_f64le_sha256=e07164d0e30e95509069071e61333df90cbbb8e49efdaf3cc3910487e1d00e3f force_xyz_f64le_sha256=3a3ed164e42500a1c5b2d0093f0a813d27dc50d038f330cc100a7e70ece2e6e4
trial_input condition=C3-noise-fzd trial=5 seed=Some(47) rho_f64le_sha256=e07164d0e30e95509069071e61333df90cbbb8e49efdaf3cc3910487e1d00e3f force_xyz_f64le_sha256=2050ed246e70e02a6aadafedc5f70147ba7ee980d937435c9dc16931f6557166
trial_input condition=C2-noise-zero trial=6 seed=Some(48) rho_f64le_sha256=af69cc243f09cdb13f8142c3c8aa3c2d67f92cdab2dd80d8006f034328604693 force_xyz_f64le_sha256=3a3ed164e42500a1c5b2d0093f0a813d27dc50d038f330cc100a7e70ece2e6e4
trial_input condition=C3-noise-fzd trial=6 seed=Some(48) rho_f64le_sha256=af69cc243f09cdb13f8142c3c8aa3c2d67f92cdab2dd80d8006f034328604693 force_xyz_f64le_sha256=2050ed246e70e02a6aadafedc5f70147ba7ee980d937435c9dc16931f6557166
trial_input condition=C2-noise-zero trial=7 seed=Some(49) rho_f64le_sha256=a68dbe9c273b5482d021d82d11df85126add7c6b7aae2aca5a6f1a86730dafaf force_xyz_f64le_sha256=3a3ed164e42500a1c5b2d0093f0a813d27dc50d038f330cc100a7e70ece2e6e4
trial_input condition=C3-noise-fzd trial=7 seed=Some(49) rho_f64le_sha256=a68dbe9c273b5482d021d82d11df85126add7c6b7aae2aca5a6f1a86730dafaf force_xyz_f64le_sha256=2050ed246e70e02a6aadafedc5f70147ba7ee980d937435c9dc16931f6557166
trial_input condition=C2-noise-zero trial=8 seed=Some(50) rho_f64le_sha256=86339ca02c65a16ffbd1e68df0dedef9b283f27c2b579c76c374e5209d0c0e8a force_xyz_f64le_sha256=3a3ed164e42500a1c5b2d0093f0a813d27dc50d038f330cc100a7e70ece2e6e4
trial_input condition=C3-noise-fzd trial=8 seed=Some(50) rho_f64le_sha256=86339ca02c65a16ffbd1e68df0dedef9b283f27c2b579c76c374e5209d0c0e8a force_xyz_f64le_sha256=2050ed246e70e02a6aadafedc5f70147ba7ee980d937435c9dc16931f6557166
trial_input condition=C2-noise-zero trial=9 seed=Some(51) rho_f64le_sha256=a7a8d48af23a42623858cb8785351879ece6d6e09940618c0a27619d75f80015 force_xyz_f64le_sha256=3a3ed164e42500a1c5b2d0093f0a813d27dc50d038f330cc100a7e70ece2e6e4
trial_input condition=C3-noise-fzd trial=9 seed=Some(51) rho_f64le_sha256=a7a8d48af23a42623858cb8785351879ece6d6e09940618c0a27619d75f80015 force_xyz_f64le_sha256=2050ed246e70e02a6aadafedc5f70147ba7ee980d937435c9dc16931f6557166
trial_input condition=C4-sersic-zero trial=0 seed=None rho_f64le_sha256=7329cbca527f5cd5ef62abf6daba1ddf8a166fcbf45fc286e288e8347b859492 force_xyz_f64le_sha256=3a3ed164e42500a1c5b2d0093f0a813d27dc50d038f330cc100a7e70ece2e6e4
trial_input condition=C5-sersic-fzd trial=0 seed=None rho_f64le_sha256=7329cbca527f5cd5ef62abf6daba1ddf8a166fcbf45fc286e288e8347b859492 force_xyz_f64le_sha256=2b9a0fd30a1d5768faaa4a6c985686069895a9d3d24f6d2e72190bf99b896cf7
trial_input condition=C6-sersic-nfw trial=0 seed=None rho_f64le_sha256=7329cbca527f5cd5ef62abf6daba1ddf8a166fcbf45fc286e288e8347b859492 force_xyz_f64le_sha256=21ddea8efececbd3dbb59f1d81c84a54c76fabd2f9bd6b5dc3dc9f254e2eeb73
condition,trial,seed,df_initial,df_final,elapsed_ms,observed_step,attempted_step,mass_error,max_mach,minimum_population,minimum_density,finite_state,positive_density,nonnegative_population,mass_within_budget,mach_within_budget,failure
C0-uniform-zero,0,,3.00000000000000000,3.00000000000000000,38,24,24,0.00000000000000000,0.00000000000000000,0.02777777777777778,1.00000000000000022,true,true,true,true,true,""
C1-uniform-fzd,0,,3.00000000000000000,2.20768155970508273,36,24,24,0.00000000000000622,0.00001527706839116,0.02777655505337758,0.99995761502306946,true,true,true,true,true,""
C2-noise-zero,0,42,2.69625369363930423,2.60724545196656310,36,24,24,0.00000000000000122,0.25880670668457412,0.01198399124219435,0.50027079282605680,true,true,true,true,true,""
C3-noise-fzd,0,42,2.69625369363930423,2.60679671286733150,39,24,24,0.00000000000000233,0.25880607525317567,0.01198418769111005,0.50027079282605680,true,true,true,true,true,""
C2-noise-zero,1,43,2.70335832570204948,2.66289631261627324,37,24,24,0.00000000000000189,0.24963364432136068,0.01022207734134462,0.50028199259948014,true,true,true,true,true,""
C3-noise-fzd,1,43,2.70335832570204948,2.66330753213629867,36,24,24,0.00000000000000067,0.24963106420502490,0.01022206671417470,0.50028199259948014,true,true,true,true,true,""
C2-noise-zero,2,44,2.68945323349238530,2.59755495916275470,36,24,24,0.00000000000000333,0.25059082104178004,0.01074851427156130,0.50042192883522318,true,true,true,true,true,""
C3-noise-fzd,2,44,2.68945323349238530,2.59779037309962435,39,24,24,0.00000000000000133,0.25059458822434511,0.01074854606899391,0.50042192883522318,true,true,true,true,true,""
C2-noise-zero,3,45,2.70746744859336763,2.65131727449066013,36,24,24,0.00000000000000067,0.24137254634626285,0.01105091004099998,0.50009803205349934,true,true,true,true,true,""
C3-noise-fzd,3,45,2.70746744859336763,2.65067655118746304,35,24,24,0.00000000000000211,0.24137387156880694,0.01105079451153416,0.50009803205349934,true,true,true,true,true,""
C2-noise-zero,4,46,2.70703293422516600,2.67650438115839195,36,24,24,0.00000000000000400,0.26898245586118946,0.01115219905121297,0.50019113576086693,true,true,true,true,true,""
C3-noise-fzd,4,46,2.70703293422516600,2.67650438115839195,39,24,24,0.00000000000000155,0.26898128094077423,0.01115220213653228,0.50019113576086693,true,true,true,true,true,""
C2-noise-zero,5,47,2.71077608209567522,2.69875730583074480,41,24,24,0.00000000000000333,0.22947194148276281,0.01026502178092471,0.50076423809761594,true,true,true,true,true,""
C3-noise-fzd,5,47,2.71077608209567522,2.69934423481812846,40,24,24,0.00000000000000044,0.22947100519511010,0.01026493067985121,0.50076423809761594,true,true,true,true,true,""
C2-noise-zero,6,48,2.68960322133668139,2.66658222376065268,39,24,24,0.00000000000000022,0.25367567581612555,0.01129354382677938,0.50044424001587740,true,true,true,true,true,""
C3-noise-fzd,6,48,2.68960322133668139,2.66658222376065268,37,24,24,0.00000000000000389,0.25367545494912247,0.01129318751218114,0.50044424001587740,true,true,true,true,true,""
C2-noise-zero,7,49,2.68975222256613122,2.63013932658399741,36,24,24,0.00000000000000022,0.24726339630452832,0.01178443809811803,0.50018372624261642,true,true,true,true,true,""
C3-noise-fzd,7,49,2.68975222256613122,2.62947261244096531,36,24,24,0.00000000000000044,0.24726649064778186,0.01178426707902676,0.50018372624261642,true,true,true,true,true,""
C2-noise-zero,8,50,2.69589965783446450,2.71589522582538390,39,24,24,0.00000000000000067,0.26746997168190501,0.01151903786738468,0.50007920965001351,true,true,true,true,true,""
C3-noise-fzd,8,50,2.69589965783446450,2.71570911164824480,36,24,24,0.00000000000000078,0.26747028841722104,0.01151901835114664,0.50007920965001351,true,true,true,true,true,""
C2-noise-zero,9,51,2.68975222256613122,2.60260095289119775,37,24,24,0.00000000000000022,0.25154421037468849,0.01116848294666329,0.50002114335347758,true,true,true,true,true,""
C3-noise-fzd,9,51,2.68975222256613122,2.60260095289119775,37,24,24,0.00000000000000044,0.25154779824511525,0.01116832333882106,0.50002114335347758,true,true,true,true,true,""
C4-sersic-zero,0,,1.81952039728925108,NaN,11,1,1,0.00000000000000833,0.31266925213832153,0.00210892458670139,0.07592128512125015,true,true,true,true,false,"raw population-moment Mach budget exceeded"
C5-sersic-fzd,0,,1.81952039728925108,NaN,10,1,1,0.00000000000000533,0.31253325778433483,0.00210236450583003,0.07592128512125015,true,true,true,true,false,"raw population-moment Mach budget exceeded"
C6-sersic-nfw,0,,1.81952039728925108,NaN,11,1,1,0.00000000000000044,0.31253430491910100,0.00210231302617375,0.07592128512125015,true,true,true,true,false,"raw population-moment Mach budget exceeded"
null_control_failed: trial failed or incomplete: C4-sersic-zero[0] Some("raw population-moment Mach budget exceeded")
exit=0
