=== Euclid D_f Sweep ===
Grid: 16^3, steps: 24, tau: 0.80, max: 100
Backend: CUDA, collision: MRT, M/L: morphological, Smagorinsky: off
Softening: eps=0.50*dx, floor=0.0450
catalog_rows=399562 rejected_rows=16254 admitted_entries=383308 selected_object=-670764856480109543 backend=CUDA_FP32 observation=post_step_population_moments df_oracle=host_box_counting observation_interval=1 mass_budget=0.00001 mach_budget=0.3 readback_and_initialization_overhead=included
trial_input condition=C0-uniform-zero trial=0 seed=None rho_f64le_sha256=9ad28ff0dbb91703f930756f2c9d0f2a9f7655d6e0efeb120b4c23f9321bdaa7 force_xyz_f64le_sha256=3a3ed164e42500a1c5b2d0093f0a813d27dc50d038f330cc100a7e70ece2e6e4
trial_input condition=C1-uniform-fzd trial=0 seed=None rho_f64le_sha256=9ad28ff0dbb91703f930756f2c9d0f2a9f7655d6e0efeb120b4c23f9321bdaa7 force_xyz_f64le_sha256=2050ed246e70e02a6aadafedc5f70147ba7ee980d937435c9dc16931f6557166
trial_input condition=C2-noise-zero trial=0 seed=Some(42) rho_f64le_sha256=e7bcd56f5dfb14c53e1468c8f4fa51f6ab203c46418943ef28870390a7eb9edd force_xyz_f64le_sha256=3a3ed164e42500a1c5b2d0093f0a813d27dc50d038f330cc100a7e70ece2e6e4
trial_input condition=C3-noise-fzd trial=0 seed=Some(42) rho_f64le_sha256=e7bcd56f5dfb14c53e1468c8f4fa51f6ab203c46418943ef28870390a7eb9edd force_xyz_f64le_sha256=2050ed246e70e02a6aadafedc5f70147ba7ee980d937435c9dc16931f6557166
trial_input condition=C2-noise-zero trial=1 seed=Some(43) rho_f64le_sha256=65585b83e98950a7487a0800747762be7b4f2b14878e57da6b5318e7ae8a271d force_xyz_f64le_sha256=3a3ed164e42500a1c5b2d0093f0a813d27dc50d038f330cc100a7e70ece2e6e4
trial_input condition=C3-noise-fzd trial=1 seed=Some(43) rho_f64le_sha256=65585b83e98950a7487a0800747762be7b4f2b14878e57da6b5318e7ae8a271d force_xyz_f64le_sha256=2050ed246e70e02a6aadafedc5f70147ba7ee980d937435c9dc16931f6557166
trial_input condition=C2-noise-zero trial=2 seed=Some(44) rho_f64le_sha256=e47f88e9ff1a7964547ecaf177e49b24e4875b005081a6211570269d8e9788e0 force_xyz_f64le_sha256=3a3ed164e42500a1c5b2d0093f0a813d27dc50d038f330cc100a7e70ece2e6e4
trial_input condition=C3-noise-fzd trial=2 seed=Some(44) rho_f64le_sha256=e47f88e9ff1a7964547ecaf177e49b24e4875b005081a6211570269d8e9788e0 force_xyz_f64le_sha256=2050ed246e70e02a6aadafedc5f70147ba7ee980d937435c9dc16931f6557166
trial_input condition=C2-noise-zero trial=3 seed=Some(45) rho_f64le_sha256=9c9ab67cd00368c11d2bf978acb0c27c612857d98fdc982c006398dd169d0015 force_xyz_f64le_sha256=3a3ed164e42500a1c5b2d0093f0a813d27dc50d038f330cc100a7e70ece2e6e4
trial_input condition=C3-noise-fzd trial=3 seed=Some(45) rho_f64le_sha256=9c9ab67cd00368c11d2bf978acb0c27c612857d98fdc982c006398dd169d0015 force_xyz_f64le_sha256=2050ed246e70e02a6aadafedc5f70147ba7ee980d937435c9dc16931f6557166
trial_input condition=C2-noise-zero trial=4 seed=Some(46) rho_f64le_sha256=da820f4bbf567a63dc11ab90908bc5b87884e91ab6f8bdedc5161e5034880152 force_xyz_f64le_sha256=3a3ed164e42500a1c5b2d0093f0a813d27dc50d038f330cc100a7e70ece2e6e4
trial_input condition=C3-noise-fzd trial=4 seed=Some(46) rho_f64le_sha256=da820f4bbf567a63dc11ab90908bc5b87884e91ab6f8bdedc5161e5034880152 force_xyz_f64le_sha256=2050ed246e70e02a6aadafedc5f70147ba7ee980d937435c9dc16931f6557166
trial_input condition=C2-noise-zero trial=5 seed=Some(47) rho_f64le_sha256=e07164d0e30e95509069071e61333df90cbbb8e49efdaf3cc3910487e1d00e3f force_xyz_f64le_sha256=3a3ed164e42500a1c5b2d0093f0a813d27dc50d038f330cc100a7e70ece2e6e4
trial_input condition=C3-noise-fzd trial=5 seed=Some(47) rho_f64le_sha256=e07164d0e30e95509069071e61333df90cbbb8e49efdaf3cc3910487e1d00e3f force_xyz_f64le_sha256=2050ed246e70e02a6aadafedc5f70147ba7ee980d937435c9dc16931f6557166
trial_input condition=C2-noise-zero trial=6 seed=Some(48) rho_f64le_sha256=af69cc243f09cdb13f8142c3c8aa3c2d67f92cdab2dd80d8006f034328604693 force_xyz_f64le_sha256=3a3ed164e42500a1c5b2d0093f0a813d27dc50d038f330cc100a7e70ece2e6e4
trial_input condition=C3-noise-fzd trial=6 seed=Some(48) rho_f64le_sha256=af69cc243f09cdb13f8142c3c8aa3c2d67f92cdab2dd80d8006f034328604693 force_xyz_f64le_sha256=2050ed246e70e02a6aadafedc5f70147ba7ee980d937435c9dc16931f6557166
trial_input condition=C2-noise-zero trial=7 seed=Some(49) rho_f64le_sha256=a68dbe9c273b5482d021d82d11df85126add7c6b7aae2aca5a6f1a86730dafaf force_xyz_f64le_sha256=3a3ed164e42500a1c5b2d0093f0a813d27dc50d038f330cc100a7e70ece2e6e4
trial_input condition=C3-noise-fzd trial=7 seed=Some(49) rho_f64le_sha256=a68dbe9c273b5482d021d82d11df85126add7c6b7aae2aca5a6f1a86730dafaf force_xyz_f64le_sha256=2050ed246e70e02a6aadafedc5f70147ba7ee980d937435c9dc16931f6557166
trial_input condition=C2-noise-zero trial=8 seed=Some(50) rho_f64le_sha256=86339ca02c65a16ffbd1e68df0dedef9b283f27c2b579c76c374e5209d0c0e8a force_xyz_f64le_sha256=3a3ed164e42500a1c5b2d0093f0a813d27dc50d038f330cc100a7e70ece2e6e4
trial_input condition=C3-noise-fzd trial=8 seed=Some(50) rho_f64le_sha256=86339ca02c65a16ffbd1e68df0dedef9b283f27c2b579c76c374e5209d0c0e8a force_xyz_f64le_sha256=2050ed246e70e02a6aadafedc5f70147ba7ee980d937435c9dc16931f6557166
trial_input condition=C2-noise-zero trial=9 seed=Some(51) rho_f64le_sha256=a7a8d48af23a42623858cb8785351879ece6d6e09940618c0a27619d75f80015 force_xyz_f64le_sha256=3a3ed164e42500a1c5b2d0093f0a813d27dc50d038f330cc100a7e70ece2e6e4
trial_input condition=C3-noise-fzd trial=9 seed=Some(51) rho_f64le_sha256=a7a8d48af23a42623858cb8785351879ece6d6e09940618c0a27619d75f80015 force_xyz_f64le_sha256=2050ed246e70e02a6aadafedc5f70147ba7ee980d937435c9dc16931f6557166
trial_input condition=C4-sersic-zero trial=0 seed=None rho_f64le_sha256=7329cbca527f5cd5ef62abf6daba1ddf8a166fcbf45fc286e288e8347b859492 force_xyz_f64le_sha256=3a3ed164e42500a1c5b2d0093f0a813d27dc50d038f330cc100a7e70ece2e6e4
trial_input condition=C5-sersic-fzd trial=0 seed=None rho_f64le_sha256=7329cbca527f5cd5ef62abf6daba1ddf8a166fcbf45fc286e288e8347b859492 force_xyz_f64le_sha256=2b9a0fd30a1d5768faaa4a6c985686069895a9d3d24f6d2e72190bf99b896cf7
trial_input condition=C6-sersic-nfw trial=0 seed=None rho_f64le_sha256=7329cbca527f5cd5ef62abf6daba1ddf8a166fcbf45fc286e288e8347b859492 force_xyz_f64le_sha256=21ddea8efececbd3dbb59f1d81c84a54c76fabd2f9bd6b5dc3dc9f254e2eeb73
condition,trial,seed,df_initial,df_final,elapsed_ms,observed_step,attempted_step,mass_error,max_mach,minimum_population,minimum_density,finite_state,positive_density,nonnegative_population,mass_within_budget,mach_within_budget,failure
C0-uniform-zero,0,,3.00000000000000000,3.00000000000000000,285,24,24,0.00000001490116097,0.00000000000000000,0.02777777239680290,1.00000000000000000,true,true,true,true,true,""
C1-uniform-fzd,0,,3.00000000000000000,2.20768155970508273,221,24,24,0.00000016049125162,0.00001532009130721,0.02777654677629471,0.99995773658156395,true,true,true,true,true,""
C2-noise-zero,0,42,2.69625369363930423,2.60724545196656310,212,24,24,0.00000017947075270,0.25880668955445679,0.01198399811983109,0.50027077645063400,true,true,true,true,true,""
C3-noise-fzd,0,42,2.69625369363930423,2.60679671286733150,214,24,24,0.00000017576799993,0.25880603356112936,0.01198419556021690,0.50027077645063400,true,true,true,true,true,""
C2-noise-zero,1,43,2.70335832570204948,2.66289631261627324,201,24,24,0.00000017681963405,0.24963359049705025,0.01022207736968994,0.50028200447559357,true,true,true,true,true,""
C3-noise-fzd,1,43,2.70335832570204948,2.66330753213629867,201,24,24,0.00000017899254390,0.24963100269960531,0.01022206898778677,0.50028200447559357,true,true,true,true,true,""
C2-noise-zero,2,44,2.68945323349238530,2.59755495916275470,207,24,24,0.00000017881903669,0.25059082765510288,0.01074852049350739,0.50042195618152618,true,true,true,true,true,""
C3-noise-fzd,2,44,2.68945323349238530,2.59779037309962435,203,24,24,0.00000018080650444,0.25059458268242762,0.01074854377657175,0.50042195618152618,true,true,true,true,true,""
C2-noise-zero,3,45,2.70746744859336763,2.65131727449066013,205,24,24,0.00000017595698321,0.24137249488307852,0.01105090416967869,0.50009804219007492,true,true,true,true,true,""
C3-noise-fzd,3,45,2.70746744859336763,2.65067655118746304,202,24,24,0.00000017846446743,0.24137381883087505,0.01105078868567944,0.50009804219007492,true,true,true,true,true,""
C2-noise-zero,4,46,2.70703293422516600,2.67650438115839195,199,24,24,0.00000017805952646,0.26898252668447831,0.01115220040082932,0.50019115209579468,true,true,true,true,true,""
C3-noise-fzd,4,46,2.70703293422516600,2.67650438115839195,207,24,24,0.00000016774684686,0.26898135895686798,0.01115219946950674,0.50019115209579468,true,true,true,true,true,""
C2-noise-zero,5,47,2.71077608209567522,2.69875730583074480,205,24,24,0.00000018001200908,0.22947194852620401,0.01026501692831516,0.50076426565647125,true,true,true,true,true,""
C3-noise-fzd,5,47,2.71077608209567522,2.69934423481812846,203,24,24,0.00000018238949528,0.22947102034436337,0.01026493404060602,0.50076426565647125,true,true,true,true,true,""
C2-noise-zero,6,48,2.68960322133668139,2.66658222376065268,202,24,24,0.00000018090085163,0.25367576841325057,0.01129354909062386,0.50044424086809158,true,true,true,true,true,""
C3-noise-fzd,6,48,2.68960322133668139,2.66678758960662421,202,24,24,0.00000018214298603,0.25367555745636194,0.01129318680614233,0.50044424086809158,true,true,true,true,true,""
C2-noise-zero,7,49,2.68975222256613122,2.63013932658399741,206,24,24,0.00000018400234469,0.24726341627221077,0.01178443804383278,0.50018370151519775,true,true,true,true,true,""
C3-noise-fzd,7,49,2.68975222256613122,2.62947261244096531,200,24,24,0.00000018578880634,0.24726652537396104,0.01178426574915648,0.50018370151519775,true,true,true,true,true,""
C2-noise-zero,8,50,2.69589965783446450,2.71589522582538390,201,24,24,0.00000016994134944,0.26746992795217273,0.01151903718709946,0.50007922947406769,true,true,true,true,true,""
C3-noise-fzd,8,50,2.69589965783446450,2.71570911164824480,200,24,24,0.00000017808509334,0.26747022610604509,0.01151902042329311,0.50007922947406769,true,true,true,true,true,""
C2-noise-zero,9,51,2.68975222256613122,2.60260095289119775,198,24,24,0.00000017322114854,0.25154430175273779,0.01116847619414330,0.50002115964889526,true,true,true,true,true,""
C3-noise-fzd,9,51,2.68975222256613122,2.60260095289119775,202,24,24,0.00000017166282373,0.25154787748712326,0.01116832531988621,0.50002115964889526,true,true,true,true,true,""
C4-sersic-zero,0,,1.81952039728925108,NaN,187,1,1,0.00000000935044819,0.31266918312176134,0.00210892455652356,0.07592128403484821,true,true,true,true,false,"raw population-moment Mach budget exceeded"
C5-sersic-fzd,0,,1.81952039728925108,NaN,193,1,1,0.00000000489636443,0.31253319340740210,0.00210236478596926,0.07592128403484821,true,true,true,true,false,"raw population-moment Mach budget exceeded"
C6-sersic-nfw,0,,1.81952039728925108,NaN,193,1,1,0.00000000520475352,0.31253424954887576,0.00210231309756637,0.07592128403484821,true,true,true,true,false,"raw population-moment Mach budget exceeded"
null_control_failed: trial failed or incomplete: C4-sersic-zero[0] Some("raw population-moment Mach budget exceeded")
exit=0
