   Compiling quantum_core v0.1.0 (/home/eirikr/worktrees/open_gororoba/claim-evidence-adjudication/crates/quantum_core)
    Finished `validation` profile [optimized + debuginfo] target(s) in 5.92s
     Running tests/magnonic_source_parameters.rs (/home/eirikr/Github/open_gororoba/.cache/gate-cbuild/8ee62ced707fec8e/validation/deps/magnonic_source_parameters-133708a74ff1c2af)

running 2 tests
test reference_and_source_parameters_remain_distinct ... ok
test source_table_ii_sublattice_difference_preserves_published_sign ... ok

test result: ok. 2 passed; 0 failed; 0 ignored; 0 measured; 0 filtered out; finished in 0.00s

     Running tests/magnonic_source_projection.rs (/home/eirikr/Github/open_gororoba/.cache/gate-cbuild/8ee62ced707fec8e/validation/deps/magnonic_source_projection-9f8f16028e5ec964)

running 5 tests
schema_version = 1
energy_unit = 'GHz'

[[comparison]]
parameters = 'table_i'
grid = 12
maximum_matrix_error_ghz = 5.7571915325881188e-16
maximum_rectangular_folding_error_ghz = 1.4210854715202004e-14

[[comparison]]
parameters = 'table_i'
grid = 24
maximum_matrix_error_ghz = 5.9787339602818165e-16
maximum_rectangular_folding_error_ghz = 1.5987211554602254e-14

[[comparison]]
parameters = 'table_i'
grid = 48
maximum_matrix_error_ghz = 5.9787339602818165e-16
maximum_rectangular_folding_error_ghz = 1.7763568394002505e-14

[[comparison]]
parameters = 'table_ii'
grid = 12
maximum_matrix_error_ghz = 3.9252311467094378e-16
maximum_rectangular_folding_error_ghz = 1.5543122344752192e-14

[[comparison]]
parameters = 'table_ii'
grid = 24
maximum_matrix_error_ghz = 3.9252311467094378e-16
maximum_rectangular_folding_error_ghz = 1.5543122344752192e-14

[[comparison]]
parameters = 'table_ii'
grid = 48
maximum_matrix_error_ghz = 3.9600359306669260e-16
maximum_rectangular_folding_error_ghz = 1.5543122344752192e-14

test source_geometry_and_rectangular_folding_conform ... ok
schema_version = 1
source = 'Kaman Supplemental V, Berry curvature calculations in inversion-broken crystals'
bands = [0, 1, 3, 4]
patch = 'Cartesian square centered at (+/-4*pi/3,0), half width 0.1*4*pi/3, lattice constant 1'
scope = 'Local finite-patch flux; individual-band admission applies to patch samples and does not imply global band isolation or quantization.'

[[valley]]
mass_scale = 0.2
mass_sign = 1
valley_sign = 1
grid = 12
embedded_orbital_gauge = true
flux = [0.2933749254395726, -0.2930078934520397, -0.08662369700627491, 0.08706882449247474]
minimum_sampled_patch_gap_ghz = 2.9862456848089414e-2
minimum_overlap = 9.8655639769677450e-1

[[valley]]
mass_scale = 0.2
mass_sign = 1
valley_sign = 1
grid = 12
embedded_orbital_gauge = false
flux = [0.2817749789466557, -0.2785186116626745, -0.08048883253097834, 0.08502877834188748]
minimum_sampled_patch_gap_ghz = 2.9862456848089414e-2
minimum_overlap = 9.8685216073132676e-1

[[valley]]
mass_scale = 0.2
mass_sign = 1
valley_sign = -1
grid = 12
embedded_orbital_gauge = true
flux = [-0.2933749254395729, 0.2930078934520396, 0.08662369700627538, -0.08706882449247526]
minimum_sampled_patch_gap_ghz = 2.9862456848089414e-2
minimum_overlap = 9.8655639769677450e-1

[[valley]]
mass_scale = 0.2
mass_sign = 1
valley_sign = -1
grid = 12
embedded_orbital_gauge = false
flux = [-0.28177497894665604, 0.2785186116626747, 0.08048883253097862, -0.08502877834188795]
minimum_sampled_patch_gap_ghz = 2.9862456848089414e-2
minimum_overlap = 9.8685216073132676e-1

[[valley]]
mass_scale = 0.2
mass_sign = -1
valley_sign = 1
grid = 12
embedded_orbital_gauge = true
flux = [-0.29337492543957233, 0.2930078934520394, 0.08662369700627384, -0.08706882449247345]
minimum_sampled_patch_gap_ghz = 2.9862456848088081e-2
minimum_overlap = 9.8655639769677739e-1

[[valley]]
mass_scale = 0.2
mass_sign = -1
valley_sign = 1
grid = 12
embedded_orbital_gauge = false
flux = [-0.30451579890691444, 0.3070486556325425, 0.09288253421342714, -0.08923907383735688]
minimum_sampled_patch_gap_ghz = 2.9862456848088081e-2
minimum_overlap = 9.8616960582793356e-1

[[valley]]
mass_scale = 0.2
mass_sign = -1
valley_sign = -1
grid = 12
embedded_orbital_gauge = true
flux = [0.2933749254395723, -0.29300789345203915, -0.08662369700627381, 0.0870688244924735]
minimum_sampled_patch_gap_ghz = 2.9862456848088081e-2
minimum_overlap = 9.8655639769677739e-1

[[valley]]
mass_scale = 0.2
mass_sign = -1
valley_sign = -1
grid = 12
embedded_orbital_gauge = false
flux = [0.30451579890691416, -0.307048655632542, -0.09288253421342722, 0.08923907383735681]
minimum_sampled_patch_gap_ghz = 2.9862456848088081e-2
minimum_overlap = 9.8616960582793356e-1

[[valley]]
mass_scale = 0.2
mass_sign = 1
valley_sign = 1
grid = 24
embedded_orbital_gauge = true
flux = [0.293376481480378, -0.29300999110038445, -0.08663305974416212, 0.08708179815979189]
minimum_sampled_patch_gap_ghz = 2.9862456848089414e-2
minimum_overlap = 9.9647838429300772e-1

[[valley]]
mass_scale = 0.2
mass_sign = 1
valley_sign = 1
grid = 24
embedded_orbital_gauge = false
flux = [0.2818495854524474, -0.2785558381108474, -0.08050534382060183, 0.08504197589819446]
minimum_sampled_patch_gap_ghz = 2.9862456848089414e-2
minimum_overlap = 9.9648151856056577e-1

[[valley]]
mass_scale = 0.2
mass_sign = 1
valley_sign = -1
grid = 24
embedded_orbital_gauge = true
flux = [-0.29337648148037776, 0.2930099911003847, 0.08663305974416209, -0.08708179815979189]
minimum_sampled_patch_gap_ghz = 2.9862456848089414e-2
minimum_overlap = 9.9647838429300772e-1

[[valley]]
mass_scale = 0.2
mass_sign = 1
valley_sign = -1
grid = 24
embedded_orbital_gauge = false
flux = [-0.28184958545244704, 0.27855583811084766, 0.0805053438206017, -0.0850419758981944]
minimum_sampled_patch_gap_ghz = 2.9862456848089414e-2
minimum_overlap = 9.9648151856056577e-1

[[valley]]
mass_scale = 0.2
mass_sign = -1
valley_sign = 1
grid = 24
embedded_orbital_gauge = true
flux = [-0.29337648148037826, 0.2930099911003848, 0.08663305974416093, -0.08708179815979056]
minimum_sampled_patch_gap_ghz = 2.9862456848088081e-2
minimum_overlap = 9.9647838429300772e-1

[[valley]]
mass_scale = 0.2
mass_sign = -1
valley_sign = 1
grid = 24
embedded_orbital_gauge = false
flux = [-0.30449508605388714, 0.30705847970422534, 0.0928883279783798, -0.08925073058626427]
minimum_sampled_patch_gap_ghz = 2.9862456848088081e-2
minimum_overlap = 9.9630432068927843e-1

[[valley]]
mass_scale = 0.2
mass_sign = -1
valley_sign = -1
grid = 24
embedded_orbital_gauge = true
flux = [0.2933764814803779, -0.29300999110038434, -0.08663305974416106, 0.08708179815979081]
minimum_sampled_patch_gap_ghz = 2.9862456848088081e-2
minimum_overlap = 9.9647838429300772e-1

[[valley]]
mass_scale = 0.2
mass_sign = -1
valley_sign = -1
grid = 24
embedded_orbital_gauge = false
flux = [0.30449508605388603, -0.3070584797042253, -0.09288832797838018, 0.08925073058626445]
minimum_sampled_patch_gap_ghz = 2.9862456848088081e-2
minimum_overlap = 9.9630432068927843e-1

[[valley]]
mass_scale = 0.2
mass_sign = 1
valley_sign = 1
grid = 48
embedded_orbital_gauge = true
flux = [0.29337686917231415, -0.29301051400054784, -0.0866353994857618, 0.0870850399830254]
minimum_sampled_patch_gap_ghz = 2.9862456848089414e-2
minimum_overlap = 9.9911102707605215e-1

[[valley]]
mass_scale = 0.2
mass_sign = 1
valley_sign = 1
grid = 48
embedded_orbital_gauge = false
flux = [0.28186821854610966, -0.27856514079470085, -0.08050946681704217, 0.08504526903354555]
minimum_sampled_patch_gap_ghz = 2.9862456848089414e-2
minimum_overlap = 9.9910764153709364e-1

[[valley]]
mass_scale = 0.2
mass_sign = 1
valley_sign = -1
grid = 48
embedded_orbital_gauge = true
flux = [-0.2933768691723143, 0.29301051400054773, 0.08663539948576203, -0.08708503998302551]
minimum_sampled_patch_gap_ghz = 2.9862456848089414e-2
minimum_overlap = 9.9911102707605215e-1

[[valley]]
mass_scale = 0.2
mass_sign = 1
valley_sign = -1
grid = 48
embedded_orbital_gauge = false
flux = [-0.28186821854610933, 0.27856514079470174, 0.08050946681704174, -0.08504526903354526]
minimum_sampled_patch_gap_ghz = 2.9862456848089414e-2
minimum_overlap = 9.9910764153709364e-1

[[valley]]
mass_scale = 0.2
mass_sign = -1
valley_sign = 1
grid = 48
embedded_orbital_gauge = true
flux = [-0.2933768691723158, 0.29301051400054956, 0.08663539948576099, -0.08708503998302454]
minimum_sampled_patch_gap_ghz = 2.9862456848088081e-2
minimum_overlap = 9.9911102707605215e-1

[[valley]]
mass_scale = 0.2
mass_sign = -1
valley_sign = 1
grid = 48
embedded_orbital_gauge = false
flux = [-0.3044899065827318, 0.30706092543304897, 0.09288977076023076, -0.0892536367057097]
minimum_sampled_patch_gap_ghz = 2.9862456848088081e-2
minimum_overlap = 9.9906298595485321e-1

[[valley]]
mass_scale = 0.2
mass_sign = -1
valley_sign = -1
grid = 48
embedded_orbital_gauge = true
flux = [0.29337686917231465, -0.2930105140005488, -0.08663539948576099, 0.08708503998302485]
minimum_sampled_patch_gap_ghz = 2.9862456848088081e-2
minimum_overlap = 9.9911102707605215e-1

[[valley]]
mass_scale = 0.2
mass_sign = -1
valley_sign = -1
grid = 48
embedded_orbital_gauge = false
flux = [0.30448990658273106, -0.30706092543304914, -0.09288977076023067, 0.08925363670570984]
minimum_sampled_patch_gap_ghz = 2.9862456848088081e-2
minimum_overlap = 9.9906298595485321e-1

[[valley]]
mass_scale = 0.2
mass_sign = 1
valley_sign = 1
grid = 96
embedded_orbital_gauge = true
flux = [0.29337696601303603, -0.29301064463125814, -0.08663598436228928, 0.08708585033929776]
minimum_sampled_patch_gap_ghz = 2.9862456848089414e-2
minimum_overlap = 9.9977733164862503e-1

[[valley]]
mass_scale = 0.2
mass_sign = 1
valley_sign = 1
grid = 96
embedded_orbital_gauge = false
flux = [0.28187287566139113, -0.278567466220359, -0.08051049726458616, 0.08504609192676345]
minimum_sampled_patch_gap_ghz = 2.9862456848089414e-2
minimum_overlap = 9.9977601239331915e-1

[[valley]]
mass_scale = 0.2
mass_sign = 1
valley_sign = -1
grid = 96
embedded_orbital_gauge = true
flux = [-0.29337696601303603, 0.29301064463125853, 0.08663598436229002, -0.08708585033929708]
minimum_sampled_patch_gap_ghz = 2.9862456848089414e-2
minimum_overlap = 9.9977733164862503e-1

[[valley]]
mass_scale = 0.2
mass_sign = 1
valley_sign = -1
grid = 96
embedded_orbital_gauge = false
flux = [-0.2818728756613912, 0.27856746622035966, 0.08051049726458584, -0.08504609192676289]
minimum_sampled_patch_gap_ghz = 2.9862456848089414e-2
minimum_overlap = 9.9977601239332015e-1

[[valley]]
mass_scale = 0.2
mass_sign = -1
valley_sign = 1
grid = 96
embedded_orbital_gauge = true
flux = [-0.2933769660130367, 0.29301064463125925, 0.08663598436228857, -0.08708585033929661]
minimum_sampled_patch_gap_ghz = 2.9862456848088081e-2
minimum_overlap = 9.9977733164862426e-1

[[valley]]
mass_scale = 0.2
mass_sign = -1
valley_sign = 1
grid = 96
embedded_orbital_gauge = false
flux = [-0.3044886116366373, 0.30706153622234683, 0.09289013110216175, -0.08925436273161524]
minimum_sampled_patch_gap_ghz = 2.9862456848088081e-2
minimum_overlap = 9.9976488070572045e-1

[[valley]]
mass_scale = 0.2
mass_sign = -1
valley_sign = -1
grid = 96
embedded_orbital_gauge = true
flux = [0.2933769660130371, -0.29301064463125986, -0.08663598436228927, 0.08708585033929722]
minimum_sampled_patch_gap_ghz = 2.9862456848088081e-2
minimum_overlap = 9.9977733164862426e-1

[[valley]]
mass_scale = 0.2
mass_sign = -1
valley_sign = -1
grid = 96
embedded_orbital_gauge = false
flux = [0.3044886116366394, -0.30706153622234533, -0.0928901311021619, 0.08925436273161533]
minimum_sampled_patch_gap_ghz = 2.9862456848088081e-2
minimum_overlap = 9.9976488070571978e-1

[[valley]]
mass_scale = 1
mass_sign = 1
valley_sign = 1
grid = 12
embedded_orbital_gauge = true
flux = [0.043360406919516696, -0.041180993332831796, 0.0069670395226884944, -0.004978592121809757]
minimum_sampled_patch_gap_ghz = 5.7523859744119221e-2
minimum_overlap = 9.9935020787886830e-1

[[valley]]
mass_scale = 1
mass_sign = 1
valley_sign = 1
grid = 12
embedded_orbital_gauge = false
flux = [0.03876196290491469, -0.033523052622567974, 0.008496235313253971, -0.0017391182296371574]
minimum_sampled_patch_gap_ghz = 5.7523859744119221e-2
minimum_overlap = 9.9907923179625979e-1

[[valley]]
mass_scale = 1
mass_sign = 1
valley_sign = -1
grid = 12
embedded_orbital_gauge = true
flux = [-0.04336040691951676, 0.04118099333283201, -0.006967039522688631, 0.004978592121809772]
minimum_sampled_patch_gap_ghz = 5.7523859744119221e-2
minimum_overlap = 9.9935020787886830e-1

[[valley]]
mass_scale = 1
mass_sign = 1
valley_sign = -1
grid = 12
embedded_orbital_gauge = false
flux = [-0.0387619629049147, 0.03352305262256805, -0.0084962353132538, 0.001739118229637169]
minimum_sampled_patch_gap_ghz = 5.7523859744119221e-2
minimum_overlap = 9.9907923179625979e-1

[[valley]]
mass_scale = 1
mass_sign = -1
valley_sign = 1
grid = 12
embedded_orbital_gauge = true
flux = [-0.043360406919516516, 0.04118099333283171, -0.006967039522688709, 0.004978592121809742]
minimum_sampled_patch_gap_ghz = 5.7523859744120109e-2
minimum_overlap = 9.9935020787886708e-1

[[valley]]
mass_scale = 1
mass_sign = -1
valley_sign = 1
grid = 12
embedded_orbital_gauge = false
flux = [-0.047887197326673, 0.04878034398764598, -0.005437085529903502, 0.008215568939986803]
minimum_sampled_patch_gap_ghz = 5.7523859744120109e-2
minimum_overlap = 9.9890345714933471e-1

[[valley]]
mass_scale = 1
mass_sign = -1
valley_sign = -1
grid = 12
embedded_orbital_gauge = true
flux = [0.04336040691951684, -0.04118099333283187, 0.006967039522688715, -0.004978592121809751]
minimum_sampled_patch_gap_ghz = 5.7523859744120109e-2
minimum_overlap = 9.9935020787886708e-1

[[valley]]
mass_scale = 1
mass_sign = -1
valley_sign = -1
grid = 12
embedded_orbital_gauge = false
flux = [0.0478871973266729, -0.048780343987646115, 0.005437085529903494, -0.008215568939986899]
minimum_sampled_patch_gap_ghz = 5.7523859744120109e-2
minimum_overlap = 9.9890345714933471e-1

[[valley]]
mass_scale = 1
mass_sign = 1
valley_sign = 1
grid = 24
embedded_orbital_gauge = true
flux = [0.043361434113644994, -0.04118282595903419, 0.006964475803789512, -0.004974876402510287]
minimum_sampled_patch_gap_ghz = 5.7523859744119221e-2
minimum_overlap = 9.9983704403298590e-1

[[valley]]
mass_scale = 1
mass_sign = 1
valley_sign = 1
grid = 24
embedded_orbital_gauge = false
flux = [0.03877841510966513, -0.03352901709962694, 0.008493819965860922, -0.001737422014649757]
minimum_sampled_patch_gap_ghz = 5.7523859744119221e-2
minimum_overlap = 9.9976926043418390e-1

[[valley]]
mass_scale = 1
mass_sign = 1
valley_sign = -1
grid = 24
embedded_orbital_gauge = true
flux = [-0.043361434113645056, 0.04118282595903462, -0.006964475803789638, 0.004974876402510287]
minimum_sampled_patch_gap_ghz = 5.7523859744119221e-2
minimum_overlap = 9.9983704403298590e-1

[[valley]]
mass_scale = 1
mass_sign = 1
valley_sign = -1
grid = 24
embedded_orbital_gauge = false
flux = [-0.038778415109665156, 0.03352901709962722, -0.008493819965860948, 0.0017374220146497879]
minimum_sampled_patch_gap_ghz = 5.7523859744119221e-2
minimum_overlap = 9.9976926043418390e-1

[[valley]]
mass_scale = 1
mass_sign = -1
valley_sign = 1
grid = 24
embedded_orbital_gauge = true
flux = [-0.0433614341136449, 0.04118282595903419, -0.006964475803789661, 0.0049748764025101585]
minimum_sampled_patch_gap_ghz = 5.7523859744120109e-2
minimum_overlap = 9.9983704403298490e-1

[[valley]]
mass_scale = 1
mass_sign = -1
valley_sign = 1
grid = 24
embedded_orbital_gauge = false
flux = [-0.047894449068901834, 0.04878987799797406, -0.0054344219913177476, 0.008211191207192277]
minimum_sampled_patch_gap_ghz = 5.7523859744120109e-2
minimum_overlap = 9.9972521538251113e-1

[[valley]]
mass_scale = 1
mass_sign = -1
valley_sign = -1
grid = 24
embedded_orbital_gauge = true
flux = [0.04336143411364493, -0.04118282595903433, 0.006964475803789667, -0.004974876402510261]
minimum_sampled_patch_gap_ghz = 5.7523859744120109e-2
minimum_overlap = 9.9983704403298490e-1

[[valley]]
mass_scale = 1
mass_sign = -1
valley_sign = -1
grid = 24
embedded_orbital_gauge = false
flux = [0.0478944490689019, -0.04878987799797413, 0.00543442199131772, -0.008211191207192303]
minimum_sampled_patch_gap_ghz = 5.7523859744120109e-2
minimum_overlap = 9.9972521538251113e-1

[[valley]]
mass_scale = 1
mass_sign = 1
valley_sign = 1
grid = 48
embedded_orbital_gauge = true
flux = [0.04336169087616977, -0.04118328402648825, 0.006963834969170997, -0.004973947597490241]
minimum_sampled_patch_gap_ghz = 5.7523859744119221e-2
minimum_overlap = 9.9995922505225077e-1

[[valley]]
mass_scale = 1
mass_sign = 1
valley_sign = 1
grid = 48
embedded_orbital_gauge = false
flux = [0.038782527517606497, -0.033530507953675084, 0.00849321623365974, -0.0017369980522883635]
minimum_sampled_patch_gap_ghz = 5.7523859744119221e-2
minimum_overlap = 9.9994228074186875e-1

[[valley]]
mass_scale = 1
mass_sign = 1
valley_sign = -1
grid = 48
embedded_orbital_gauge = true
flux = [-0.043361690876169805, 0.04118328402648831, -0.006963834969170979, 0.004973947597490235]
minimum_sampled_patch_gap_ghz = 5.7523859744119221e-2
minimum_overlap = 9.9995922505225099e-1

[[valley]]
mass_scale = 1
mass_sign = 1
valley_sign = -1
grid = 48
embedded_orbital_gauge = false
flux = [-0.03878252751760665, 0.03353050795367513, -0.00849321623365967, 0.001736998052288319]
minimum_sampled_patch_gap_ghz = 5.7523859744119221e-2
minimum_overlap = 9.9994228074186875e-1

[[valley]]
mass_scale = 1
mass_sign = -1
valley_sign = 1
grid = 48
embedded_orbital_gauge = true
flux = [-0.043361690876169826, 0.041183284026488014, -0.0069638349691710415, 0.004973947597490327]
minimum_sampled_patch_gap_ghz = 5.7523859744120109e-2
minimum_overlap = 9.9995922505225066e-1

[[valley]]
mass_scale = 1
mass_sign = -1
valley_sign = 1
grid = 48
embedded_orbital_gauge = false
flux = [-0.047896260045503736, 0.04879226042291293, -0.005433756221338109, 0.008210097011123919]
minimum_sampled_patch_gap_ghz = 5.7523859744120109e-2
minimum_overlap = 9.9993126312278047e-1

[[valley]]
mass_scale = 1
mass_sign = -1
valley_sign = -1
grid = 48
embedded_orbital_gauge = true
flux = [0.043361690876169784, -0.04118328402648819, 0.00696383496917105, -0.00497394759749036]
minimum_sampled_patch_gap_ghz = 5.7523859744120109e-2
minimum_overlap = 9.9995922505225054e-1

[[valley]]
mass_scale = 1
mass_sign = -1
valley_sign = -1
grid = 48
embedded_orbital_gauge = false
flux = [0.047896260045503715, -0.04879226042291319, 0.005433756221338095, -0.008210097011123943]
minimum_sampled_patch_gap_ghz = 5.7523859744120109e-2
minimum_overlap = 9.9993126312278047e-1

[[valley]]
mass_scale = 1
mass_sign = 1
valley_sign = 1
grid = 96
embedded_orbital_gauge = true
flux = [0.043361755064547, -0.04118339853778054, 0.006963674766459849, -0.004973715404035091]
minimum_sampled_patch_gap_ghz = 5.7523859744119221e-2
minimum_overlap = 9.9998980433632445e-1

[[valley]]
mass_scale = 1
mass_sign = 1
valley_sign = 1
grid = 96
embedded_orbital_gauge = false
flux = [0.03878355557939208, -0.033530880650650144, 0.008493065307147904, -0.0017368920674086775]
minimum_sampled_patch_gap_ghz = 5.7523859744119221e-2
minimum_overlap = 9.9998556803524152e-1

[[valley]]
mass_scale = 1
mass_sign = 1
valley_sign = -1
grid = 96
embedded_orbital_gauge = true
flux = [-0.04336175506454719, 0.04118339853778064, -0.006963674766459737, 0.004973715404035064]
minimum_sampled_patch_gap_ghz = 5.7523859744119221e-2
minimum_overlap = 9.9998980433632367e-1

[[valley]]
mass_scale = 1
mass_sign = 1
valley_sign = -1
grid = 96
embedded_orbital_gauge = false
flux = [-0.03878355557939221, 0.03353088065065028, -0.00849306530714795, 0.0017368920674086926]
minimum_sampled_patch_gap_ghz = 5.7523859744119221e-2
minimum_overlap = 9.9998556803524152e-1

[[valley]]
mass_scale = 1
mass_sign = -1
valley_sign = 1
grid = 96
embedded_orbital_gauge = true
flux = [-0.04336175506454735, 0.0411833985377804, -0.006963674766459923, 0.004973715404035177]
minimum_sampled_patch_gap_ghz = 5.7523859744120109e-2
minimum_overlap = 9.9998980433632412e-1

[[valley]]
mass_scale = 1
mass_sign = -1
valley_sign = 1
grid = 96
embedded_orbital_gauge = false
flux = [-0.04789671266730921, 0.048792855961831326, -0.0054335897860087416, 0.008209823476927027]
minimum_sampled_patch_gap_ghz = 5.7523859744120109e-2
minimum_overlap = 9.9998281323290683e-1

[[valley]]
mass_scale = 1
mass_sign = -1
valley_sign = -1
grid = 96
embedded_orbital_gauge = true
flux = [0.04336175506454719, -0.041183398537780656, 0.006963674766459905, -0.004973715404035105]
minimum_sampled_patch_gap_ghz = 5.7523859744120109e-2
minimum_overlap = 9.9998980433632345e-1

[[valley]]
mass_scale = 1
mass_sign = -1
valley_sign = -1
grid = 96
embedded_orbital_gauge = false
flux = [0.04789671266730929, -0.04879285596183125, 0.005433589786008727, -0.008209823476926885]
minimum_sampled_patch_gap_ghz = 5.7523859744120109e-2
minimum_overlap = 9.9998281323290683e-1

test embedded_valley_patch_flux_tests_source_sign_predictions ... ok
schema_version = 1
source = 'Kaman Figure 5b'
figure_gate_ghz = 0.03
plot_left_pixel = 395
plot_right_pixel = 634
plot_top_pixel = 74
plot_bottom_pixel = 726
minimum_frequency_ghz = 1.0
maximum_frequency_ghz = 4.5

[[projection]]
parameters = 'table_i'
ky_samples = 96
pixel_threshold = 220
column_count = 45
maximum_two_way_support_distance_ghz = 2.4854048788112815e-2
passes_figure_gate = true

[[projection]]
parameters = 'table_i'
ky_samples = 96
pixel_threshold = 240
column_count = 45
maximum_two_way_support_distance_ghz = 2.5841256937691792e-2
passes_figure_gate = true

[[projection]]
parameters = 'table_i'
ky_samples = 192
pixel_threshold = 220
column_count = 45
maximum_two_way_support_distance_ghz = 2.4854048788112815e-2
passes_figure_gate = true

[[projection]]
parameters = 'table_i'
ky_samples = 192
pixel_threshold = 240
column_count = 45
maximum_two_way_support_distance_ghz = 2.5841256937691792e-2
passes_figure_gate = true

[[projection]]
parameters = 'repository_reference'
ky_samples = 96
pixel_threshold = 220
column_count = 45
maximum_two_way_support_distance_ghz = 1.8585526178673457e0
passes_figure_gate = false

[[projection]]
parameters = 'repository_reference'
ky_samples = 96
pixel_threshold = 240
column_count = 45
maximum_two_way_support_distance_ghz = 1.8585526178673457e0
passes_figure_gate = false

[[projection]]
parameters = 'repository_reference'
ky_samples = 192
pixel_threshold = 220
column_count = 45
maximum_two_way_support_distance_ghz = 1.8585526178673457e0
passes_figure_gate = false

[[projection]]
parameters = 'repository_reference'
ky_samples = 192
pixel_threshold = 240
column_count = 45
maximum_two_way_support_distance_ghz = 1.8585526178673457e0
passes_figure_gate = false

test source_projected_spectral_support_discriminates_parameter_identity ... ok
schema_version = 1
source = 'Kaman Figure 6a model panel'
figure_gate_ghz = 0.03
plot_left_pixel = 693
plot_right_pixel = 1153
plot_top_pixel = 128
plot_bottom_pixel = 1283
minimum_frequency_ghz = 0.5
maximum_frequency_ghz = 3.0
frequency_windows_ghz = [[1.23,1.445],[1.56,1.99],[2.055,2.40],[2.80,2.93]]
scope = 'Rendered lower bands only; frequency masks exclude inset and gap-label text, grayscale mask excludes cyan shading and purple valley markers.'

[[projection]]
parameters = 'table_ii'
ky_samples = 96
pixel_threshold = 220
column_count = 42
maximum_two_way_support_distance_ghz = 1.6873884761207769e-2
passes_figure_gate = true
witness_pixel_x = 856
witness_kx_per_um = -2.748227024292
witness_frequency_ghz = 1.887445887446
witness_nearest_frequency_ghz = 1.870572002685
witness_direction = 'source_to_model'
witness_model_ky_per_um = 0.000000000000
witness_rectangular_band_zero_based = 3
witness_model_frequency_match_error_ghz = 0.0000000000000000e0
inset_exclusion_rectangle_pixels = [825,1025,927,1237]
excluded_inset_pixels_in_scanned_columns = 660
retained_source_pixels = 10395
retained_model_frequency_samples = 48384
occluded_model_frequency_samples = 0

[[projection]]
parameters = 'table_ii'
ky_samples = 96
pixel_threshold = 240
column_count = 42
maximum_two_way_support_distance_ghz = 1.7200301231533155e-2
passes_figure_gate = true
witness_pixel_x = 836
witness_kx_per_um = -3.568593300200
witness_frequency_ghz = 1.854978354978
witness_nearest_frequency_ghz = 1.837778053747
witness_direction = 'source_to_model'
witness_model_ky_per_um = 0.000000000000
witness_rectangular_band_zero_based = 3
witness_model_frequency_match_error_ghz = 0.0000000000000000e0
inset_exclusion_rectangle_pixels = [825,1025,927,1237]
excluded_inset_pixels_in_scanned_columns = 660
retained_source_pixels = 10556
retained_model_frequency_samples = 48384
occluded_model_frequency_samples = 0

[[projection]]
parameters = 'table_ii'
ky_samples = 192
pixel_threshold = 220
column_count = 42
maximum_two_way_support_distance_ghz = 1.6873884761207769e-2
passes_figure_gate = true
witness_pixel_x = 856
witness_kx_per_um = -2.748227024292
witness_frequency_ghz = 1.887445887446
witness_nearest_frequency_ghz = 1.870572002685
witness_direction = 'source_to_model'
witness_model_ky_per_um = 0.000000000000
witness_rectangular_band_zero_based = 3
witness_model_frequency_match_error_ghz = 0.0000000000000000e0
inset_exclusion_rectangle_pixels = [825,1025,927,1237]
excluded_inset_pixels_in_scanned_columns = 660
retained_source_pixels = 10395
retained_model_frequency_samples = 96768
occluded_model_frequency_samples = 0

[[projection]]
parameters = 'table_ii'
ky_samples = 192
pixel_threshold = 240
column_count = 42
maximum_two_way_support_distance_ghz = 1.7200301231533155e-2
passes_figure_gate = true
witness_pixel_x = 836
witness_kx_per_um = -3.568593300200
witness_frequency_ghz = 1.854978354978
witness_nearest_frequency_ghz = 1.837778053747
witness_direction = 'source_to_model'
witness_model_ky_per_um = 0.000000000000
witness_rectangular_band_zero_based = 3
witness_model_frequency_match_error_ghz = 0.0000000000000000e0
inset_exclusion_rectangle_pixels = [825,1025,927,1237]
excluded_inset_pixels_in_scanned_columns = 660
retained_source_pixels = 10556
retained_model_frequency_samples = 96768
occluded_model_frequency_samples = 0

[[projection]]
parameters = 'repository_reference'
ky_samples = 96
pixel_threshold = 220
column_count = 42
maximum_two_way_support_distance_ghz = 5.7948030737533385e-1
passes_figure_gate = false
witness_pixel_x = 926
witness_kx_per_um = 0.123054941386
witness_frequency_ghz = 2.898268398268
witness_nearest_frequency_ghz = 2.318788090893
witness_direction = 'source_to_model'
witness_model_ky_per_um = 0.000000000000
witness_rectangular_band_zero_based = 15
witness_model_frequency_match_error_ghz = 0.0000000000000000e0
inset_exclusion_rectangle_pixels = [825,1025,927,1237]
excluded_inset_pixels_in_scanned_columns = 660
retained_source_pixels = 10395
retained_model_frequency_samples = 56768
occluded_model_frequency_samples = 0

[[projection]]
parameters = 'repository_reference'
ky_samples = 96
pixel_threshold = 240
column_count = 42
maximum_two_way_support_distance_ghz = 5.7948030737533385e-1
passes_figure_gate = false
witness_pixel_x = 926
witness_kx_per_um = 0.123054941386
witness_frequency_ghz = 2.898268398268
witness_nearest_frequency_ghz = 2.318788090893
witness_direction = 'source_to_model'
witness_model_ky_per_um = 0.000000000000
witness_rectangular_band_zero_based = 15
witness_model_frequency_match_error_ghz = 0.0000000000000000e0
inset_exclusion_rectangle_pixels = [825,1025,927,1237]
excluded_inset_pixels_in_scanned_columns = 660
retained_source_pixels = 10556
retained_model_frequency_samples = 56768
occluded_model_frequency_samples = 0

[[projection]]
parameters = 'repository_reference'
ky_samples = 192
pixel_threshold = 220
column_count = 42
maximum_two_way_support_distance_ghz = 5.7948030737533385e-1
passes_figure_gate = false
witness_pixel_x = 926
witness_kx_per_um = 0.123054941386
witness_frequency_ghz = 2.898268398268
witness_nearest_frequency_ghz = 2.318788090893
witness_direction = 'source_to_model'
witness_model_ky_per_um = 0.000000000000
witness_rectangular_band_zero_based = 15
witness_model_frequency_match_error_ghz = 0.0000000000000000e0
inset_exclusion_rectangle_pixels = [825,1025,927,1237]
excluded_inset_pixels_in_scanned_columns = 660
retained_source_pixels = 10395
retained_model_frequency_samples = 113518
occluded_model_frequency_samples = 0

[[projection]]
parameters = 'repository_reference'
ky_samples = 192
pixel_threshold = 240
column_count = 42
maximum_two_way_support_distance_ghz = 5.7948030737533385e-1
passes_figure_gate = false
witness_pixel_x = 926
witness_kx_per_um = 0.123054941386
witness_frequency_ghz = 2.898268398268
witness_nearest_frequency_ghz = 2.318788090893
witness_direction = 'source_to_model'
witness_model_ky_per_um = 0.000000000000
witness_rectangular_band_zero_based = 15
witness_model_frequency_match_error_ghz = 0.0000000000000000e0
inset_exclusion_rectangle_pixels = [825,1025,927,1237]
excluded_inset_pixels_in_scanned_columns = 660
retained_source_pixels = 10556
retained_model_frequency_samples = 113518
occluded_model_frequency_samples = 0

test source_inversion_broken_projected_support_retains_rendered_scope ... ok
schema_version = 1
scope = 'Finite reciprocal-grid external gaps and determinant-link topology; grid refinement does not prove a global gap.'

[[topology]]
parameters = 'table_i'
grid = 12
bands_start = 0
bands_end_exclusive = 1
admitted = false
error = 'SampledGap { point: [4, 8], gap: 2.220446049250313e-15 }'

[[topology]]
parameters = 'table_i'
grid = 12
bands_start = 1
bands_end_exclusive = 2
admitted = false
error = 'SampledGap { point: [4, 8], gap: 2.220446049250313e-15 }'

[[topology]]
parameters = 'table_i'
grid = 12
bands_start = 2
bands_end_exclusive = 3
admitted = false
error = 'SampledGap { point: [0, 0], gap: 0.0 }'

[[topology]]
parameters = 'table_i'
grid = 12
bands_start = 3
bands_end_exclusive = 4
admitted = false
error = 'SampledGap { point: [0, 0], gap: 0.0 }'

[[topology]]
parameters = 'table_i'
grid = 12
bands_start = 4
bands_end_exclusive = 5
admitted = false
error = 'SampledGap { point: [0, 0], gap: 5.329070518200751e-15 }'

[[topology]]
parameters = 'table_i'
grid = 12
bands_start = 5
bands_end_exclusive = 6
admitted = false
error = 'SampledGap { point: [0, 0], gap: 5.329070518200751e-15 }'

[[topology]]
parameters = 'table_i'
grid = 12
bands_start = 6
bands_end_exclusive = 7
admitted = false
error = 'SampledGap { point: [4, 8], gap: 2.6645352591003757e-15 }'

[[topology]]
parameters = 'table_i'
grid = 12
bands_start = 7
bands_end_exclusive = 8
admitted = false
error = 'SampledGap { point: [0, 0], gap: 8.881784197001252e-16 }'

[[topology]]
parameters = 'table_i'
grid = 12
bands_start = 8
bands_end_exclusive = 9
admitted = false
error = 'SampledGap { point: [0, 0], gap: 8.881784197001252e-16 }'

[[topology]]
parameters = 'table_i'
grid = 12
bands_start = 0
bands_end_exclusive = 2
admitted = true
chern = 6.7227870220170683e-17
minimum_link_determinant = 9.7230782351065959e-1
minimum_sampled_external_gap_ghz = 3.7876217074370100e-1

[[topology]]
parameters = 'table_i'
grid = 12
bands_start = 2
bands_end_exclusive = 5
admitted = false
error = 'SampledGap { point: [0, 0], gap: 5.329070518200751e-15 }'

[[topology]]
parameters = 'table_i'
grid = 12
bands_start = 5
bands_end_exclusive = 9
admitted = false
error = 'SampledGap { point: [0, 0], gap: 5.329070518200751e-15 }'

[[topology]]
parameters = 'table_i'
grid = 12
bands_start = 2
bands_end_exclusive = 4
admitted = false
error = 'SampledGap { point: [4, 8], gap: 8.881784197001252e-16 }'

[[topology]]
parameters = 'table_i'
grid = 12
bands_start = 2
bands_end_exclusive = 6
admitted = true
chern = -8.7520471703466564e-17
minimum_link_determinant = 9.2032801342068427e-1
minimum_sampled_external_gap_ghz = 3.7876217074370100e-1

[[topology]]
parameters = 'table_i'
grid = 12
bands_start = 4
bands_end_exclusive = 6
admitted = false
error = 'SampledGap { point: [4, 8], gap: 8.881784197001252e-16 }'

[[topology]]
parameters = 'table_i'
grid = 12
bands_start = 6
bands_end_exclusive = 9
admitted = true
chern = 2.9265520506521940e-17
minimum_link_determinant = 9.3500163660572333e-1
minimum_sampled_external_gap_ghz = 4.6911731969557779e-1

[[topology]]
parameters = 'table_i'
grid = 12
bands_start = 7
bands_end_exclusive = 9
admitted = false
error = 'SampledGap { point: [4, 8], gap: 2.6645352591003757e-15 }'

[[topology]]
parameters = 'table_i'
grid = 12
bands_start = 2
bands_end_exclusive = 9
admitted = true
chern = -1.0891743245115950e-16
minimum_link_determinant = 9.7230782351065626e-1
minimum_sampled_external_gap_ghz = 3.7876217074370100e-1

[[topology]]
parameters = 'table_i'
grid = 12
bands_start = 0
bands_end_exclusive = 9
admitted = true
chern = -6.3914792426979386e-17
minimum_link_determinant = 9.9999999999999456e-1

[[topology]]
parameters = 'table_i'
grid = 24
bands_start = 0
bands_end_exclusive = 1
admitted = false
error = 'SampledGap { point: [8, 16], gap: 2.220446049250313e-15 }'

[[topology]]
parameters = 'table_i'
grid = 24
bands_start = 1
bands_end_exclusive = 2
admitted = false
error = 'SampledGap { point: [8, 16], gap: 2.220446049250313e-15 }'

[[topology]]
parameters = 'table_i'
grid = 24
bands_start = 2
bands_end_exclusive = 3
admitted = false
error = 'SampledGap { point: [0, 0], gap: 0.0 }'

[[topology]]
parameters = 'table_i'
grid = 24
bands_start = 3
bands_end_exclusive = 4
admitted = false
error = 'SampledGap { point: [0, 0], gap: 0.0 }'

[[topology]]
parameters = 'table_i'
grid = 24
bands_start = 4
bands_end_exclusive = 5
admitted = false
error = 'SampledGap { point: [0, 0], gap: 5.329070518200751e-15 }'

[[topology]]
parameters = 'table_i'
grid = 24
bands_start = 5
bands_end_exclusive = 6
admitted = false
error = 'SampledGap { point: [0, 0], gap: 5.329070518200751e-15 }'

[[topology]]
parameters = 'table_i'
grid = 24
bands_start = 6
bands_end_exclusive = 7
admitted = false
error = 'SampledGap { point: [8, 16], gap: 2.6645352591003757e-15 }'

[[topology]]
parameters = 'table_i'
grid = 24
bands_start = 7
bands_end_exclusive = 8
admitted = false
error = 'SampledGap { point: [0, 0], gap: 8.881784197001252e-16 }'

[[topology]]
parameters = 'table_i'
grid = 24
bands_start = 8
bands_end_exclusive = 9
admitted = false
error = 'SampledGap { point: [0, 0], gap: 8.881784197001252e-16 }'

[[topology]]
parameters = 'table_i'
grid = 24
bands_start = 0
bands_end_exclusive = 2
admitted = true
chern = 1.6400597856971569e-16
minimum_link_determinant = 9.9259057107365278e-1
minimum_sampled_external_gap_ghz = 3.7876217074370100e-1

[[topology]]
parameters = 'table_i'
grid = 24
bands_start = 2
bands_end_exclusive = 5
admitted = false
error = 'SampledGap { point: [0, 0], gap: 5.329070518200751e-15 }'

[[topology]]
parameters = 'table_i'
grid = 24
bands_start = 5
bands_end_exclusive = 9
admitted = false
error = 'SampledGap { point: [0, 0], gap: 5.329070518200751e-15 }'

[[topology]]
parameters = 'table_i'
grid = 24
bands_start = 2
bands_end_exclusive = 4
admitted = false
error = 'SampledGap { point: [8, 16], gap: 8.881784197001252e-16 }'

[[topology]]
parameters = 'table_i'
grid = 24
bands_start = 2
bands_end_exclusive = 6
admitted = true
chern = 1.4094385111867406e-16
minimum_link_determinant = 9.7843929564518251e-1
minimum_sampled_external_gap_ghz = 3.7876217074370100e-1

[[topology]]
parameters = 'table_i'
grid = 24
bands_start = 4
bands_end_exclusive = 6
admitted = false
error = 'SampledGap { point: [8, 16], gap: 8.881784197001252e-16 }'

[[topology]]
parameters = 'table_i'
grid = 24
bands_start = 6
bands_end_exclusive = 9
admitted = true
chern = -3.6288555203546958e-17
minimum_link_determinant = 9.8261323806510781e-1
minimum_sampled_external_gap_ghz = 4.6911731969557779e-1

[[topology]]
parameters = 'table_i'
grid = 24
bands_start = 7
bands_end_exclusive = 9
admitted = false
error = 'SampledGap { point: [8, 16], gap: 2.6645352591003757e-15 }'

[[topology]]
parameters = 'table_i'
grid = 24
bands_start = 2
bands_end_exclusive = 9
admitted = true
chern = 3.4409418892721348e-16
minimum_link_determinant = 9.9259057107365356e-1
minimum_sampled_external_gap_ghz = 3.7876217074370100e-1

[[topology]]
parameters = 'table_i'
grid = 24
bands_start = 0
bands_end_exclusive = 9
admitted = true
chern = 1.1229090489162233e-16
minimum_link_determinant = 9.9999999999999289e-1

[[topology]]
parameters = 'table_i'
grid = 48
bands_start = 0
bands_end_exclusive = 1
admitted = false
error = 'SampledGap { point: [16, 32], gap: 2.220446049250313e-15 }'

[[topology]]
parameters = 'table_i'
grid = 48
bands_start = 1
bands_end_exclusive = 2
admitted = false
error = 'SampledGap { point: [16, 32], gap: 2.220446049250313e-15 }'

[[topology]]
parameters = 'table_i'
grid = 48
bands_start = 2
bands_end_exclusive = 3
admitted = false
error = 'SampledGap { point: [0, 0], gap: 0.0 }'

[[topology]]
parameters = 'table_i'
grid = 48
bands_start = 3
bands_end_exclusive = 4
admitted = false
error = 'SampledGap { point: [0, 0], gap: 0.0 }'

[[topology]]
parameters = 'table_i'
grid = 48
bands_start = 4
bands_end_exclusive = 5
admitted = false
error = 'SampledGap { point: [0, 0], gap: 5.329070518200751e-15 }'

[[topology]]
parameters = 'table_i'
grid = 48
bands_start = 5
bands_end_exclusive = 6
admitted = false
error = 'SampledGap { point: [0, 0], gap: 5.329070518200751e-15 }'

[[topology]]
parameters = 'table_i'
grid = 48
bands_start = 6
bands_end_exclusive = 7
admitted = false
error = 'SampledGap { point: [16, 32], gap: 2.6645352591003757e-15 }'

[[topology]]
parameters = 'table_i'
grid = 48
bands_start = 7
bands_end_exclusive = 8
admitted = false
error = 'SampledGap { point: [0, 0], gap: 8.881784197001252e-16 }'

[[topology]]
parameters = 'table_i'
grid = 48
bands_start = 8
bands_end_exclusive = 9
admitted = false
error = 'SampledGap { point: [0, 0], gap: 8.881784197001252e-16 }'

[[topology]]
parameters = 'table_i'
grid = 48
bands_start = 0
bands_end_exclusive = 2
admitted = true
chern = 1.2901806523419885e-16
minimum_link_determinant = 9.9811187782551292e-1
minimum_sampled_external_gap_ghz = 3.7876217074370100e-1

[[topology]]
parameters = 'table_i'
grid = 48
bands_start = 2
bands_end_exclusive = 5
admitted = false
error = 'SampledGap { point: [0, 0], gap: 5.329070518200751e-15 }'

[[topology]]
parameters = 'table_i'
grid = 48
bands_start = 5
bands_end_exclusive = 9
admitted = false
error = 'SampledGap { point: [0, 0], gap: 5.329070518200751e-15 }'

[[topology]]
parameters = 'table_i'
grid = 48
bands_start = 2
bands_end_exclusive = 4
admitted = false
error = 'SampledGap { point: [16, 32], gap: 8.881784197001252e-16 }'

[[topology]]
parameters = 'table_i'
grid = 48
bands_start = 2
bands_end_exclusive = 6
admitted = true
chern = -5.2221094544162749e-16
minimum_link_determinant = 9.9448981187790209e-1
minimum_sampled_external_gap_ghz = 3.7876217074370100e-1

[[topology]]
parameters = 'table_i'
grid = 48
bands_start = 4
bands_end_exclusive = 6
admitted = false
error = 'SampledGap { point: [16, 32], gap: 8.881784197001252e-16 }'

[[topology]]
parameters = 'table_i'
grid = 48
bands_start = 6
bands_end_exclusive = 9
admitted = true
chern = -5.1000691278936467e-16
minimum_link_determinant = 9.9557161354238211e-1
minimum_sampled_external_gap_ghz = 4.6911731969557779e-1

[[topology]]
parameters = 'table_i'
grid = 48
bands_start = 7
bands_end_exclusive = 9
admitted = false
error = 'SampledGap { point: [16, 32], gap: 2.6645352591003757e-15 }'

[[topology]]
parameters = 'table_i'
grid = 48
bands_start = 2
bands_end_exclusive = 9
admitted = true
chern = -2.5264051582017657e-16
minimum_link_determinant = 9.9811187782551336e-1
minimum_sampled_external_gap_ghz = 3.7876217074370100e-1

[[topology]]
parameters = 'table_i'
grid = 48
bands_start = 0
bands_end_exclusive = 9
admitted = true
chern = 1.9015686083836737e-16
minimum_link_determinant = 9.9999999999999123e-1

[[topology]]
parameters = 'table_i'
grid = 96
bands_start = 0
bands_end_exclusive = 1
admitted = false
error = 'SampledGap { point: [32, 64], gap: 2.220446049250313e-15 }'

[[topology]]
parameters = 'table_i'
grid = 96
bands_start = 1
bands_end_exclusive = 2
admitted = false
error = 'SampledGap { point: [32, 64], gap: 2.220446049250313e-15 }'

[[topology]]
parameters = 'table_i'
grid = 96
bands_start = 2
bands_end_exclusive = 3
admitted = false
error = 'SampledGap { point: [0, 0], gap: 0.0 }'

[[topology]]
parameters = 'table_i'
grid = 96
bands_start = 3
bands_end_exclusive = 4
admitted = false
error = 'SampledGap { point: [0, 0], gap: 0.0 }'

[[topology]]
parameters = 'table_i'
grid = 96
bands_start = 4
bands_end_exclusive = 5
admitted = false
error = 'SampledGap { point: [0, 0], gap: 5.329070518200751e-15 }'

[[topology]]
parameters = 'table_i'
grid = 96
bands_start = 5
bands_end_exclusive = 6
admitted = false
error = 'SampledGap { point: [0, 0], gap: 5.329070518200751e-15 }'

[[topology]]
parameters = 'table_i'
grid = 96
bands_start = 6
bands_end_exclusive = 7
admitted = false
error = 'SampledGap { point: [32, 64], gap: 2.6645352591003757e-15 }'

[[topology]]
parameters = 'table_i'
grid = 96
bands_start = 7
bands_end_exclusive = 8
admitted = false
error = 'SampledGap { point: [0, 0], gap: 8.881784197001252e-16 }'

[[topology]]
parameters = 'table_i'
grid = 96
bands_start = 8
bands_end_exclusive = 9
admitted = false
error = 'SampledGap { point: [0, 0], gap: 8.881784197001252e-16 }'

[[topology]]
parameters = 'table_i'
grid = 96
bands_start = 0
bands_end_exclusive = 2
admitted = true
chern = 1.6961607510143975e-16
minimum_link_determinant = 9.9952563242460568e-1
minimum_sampled_external_gap_ghz = 3.7876217074370100e-1

[[topology]]
parameters = 'table_i'
grid = 96
bands_start = 2
bands_end_exclusive = 5
admitted = false
error = 'SampledGap { point: [0, 0], gap: 5.329070518200751e-15 }'

[[topology]]
parameters = 'table_i'
grid = 96
bands_start = 5
bands_end_exclusive = 9
admitted = false
error = 'SampledGap { point: [0, 0], gap: 5.329070518200751e-15 }'

[[topology]]
parameters = 'table_i'
grid = 96
bands_start = 2
bands_end_exclusive = 4
admitted = false
error = 'SampledGap { point: [32, 64], gap: 8.881784197001252e-16 }'

[[topology]]
parameters = 'table_i'
grid = 96
bands_start = 2
bands_end_exclusive = 6
admitted = true
chern = 5.6952705096096338e-16
minimum_link_determinant = 9.9861462617176155e-1
minimum_sampled_external_gap_ghz = 3.7876217074370100e-1

[[topology]]
parameters = 'table_i'
grid = 96
bands_start = 4
bands_end_exclusive = 6
admitted = false
error = 'SampledGap { point: [32, 64], gap: 8.881784197001252e-16 }'

[[topology]]
parameters = 'table_i'
grid = 96
bands_start = 6
bands_end_exclusive = 9
admitted = true
chern = -2.3338589341307106e-15
minimum_link_determinant = 9.9888759975408503e-1
minimum_sampled_external_gap_ghz = 4.6911731969557779e-1

[[topology]]
parameters = 'table_i'
grid = 96
bands_start = 7
bands_end_exclusive = 9
admitted = false
error = 'SampledGap { point: [32, 64], gap: 2.6645352591003757e-15 }'

[[topology]]
parameters = 'table_i'
grid = 96
bands_start = 2
bands_end_exclusive = 9
admitted = true
chern = -2.2708549145541054e-16
minimum_link_determinant = 9.9952563242460668e-1
minimum_sampled_external_gap_ghz = 3.7876217074370100e-1

[[topology]]
parameters = 'table_i'
grid = 96
bands_start = 0
bands_end_exclusive = 9
admitted = true
chern = -1.5120905382213821e-15
minimum_link_determinant = 9.9999999999999201e-1

[[topology]]
parameters = 'table_ii'
grid = 12
bands_start = 0
bands_end_exclusive = 1
admitted = true
chern = -1.5633585836620803e-17
minimum_link_determinant = 9.4252075028884530e-1
minimum_sampled_external_gap_ghz = 1.4333370812256940e-1

[[topology]]
parameters = 'table_ii'
grid = 12
bands_start = 1
bands_end_exclusive = 2
admitted = true
chern = -3.8100394621698378e-17
minimum_link_determinant = 8.9672386648517022e-1
minimum_sampled_external_gap_ghz = 1.2651764272506649e-1

[[topology]]
parameters = 'table_ii'
grid = 12
bands_start = 2
bands_end_exclusive = 3
admitted = false
error = 'SampledGap { point: [0, 0], gap: 4.440892098500626e-16 }'

[[topology]]
parameters = 'table_ii'
grid = 12
bands_start = 3
bands_end_exclusive = 4
admitted = false
error = 'SampledGap { point: [0, 0], gap: 4.440892098500626e-16 }'

[[topology]]
parameters = 'table_ii'
grid = 12
bands_start = 4
bands_end_exclusive = 5
admitted = false
error = 'SampledGap { point: [0, 0], gap: 1.3322676295501878e-15 }'

[[topology]]
parameters = 'table_ii'
grid = 12
bands_start = 5
bands_end_exclusive = 6
admitted = false
error = 'SampledGap { point: [0, 0], gap: 1.3322676295501878e-15 }'

[[topology]]
parameters = 'table_ii'
grid = 12
bands_start = 6
bands_end_exclusive = 7
admitted = true
chern = -6.1162522072739985e-17
minimum_link_determinant = 9.4984268678108497e-1
minimum_sampled_external_gap_ghz = 7.5100187236071925e-2

[[topology]]
parameters = 'table_ii'
grid = 12
bands_start = 7
bands_end_exclusive = 8
admitted = false
error = 'SampledGap { point: [0, 0], gap: 8.881784197001252e-16 }'

[[topology]]
parameters = 'table_ii'
grid = 12
bands_start = 8
bands_end_exclusive = 9
admitted = false
error = 'SampledGap { point: [0, 0], gap: 8.881784197001252e-16 }'

[[topology]]
parameters = 'table_ii'
grid = 12
bands_start = 0
bands_end_exclusive = 2
admitted = true
chern = 1.1043592643970545e-17
minimum_link_determinant = 8.9970937325580258e-1
minimum_sampled_external_gap_ghz = 1.2651764272506649e-1

[[topology]]
parameters = 'table_ii'
grid = 12
bands_start = 2
bands_end_exclusive = 5
admitted = false
error = 'SampledGap { point: [0, 0], gap: 1.3322676295501878e-15 }'

[[topology]]
parameters = 'table_ii'
grid = 12
bands_start = 5
bands_end_exclusive = 9
admitted = false
error = 'SampledGap { point: [0, 0], gap: 1.3322676295501878e-15 }'

[[topology]]
parameters = 'table_ii'
grid = 12
bands_start = 2
bands_end_exclusive = 4
admitted = true
chern = 1.4356670437161707e-17
minimum_link_determinant = 8.9941029016202467e-1
minimum_sampled_external_gap_ghz = 1.2651764272506649e-1

[[topology]]
parameters = 'table_ii'
grid = 12
bands_start = 2
bands_end_exclusive = 6
admitted = true
chern = -2.2087185287941090e-17
minimum_link_determinant = 8.7093612358976458e-1
minimum_sampled_external_gap_ghz = 1.2651764272506649e-1

[[topology]]
parameters = 'table_ii'
grid = 12
bands_start = 4
bands_end_exclusive = 6
admitted = true
chern = -1.8375502822756613e-16
minimum_link_determinant = 9.5034032099688071e-1
minimum_sampled_external_gap_ghz = 4.7748650761992906e-1

[[topology]]
parameters = 'table_ii'
grid = 12
bands_start = 6
bands_end_exclusive = 9
admitted = true
chern = -1.7494819448433727e-16
minimum_link_determinant = 9.4905120842028379e-1
minimum_sampled_external_gap_ghz = 9.7855707014757209e-1

[[topology]]
parameters = 'table_ii'
grid = 12
bands_start = 7
bands_end_exclusive = 9
admitted = true
chern = -5.6201533189706354e-17
minimum_link_determinant = 9.3056764618372345e-1
minimum_sampled_external_gap_ghz = 7.5100187236071925e-2

[[topology]]
parameters = 'table_ii'
grid = 12
bands_start = 2
bands_end_exclusive = 9
admitted = true
chern = 1.4853632106140383e-16
minimum_link_determinant = 8.9970937325580380e-1
minimum_sampled_external_gap_ghz = 1.2651764272506649e-1

[[topology]]
parameters = 'table_ii'
grid = 12
bands_start = 0
bands_end_exclusive = 9
admitted = true
chern = -3.0784014495067775e-17
minimum_link_determinant = 9.9999999999999512e-1

[[topology]]
parameters = 'table_ii'
grid = 24
bands_start = 0
bands_end_exclusive = 1
admitted = true
chern = 9.9284486211321131e-18
minimum_link_determinant = 9.8478313837492559e-1
minimum_sampled_external_gap_ghz = 1.4333370812256940e-1

[[topology]]
parameters = 'table_ii'
grid = 24
bands_start = 1
bands_end_exclusive = 2
admitted = true
chern = 5.6460367392299414e-17
minimum_link_determinant = 9.5997028924298333e-1
minimum_sampled_external_gap_ghz = 1.2651764272506649e-1

[[topology]]
parameters = 'table_ii'
grid = 24
bands_start = 2
bands_end_exclusive = 3
admitted = false
error = 'SampledGap { point: [0, 0], gap: 4.440892098500626e-16 }'

[[topology]]
parameters = 'table_ii'
grid = 24
bands_start = 3
bands_end_exclusive = 4
admitted = false
error = 'SampledGap { point: [0, 0], gap: 4.440892098500626e-16 }'

[[topology]]
parameters = 'table_ii'
grid = 24
bands_start = 4
bands_end_exclusive = 5
admitted = false
error = 'SampledGap { point: [0, 0], gap: 1.3322676295501878e-15 }'

[[topology]]
parameters = 'table_ii'
grid = 24
bands_start = 5
bands_end_exclusive = 6
admitted = false
error = 'SampledGap { point: [0, 0], gap: 1.3322676295501878e-15 }'

[[topology]]
parameters = 'table_ii'
grid = 24
bands_start = 6
bands_end_exclusive = 7
admitted = true
chern = -1.4157152405996223e-16
minimum_link_determinant = 9.8701982004254296e-1
minimum_sampled_external_gap_ghz = 7.5100187236071925e-2

[[topology]]
parameters = 'table_ii'
grid = 24
bands_start = 7
bands_end_exclusive = 8
admitted = false
error = 'SampledGap { point: [0, 0], gap: 8.881784197001252e-16 }'

[[topology]]
parameters = 'table_ii'
grid = 24
bands_start = 8
bands_end_exclusive = 9
admitted = false
error = 'SampledGap { point: [0, 0], gap: 8.881784197001252e-16 }'

[[topology]]
parameters = 'table_ii'
grid = 24
bands_start = 0
bands_end_exclusive = 2
admitted = true
chern = -2.6918757069678201e-17
minimum_link_determinant = 9.6129759321250774e-1
minimum_sampled_external_gap_ghz = 1.2651764272506649e-1

[[topology]]
parameters = 'table_ii'
grid = 24
bands_start = 2
bands_end_exclusive = 5
admitted = false
error = 'SampledGap { point: [0, 0], gap: 1.3322676295501878e-15 }'

[[topology]]
parameters = 'table_ii'
grid = 24
bands_start = 5
bands_end_exclusive = 9
admitted = false
error = 'SampledGap { point: [0, 0], gap: 1.3322676295501878e-15 }'

[[topology]]
parameters = 'table_ii'
grid = 24
bands_start = 2
bands_end_exclusive = 4
admitted = true
chern = -4.1137382598790276e-17
minimum_link_determinant = 9.6089573656516014e-1
minimum_sampled_external_gap_ghz = 1.2651764272506649e-1

[[topology]]
parameters = 'table_ii'
grid = 24
bands_start = 2
bands_end_exclusive = 6
admitted = true
chern = 3.7258320682595622e-16
minimum_link_determinant = 9.5353936866037048e-1
minimum_sampled_external_gap_ghz = 1.2651764272506649e-1

[[topology]]
parameters = 'table_ii'
grid = 24
bands_start = 4
bands_end_exclusive = 6
admitted = true
chern = 2.9446057362830603e-16
minimum_link_determinant = 9.8736885325713142e-1
minimum_sampled_external_gap_ghz = 4.7748650761992906e-1

[[topology]]
parameters = 'table_ii'
grid = 24
bands_start = 6
bands_end_exclusive = 9
admitted = true
chern = 1.0663322061327575e-16
minimum_link_determinant = 9.8704875947608484e-1
minimum_sampled_external_gap_ghz = 9.7855707014757209e-1

[[topology]]
parameters = 'table_ii'
grid = 24
bands_start = 7
bands_end_exclusive = 9
admitted = true
chern = -6.8077709185351239e-17
minimum_link_determinant = 9.8192387167760387e-1
minimum_sampled_external_gap_ghz = 7.5100187236071925e-2

[[topology]]
parameters = 'table_ii'
grid = 24
bands_start = 2
bands_end_exclusive = 9
admitted = true
chern = -2.5966247204135741e-16
minimum_link_determinant = 9.6129759321250907e-1
minimum_sampled_external_gap_ghz = 1.2651764272506649e-1

[[topology]]
parameters = 'table_ii'
grid = 24
bands_start = 0
bands_end_exclusive = 9
admitted = true
chern = -3.7065057811326532e-17
minimum_link_determinant = 9.9999999999999445e-1

[[topology]]
parameters = 'table_ii'
grid = 48
bands_start = 0
bands_end_exclusive = 1
admitted = true
chern = 2.7636752362912907e-17
minimum_link_determinant = 9.9612979983342598e-1
minimum_sampled_external_gap_ghz = 1.4333370812256940e-1

[[topology]]
parameters = 'table_ii'
grid = 48
bands_start = 1
bands_end_exclusive = 2
admitted = true
chern = -1.2058222718135339e-16
minimum_link_determinant = 9.8816597728566935e-1
minimum_sampled_external_gap_ghz = 1.2651764272506649e-1

[[topology]]
parameters = 'table_ii'
grid = 48
bands_start = 2
bands_end_exclusive = 3
admitted = false
error = 'SampledGap { point: [0, 0], gap: 4.440892098500626e-16 }'

[[topology]]
parameters = 'table_ii'
grid = 48
bands_start = 3
bands_end_exclusive = 4
admitted = false
error = 'SampledGap { point: [0, 0], gap: 4.440892098500626e-16 }'

[[topology]]
parameters = 'table_ii'
grid = 48
bands_start = 4
bands_end_exclusive = 5
admitted = false
error = 'SampledGap { point: [0, 0], gap: 1.3322676295501878e-15 }'

[[topology]]
parameters = 'table_ii'
grid = 48
bands_start = 5
bands_end_exclusive = 6
admitted = false
error = 'SampledGap { point: [0, 0], gap: 1.3322676295501878e-15 }'

[[topology]]
parameters = 'table_ii'
grid = 48
bands_start = 6
bands_end_exclusive = 7
admitted = true
chern = -4.7990826969324638e-17
minimum_link_determinant = 9.9672504316605237e-1
minimum_sampled_external_gap_ghz = 7.5100187236071925e-2

[[topology]]
parameters = 'table_ii'
grid = 48
bands_start = 7
bands_end_exclusive = 8
admitted = false
error = 'SampledGap { point: [0, 0], gap: 8.881784197001252e-16 }'

[[topology]]
parameters = 'table_ii'
grid = 48
bands_start = 8
bands_end_exclusive = 9
admitted = false
error = 'SampledGap { point: [0, 0], gap: 8.881784197001252e-16 }'

[[topology]]
parameters = 'table_ii'
grid = 48
bands_start = 0
bands_end_exclusive = 2
admitted = true
chern = -8.3862281640151318e-18
minimum_link_determinant = 9.8850781339886162e-1
minimum_sampled_external_gap_ghz = 1.2651764272506649e-1

[[topology]]
parameters = 'table_ii'
grid = 48
bands_start = 2
bands_end_exclusive = 5
admitted = false
error = 'SampledGap { point: [0, 0], gap: 1.3322676295501878e-15 }'

[[topology]]
parameters = 'table_ii'
grid = 48
bands_start = 5
bands_end_exclusive = 9
admitted = false
error = 'SampledGap { point: [0, 0], gap: 1.3322676295501878e-15 }'

[[topology]]
parameters = 'table_ii'
grid = 48
bands_start = 2
bands_end_exclusive = 4
admitted = true
chern = -6.8380545202385114e-16
minimum_link_determinant = 9.8840200061585659e-1
minimum_sampled_external_gap_ghz = 1.2651764272506649e-1

[[topology]]
parameters = 'table_ii'
grid = 48
bands_start = 2
bands_end_exclusive = 6
admitted = true
chern = -8.2714783341988758e-16
minimum_link_determinant = 9.8651174626306859e-1
minimum_sampled_external_gap_ghz = 1.2651764272506649e-1

[[topology]]
parameters = 'table_ii'
grid = 48
bands_start = 4
bands_end_exclusive = 6
admitted = true
chern = 5.0202241687729091e-17
minimum_link_determinant = 9.9682822096736778e-1
minimum_sampled_external_gap_ghz = 4.7748650761992906e-1

[[topology]]
parameters = 'table_ii'
grid = 48
bands_start = 6
bands_end_exclusive = 9
admitted = true
chern = 1.5107488468665344e-16
minimum_link_determinant = 9.9674869039503922e-1
minimum_sampled_external_gap_ghz = 9.7855707014757209e-1

[[topology]]
parameters = 'table_ii'
grid = 48
bands_start = 7
bands_end_exclusive = 9
admitted = true
chern = -1.2291281348053505e-16
minimum_link_determinant = 9.9543290137626461e-1
minimum_sampled_external_gap_ghz = 7.5100187236071925e-2

[[topology]]
parameters = 'table_ii'
grid = 48
bands_start = 2
bands_end_exclusive = 9
admitted = true
chern = 2.0679127225834843e-16
minimum_link_determinant = 9.8850781339886140e-1
minimum_sampled_external_gap_ghz = 1.2651764272506649e-1

[[topology]]
parameters = 'table_ii'
grid = 48
bands_start = 0
bands_end_exclusive = 9
admitted = true
chern = -9.8680539738601787e-18
minimum_link_determinant = 9.9999999999999278e-1

[[topology]]
parameters = 'table_ii'
grid = 96
bands_start = 0
bands_end_exclusive = 1
admitted = true
chern = -1.8014759393366563e-17
minimum_link_determinant = 9.9902758264885883e-1
minimum_sampled_external_gap_ghz = 1.4333370812256940e-1

[[topology]]
parameters = 'table_ii'
grid = 96
bands_start = 1
bands_end_exclusive = 2
admitted = true
chern = 1.8135002709513896e-16
minimum_link_determinant = 9.9689403956817069e-1
minimum_sampled_external_gap_ghz = 1.2651764272506649e-1

[[topology]]
parameters = 'table_ii'
grid = 96
bands_start = 2
bands_end_exclusive = 3
admitted = false
error = 'SampledGap { point: [0, 0], gap: 4.440892098500626e-16 }'

[[topology]]
parameters = 'table_ii'
grid = 96
bands_start = 3
bands_end_exclusive = 4
admitted = false
error = 'SampledGap { point: [0, 0], gap: 4.440892098500626e-16 }'

[[topology]]
parameters = 'table_ii'
grid = 96
bands_start = 4
bands_end_exclusive = 5
admitted = false
error = 'SampledGap { point: [0, 0], gap: 1.3322676295501878e-15 }'

[[topology]]
parameters = 'table_ii'
grid = 96
bands_start = 5
bands_end_exclusive = 6
admitted = false
error = 'SampledGap { point: [0, 0], gap: 1.3322676295501878e-15 }'

[[topology]]
parameters = 'table_ii'
grid = 96
bands_start = 6
bands_end_exclusive = 7
admitted = true
chern = -3.3692716085381098e-16
minimum_link_determinant = 9.9917935062789853e-1
minimum_sampled_external_gap_ghz = 7.5100187236071925e-2

[[topology]]
parameters = 'table_ii'
grid = 96
bands_start = 7
bands_end_exclusive = 8
admitted = false
error = 'SampledGap { point: [0, 0], gap: 8.881784197001252e-16 }'

[[topology]]
parameters = 'table_ii'
grid = 96
bands_start = 8
bands_end_exclusive = 9
admitted = false
error = 'SampledGap { point: [0, 0], gap: 8.881784197001252e-16 }'

[[topology]]
parameters = 'table_ii'
grid = 96
bands_start = 0
bands_end_exclusive = 2
admitted = true
chern = -7.6709829841829776e-17
minimum_link_determinant = 9.9697986345625000e-1
minimum_sampled_external_gap_ghz = 1.2651764272506649e-1

[[topology]]
parameters = 'table_ii'
grid = 96
bands_start = 2
bands_end_exclusive = 5
admitted = false
error = 'SampledGap { point: [0, 0], gap: 1.3322676295501878e-15 }'

[[topology]]
parameters = 'table_ii'
grid = 96
bands_start = 5
bands_end_exclusive = 9
admitted = false
error = 'SampledGap { point: [0, 0], gap: 1.3322676295501878e-15 }'

[[topology]]
parameters = 'table_ii'
grid = 96
bands_start = 2
bands_end_exclusive = 4
admitted = true
chern = -2.5435421393651143e-16
minimum_link_determinant = 9.9695344536638431e-1
minimum_sampled_external_gap_ghz = 1.2651764272506649e-1

[[topology]]
parameters = 'table_ii'
grid = 96
bands_start = 2
bands_end_exclusive = 6
admitted = true
chern = -1.2336404777372229e-15
minimum_link_determinant = 9.9647656355018077e-1
minimum_sampled_external_gap_ghz = 1.2651764272506649e-1

[[topology]]
parameters = 'table_ii'
grid = 96
bands_start = 4
bands_end_exclusive = 6
admitted = true
chern = -3.8785762650410905e-16
minimum_link_determinant = 9.9920620745125788e-1
minimum_sampled_external_gap_ghz = 4.7748650761992906e-1

[[topology]]
parameters = 'table_ii'
grid = 96
bands_start = 6
bands_end_exclusive = 9
admitted = true
chern = 8.6111534430779569e-16
minimum_link_determinant = 9.9918632697001886e-1
minimum_sampled_external_gap_ghz = 9.7855707014757209e-1

[[topology]]
parameters = 'table_ii'
grid = 96
bands_start = 7
bands_end_exclusive = 9
admitted = true
chern = -2.7799635917747840e-16
minimum_link_determinant = 9.9885516646762962e-1
minimum_sampled_external_gap_ghz = 7.5100187236071925e-2

[[topology]]
parameters = 'table_ii'
grid = 96
bands_start = 2
bands_end_exclusive = 9
admitted = true
chern = 2.3942163739858017e-18
minimum_link_determinant = 9.9697986345625078e-1
minimum_sampled_external_gap_ghz = 1.2651764272506649e-1

[[topology]]
parameters = 'table_ii'
grid = 96
bands_start = 0
bands_end_exclusive = 9
admitted = true
chern = 9.0572774037545129e-16
minimum_link_determinant = 9.9999999999999234e-1

[[topology]]
parameters = 'table_ii_reversed'
grid = 12
bands_start = 0
bands_end_exclusive = 1
admitted = true
chern = -9.7235382107459408e-17
minimum_link_determinant = 9.2085794893365491e-1
minimum_sampled_external_gap_ghz = 1.4333370812256874e-1

[[topology]]
parameters = 'table_ii_reversed'
grid = 12
bands_start = 1
bands_end_exclusive = 2
admitted = true
chern = 6.3224567886731366e-17
minimum_link_determinant = 9.0363085152441869e-1
minimum_sampled_external_gap_ghz = 1.2651764272506649e-1

[[topology]]
parameters = 'table_ii_reversed'
grid = 12
bands_start = 2
bands_end_exclusive = 3
admitted = false
error = 'SampledGap { point: [0, 0], gap: 4.440892098500626e-16 }'

[[topology]]
parameters = 'table_ii_reversed'
grid = 12
bands_start = 3
bands_end_exclusive = 4
admitted = false
error = 'SampledGap { point: [0, 0], gap: 4.440892098500626e-16 }'

[[topology]]
parameters = 'table_ii_reversed'
grid = 12
bands_start = 4
bands_end_exclusive = 5
admitted = false
error = 'SampledGap { point: [0, 0], gap: 3.552713678800501e-15 }'

[[topology]]
parameters = 'table_ii_reversed'
grid = 12
bands_start = 5
bands_end_exclusive = 6
admitted = false
error = 'SampledGap { point: [0, 0], gap: 3.552713678800501e-15 }'

[[topology]]
parameters = 'table_ii_reversed'
grid = 12
bands_start = 6
bands_end_exclusive = 7
admitted = true
chern = -2.2777409828189248e-18
minimum_link_determinant = 9.8541051823818882e-1
minimum_sampled_external_gap_ghz = 7.5100187236070148e-2

[[topology]]
parameters = 'table_ii_reversed'
grid = 12
bands_start = 7
bands_end_exclusive = 8
admitted = false
error = 'SampledGap { point: [0, 0], gap: 1.7763568394002505e-15 }'

[[topology]]
parameters = 'table_ii_reversed'
grid = 12
bands_start = 8
bands_end_exclusive = 9
admitted = false
error = 'SampledGap { point: [0, 0], gap: 1.7763568394002505e-15 }'

[[topology]]
parameters = 'table_ii_reversed'
grid = 12
bands_start = 0
bands_end_exclusive = 2
admitted = true
chern = -8.3379124461977605e-17
minimum_link_determinant = 9.0656934627080055e-1
minimum_sampled_external_gap_ghz = 1.2651764272506649e-1

[[topology]]
parameters = 'table_ii_reversed'
grid = 12
bands_start = 2
bands_end_exclusive = 5
admitted = false
error = 'SampledGap { point: [0, 0], gap: 3.552713678800501e-15 }'

[[topology]]
parameters = 'table_ii_reversed'
grid = 12
bands_start = 5
bands_end_exclusive = 9
admitted = false
error = 'SampledGap { point: [0, 0], gap: 3.552713678800501e-15 }'

[[topology]]
parameters = 'table_ii_reversed'
grid = 12
bands_start = 2
bands_end_exclusive = 4
admitted = true
chern = -2.4213076871905418e-16
minimum_link_determinant = 8.8296097479009517e-1
minimum_sampled_external_gap_ghz = 1.2651764272506649e-1

[[topology]]
parameters = 'table_ii_reversed'
grid = 12
bands_start = 2
bands_end_exclusive = 6
admitted = true
chern = 1.0022060324403270e-16
minimum_link_determinant = 8.9906203814176489e-1
minimum_sampled_external_gap_ghz = 1.2651764272506649e-1

[[topology]]
parameters = 'table_ii_reversed'
grid = 12
bands_start = 4
bands_end_exclusive = 6
admitted = true
chern = -3.7858816032611521e-17
minimum_link_determinant = 9.6323020791547265e-1
minimum_sampled_external_gap_ghz = 4.7748650761992995e-1

[[topology]]
parameters = 'table_ii_reversed'
grid = 12
bands_start = 6
bands_end_exclusive = 9
admitted = true
chern = 1.1043592643970545e-17
minimum_link_determinant = 9.7560782047588679e-1
minimum_sampled_external_gap_ghz = 9.7855707014756810e-1

[[topology]]
parameters = 'table_ii_reversed'
grid = 12
bands_start = 7
bands_end_exclusive = 9
admitted = true
chern = -7.5010151911468677e-17
minimum_link_determinant = 9.8044766097816194e-1
minimum_sampled_external_gap_ghz = 7.5100187236070148e-2

[[topology]]
parameters = 'table_ii_reversed'
grid = 12
bands_start = 2
bands_end_exclusive = 9
admitted = true
chern = 1.7117568598154344e-17
minimum_link_determinant = 9.0656934627080155e-1
minimum_sampled_external_gap_ghz = 1.2651764272506649e-1

[[topology]]
parameters = 'table_ii_reversed'
grid = 12
bands_start = 0
bands_end_exclusive = 9
admitted = true
chern = -1.0104887269233032e-16
minimum_link_determinant = 9.9999999999999434e-1

[[topology]]
parameters = 'table_ii_reversed'
grid = 24
bands_start = 0
bands_end_exclusive = 1
admitted = true
chern = -1.3874160344494480e-16
minimum_link_determinant = 9.7871625449871325e-1
minimum_sampled_external_gap_ghz = 1.4333370812256874e-1

[[topology]]
parameters = 'table_ii_reversed'
grid = 24
bands_start = 1
bands_end_exclusive = 2
admitted = true
chern = 3.9342798794145066e-17
minimum_link_determinant = 9.6217222629834154e-1
minimum_sampled_external_gap_ghz = 1.2651764272506649e-1

[[topology]]
parameters = 'table_ii_reversed'
grid = 24
bands_start = 2
bands_end_exclusive = 3
admitted = false
error = 'SampledGap { point: [0, 0], gap: 4.440892098500626e-16 }'

[[topology]]
parameters = 'table_ii_reversed'
grid = 24
bands_start = 3
bands_end_exclusive = 4
admitted = false
error = 'SampledGap { point: [0, 0], gap: 4.440892098500626e-16 }'

[[topology]]
parameters = 'table_ii_reversed'
grid = 24
bands_start = 4
bands_end_exclusive = 5
admitted = false
error = 'SampledGap { point: [0, 0], gap: 3.552713678800501e-15 }'

[[topology]]
parameters = 'table_ii_reversed'
grid = 24
bands_start = 5
bands_end_exclusive = 6
admitted = false
error = 'SampledGap { point: [0, 0], gap: 3.552713678800501e-15 }'

[[topology]]
parameters = 'table_ii_reversed'
grid = 24
bands_start = 6
bands_end_exclusive = 7
admitted = true
chern = -1.6716375584135101e-18
minimum_link_determinant = 9.9620245561315801e-1
minimum_sampled_external_gap_ghz = 7.5100187236070148e-2

[[topology]]
parameters = 'table_ii_reversed'
grid = 24
bands_start = 7
bands_end_exclusive = 8
admitted = false
error = 'SampledGap { point: [0, 0], gap: 1.7763568394002505e-15 }'

[[topology]]
parameters = 'table_ii_reversed'
grid = 24
bands_start = 8
bands_end_exclusive = 9
admitted = false
error = 'SampledGap { point: [0, 0], gap: 1.7763568394002505e-15 }'

[[topology]]
parameters = 'table_ii_reversed'
grid = 24
bands_start = 0
bands_end_exclusive = 2
admitted = true
chern = -3.4511227012407952e-17
minimum_link_determinant = 9.6348438773983125e-1
minimum_sampled_external_gap_ghz = 1.2651764272506649e-1

[[topology]]
parameters = 'table_ii_reversed'
grid = 24
bands_start = 2
bands_end_exclusive = 5
admitted = false
error = 'SampledGap { point: [0, 0], gap: 3.552713678800501e-15 }'

[[topology]]
parameters = 'table_ii_reversed'
grid = 24
bands_start = 5
bands_end_exclusive = 9
admitted = false
error = 'SampledGap { point: [0, 0], gap: 3.552713678800501e-15 }'

[[topology]]
parameters = 'table_ii_reversed'
grid = 24
bands_start = 2
bands_end_exclusive = 4
admitted = true
chern = -1.0177360845959104e-16
minimum_link_determinant = 9.5664152847699602e-1
minimum_sampled_external_gap_ghz = 1.2651764272506649e-1

[[topology]]
parameters = 'table_ii_reversed'
grid = 24
bands_start = 2
bands_end_exclusive = 6
admitted = true
chern = 3.5857164865891859e-16
minimum_link_determinant = 9.6137933339557591e-1
minimum_sampled_external_gap_ghz = 1.2651764272506649e-1

[[topology]]
parameters = 'table_ii_reversed'
grid = 24
bands_start = 4
bands_end_exclusive = 6
admitted = true
chern = -7.5583901060549963e-17
minimum_link_determinant = 9.9062503476583563e-1
minimum_sampled_external_gap_ghz = 4.7748650761992995e-1

[[topology]]
parameters = 'table_ii_reversed'
grid = 24
bands_start = 6
bands_end_exclusive = 9
admitted = true
chern = 6.8818082852351801e-17
minimum_link_determinant = 9.9379798306187983e-1
minimum_sampled_external_gap_ghz = 9.7855707014756810e-1

[[topology]]
parameters = 'table_ii_reversed'
grid = 24
bands_start = 7
bands_end_exclusive = 9
admitted = true
chern = -5.6245750699316000e-17
minimum_link_determinant = 9.9489823175515613e-1
minimum_sampled_external_gap_ghz = 7.5100187236070148e-2

[[topology]]
parameters = 'table_ii_reversed'
grid = 24
bands_start = 2
bands_end_exclusive = 9
admitted = true
chern = 4.1689562230988803e-17
minimum_link_determinant = 9.6348438773983569e-1
minimum_sampled_external_gap_ghz = 1.2651764272506649e-1

[[topology]]
parameters = 'table_ii_reversed'
grid = 24
bands_start = 0
bands_end_exclusive = 9
admitted = true
chern = -3.7936466293389447e-16
minimum_link_determinant = 9.9999999999999345e-1

[[topology]]
parameters = 'table_ii_reversed'
grid = 48
bands_start = 0
bands_end_exclusive = 1
admitted = true
chern = 6.0949792712483824e-17
minimum_link_determinant = 9.9461395783396678e-1
minimum_sampled_external_gap_ghz = 1.4333370812256874e-1

[[topology]]
parameters = 'table_ii_reversed'
grid = 48
bands_start = 1
bands_end_exclusive = 2
admitted = true
chern = -2.9222381472756434e-17
minimum_link_determinant = 9.8876906708652923e-1
minimum_sampled_external_gap_ghz = 1.2651764272506649e-1

[[topology]]
parameters = 'table_ii_reversed'
grid = 48
bands_start = 2
bands_end_exclusive = 3
admitted = false
error = 'SampledGap { point: [0, 0], gap: 4.440892098500626e-16 }'

[[topology]]
parameters = 'table_ii_reversed'
grid = 48
bands_start = 3
bands_end_exclusive = 4
admitted = false
error = 'SampledGap { point: [0, 0], gap: 4.440892098500626e-16 }'

[[topology]]
parameters = 'table_ii_reversed'
grid = 48
bands_start = 4
bands_end_exclusive = 5
admitted = false
error = 'SampledGap { point: [0, 0], gap: 3.552713678800501e-15 }'

[[topology]]
parameters = 'table_ii_reversed'
grid = 48
bands_start = 5
bands_end_exclusive = 6
admitted = false
error = 'SampledGap { point: [0, 0], gap: 3.552713678800501e-15 }'

[[topology]]
parameters = 'table_ii_reversed'
grid = 48
bands_start = 6
bands_end_exclusive = 7
admitted = true
chern = -7.4177568559794334e-18
minimum_link_determinant = 9.9904034560777499e-1
minimum_sampled_external_gap_ghz = 7.5100187236070148e-2

[[topology]]
parameters = 'table_ii_reversed'
grid = 48
bands_start = 7
bands_end_exclusive = 8
admitted = false
error = 'SampledGap { point: [0, 0], gap: 1.7763568394002505e-15 }'

[[topology]]
parameters = 'table_ii_reversed'
grid = 48
bands_start = 8
bands_end_exclusive = 9
admitted = false
error = 'SampledGap { point: [0, 0], gap: 1.7763568394002505e-15 }'

[[topology]]
parameters = 'table_ii_reversed'
grid = 48
bands_start = 0
bands_end_exclusive = 2
admitted = true
chern = 1.1242032199291891e-17
minimum_link_determinant = 9.8910881622327440e-1
minimum_sampled_external_gap_ghz = 1.2651764272506649e-1

[[topology]]
parameters = 'table_ii_reversed'
grid = 48
bands_start = 2
bands_end_exclusive = 5
admitted = false
error = 'SampledGap { point: [0, 0], gap: 3.552713678800501e-15 }'

[[topology]]
parameters = 'table_ii_reversed'
grid = 48
bands_start = 5
bands_end_exclusive = 9
admitted = false
error = 'SampledGap { point: [0, 0], gap: 3.552713678800501e-15 }'

[[topology]]
parameters = 'table_ii_reversed'
grid = 48
bands_start = 2
bands_end_exclusive = 4
admitted = true
chern = 2.4477087758550338e-17
minimum_link_determinant = 9.8734648404273584e-1
minimum_sampled_external_gap_ghz = 1.2651764272506649e-1

[[topology]]
parameters = 'table_ii_reversed'
grid = 48
bands_start = 2
bands_end_exclusive = 6
admitted = true
chern = -5.6340440878431292e-16
minimum_link_determinant = 9.8855842089620904e-1
minimum_sampled_external_gap_ghz = 1.2651764272506649e-1

[[topology]]
parameters = 'table_ii_reversed'
grid = 48
bands_start = 4
bands_end_exclusive = 6
admitted = true
chern = 3.9913312515693931e-17
minimum_link_determinant = 9.9764444766260552e-1
minimum_sampled_external_gap_ghz = 4.7748650761992995e-1

[[topology]]
parameters = 'table_ii_reversed'
grid = 48
bands_start = 6
bands_end_exclusive = 9
admitted = true
chern = 4.7868204265846169e-16
minimum_link_determinant = 9.9844294273508727e-1
minimum_sampled_external_gap_ghz = 9.7855707014756810e-1

[[topology]]
parameters = 'table_ii_reversed'
grid = 48
bands_start = 7
bands_end_exclusive = 9
admitted = true
chern = -1.5092002229590927e-16
minimum_link_determinant = 9.9871006185776068e-1
minimum_sampled_external_gap_ghz = 7.5100187236070148e-2

[[topology]]
parameters = 'table_ii_reversed'
grid = 48
bands_start = 2
bands_end_exclusive = 9
admitted = true
chern = 4.5454737098042517e-16
minimum_link_determinant = 9.8910881622327418e-1
minimum_sampled_external_gap_ghz = 1.2651764272506649e-1

[[topology]]
parameters = 'table_ii_reversed'
grid = 48
bands_start = 0
bands_end_exclusive = 9
admitted = true
chern = 6.7558315218814440e-16
minimum_link_determinant = 9.9999999999999267e-1

[[topology]]
parameters = 'table_ii_reversed'
grid = 96
bands_start = 0
bands_end_exclusive = 1
admitted = true
chern = -6.7711431826785951e-18
minimum_link_determinant = 9.9864775960977858e-1
minimum_sampled_external_gap_ghz = 1.4333370812256874e-1

[[topology]]
parameters = 'table_ii_reversed'
grid = 96
bands_start = 1
bands_end_exclusive = 2
admitted = true
chern = 3.4662213630587235e-17
minimum_link_determinant = 9.9704884868111898e-1
minimum_sampled_external_gap_ghz = 1.2651764272506649e-1

[[topology]]
parameters = 'table_ii_reversed'
grid = 96
bands_start = 2
bands_end_exclusive = 3
admitted = false
error = 'SampledGap { point: [0, 0], gap: 4.440892098500626e-16 }'

[[topology]]
parameters = 'table_ii_reversed'
grid = 96
bands_start = 3
bands_end_exclusive = 4
admitted = false
error = 'SampledGap { point: [0, 0], gap: 4.440892098500626e-16 }'

[[topology]]
parameters = 'table_ii_reversed'
grid = 96
bands_start = 4
bands_end_exclusive = 5
admitted = false
error = 'SampledGap { point: [0, 0], gap: 3.552713678800501e-15 }'

[[topology]]
parameters = 'table_ii_reversed'
grid = 96
bands_start = 5
bands_end_exclusive = 6
admitted = false
error = 'SampledGap { point: [0, 0], gap: 3.552713678800501e-15 }'

[[topology]]
parameters = 'table_ii_reversed'
grid = 96
bands_start = 6
bands_end_exclusive = 7
admitted = true
chern = 2.1258275494610840e-17
minimum_link_determinant = 9.9975942919747074e-1
minimum_sampled_external_gap_ghz = 7.5100187236070148e-2

[[topology]]
parameters = 'table_ii_reversed'
grid = 96
bands_start = 7
bands_end_exclusive = 8
admitted = false
error = 'SampledGap { point: [0, 0], gap: 1.7763568394002505e-15 }'

[[topology]]
parameters = 'table_ii_reversed'
grid = 96
bands_start = 8
bands_end_exclusive = 9
admitted = false
error = 'SampledGap { point: [0, 0], gap: 1.7763568394002505e-15 }'

[[topology]]
parameters = 'table_ii_reversed'
grid = 96
bands_start = 0
bands_end_exclusive = 2
admitted = true
chern = 2.7754575848884956e-17
minimum_link_determinant = 9.9713395677899264e-1
minimum_sampled_external_gap_ghz = 1.2651764272506649e-1

[[topology]]
parameters = 'table_ii_reversed'
grid = 96
bands_start = 2
bands_end_exclusive = 5
admitted = false
error = 'SampledGap { point: [0, 0], gap: 3.552713678800501e-15 }'

[[topology]]
parameters = 'table_ii_reversed'
grid = 96
bands_start = 5
bands_end_exclusive = 9
admitted = false
error = 'SampledGap { point: [0, 0], gap: 3.552713678800501e-15 }'

[[topology]]
parameters = 'table_ii_reversed'
grid = 96
bands_start = 2
bands_end_exclusive = 4
admitted = true
chern = -4.2669950697102227e-16
minimum_link_determinant = 9.9669012192212669e-1
minimum_sampled_external_gap_ghz = 1.2651764272506649e-1

[[topology]]
parameters = 'table_ii_reversed'
grid = 96
bands_start = 2
bands_end_exclusive = 6
admitted = true
chern = -1.0617152510440037e-15
minimum_link_determinant = 9.9699529396135089e-1
minimum_sampled_external_gap_ghz = 1.2651764272506649e-1

[[topology]]
parameters = 'table_ii_reversed'
grid = 96
bands_start = 4
bands_end_exclusive = 6
admitted = true
chern = 6.8837111210526808e-16
minimum_link_determinant = 9.9941036706942077e-1
minimum_sampled_external_gap_ghz = 4.7748650761992995e-1

[[topology]]
parameters = 'table_ii_reversed'
grid = 96
bands_start = 6
bands_end_exclusive = 9
admitted = true
chern = 5.9651194893202033e-16
minimum_link_determinant = 9.9961032525894744e-1
minimum_sampled_external_gap_ghz = 9.7855707014756810e-1

[[topology]]
parameters = 'table_ii_reversed'
grid = 96
bands_start = 7
bands_end_exclusive = 9
admitted = true
chern = -8.9168767000328514e-16
minimum_link_determinant = 9.9967658965880501e-1
minimum_sampled_external_gap_ghz = 7.5100187236070148e-2

[[topology]]
parameters = 'table_ii_reversed'
grid = 96
bands_start = 2
bands_end_exclusive = 9
admitted = true
chern = 5.5621421033144657e-16
minimum_link_determinant = 9.9713395677899452e-1
minimum_sampled_external_gap_ghz = 1.2651764272506649e-1

[[topology]]
parameters = 'table_ii_reversed'
grid = 96
bands_start = 0
bands_end_exclusive = 9
admitted = true
chern = 4.9071837231696062e-16
minimum_link_determinant = 9.9999999999999245e-1

test source_subspace_topology_grid_refinement_retains_admission_failures ... ok

test result: ok. 5 passed; 0 failed; 0 ignored; 0 measured; 0 filtered out; finished in 2.55s

