    Blocking waiting for file lock on build directory
   Compiling gr_core v0.1.0 (/home/eirikr/worktrees/open_gororoba/claim-evidence-adjudication/crates/gr_core)
   Compiling quantum_core v0.1.0 (/home/eirikr/worktrees/open_gororoba/claim-evidence-adjudication/crates/quantum_core)
   Compiling cosmology_core v0.1.0 (/home/eirikr/worktrees/open_gororoba/claim-evidence-adjudication/crates/cosmology_core)
   Compiling lbm_3d v0.1.0 (/home/eirikr/worktrees/open_gororoba/claim-evidence-adjudication/crates/lbm_3d)
    Finished `validation` profile [optimized + debuginfo] target(s) in 24.96s
     Running tests/dm_guo_sensitivity.rs (/home/eirikr/Github/open_gororoba/.cache/gate-cbuild/8ee62ced707fec8e/validation/deps/dm_guo_sensitivity-2b08da88af5681cc)

running 1 test
force,tau,density,positive_increment,negative_increment,central_response,relative_error,zero_drift,mass_error,resolved
1.00000000000000002e-2,0.6,0.5,2.00000000000000178e-2,-1.99999999999999171e-2,1.99999999999999692e-2,1.55431223447521916e-15,5.55111512312578270e-17,1.11022302462515654e-16,true
1.00000000000000002e-2,0.6,1,1.00000000000000089e-2,-9.99999999999990480e-3,9.99999999999995684e-3,4.32986979603811051e-15,5.55111512312578270e-17,1.11022302462515654e-16,true
1.00000000000000002e-2,0.6,2,5.00000000000011546e-3,-4.99999999999997669e-3,5.00000000000004607e-3,9.10382880192628363e-15,5.55111512312578270e-17,1.11022302462515654e-16,true
1.00000000000000002e-2,0.8,0.5,2.00000000000000178e-2,-1.99999999999999171e-2,1.99999999999999692e-2,1.55431223447521916e-15,5.55111512312578270e-17,1.11022302462515654e-16,true
1.00000000000000002e-2,0.8,1,1.00000000000000991e-2,-9.99999999999991868e-3,1.00000000000000089e-2,8.88178419700125232e-16,5.55111512312578270e-17,1.11022302462515654e-16,true
1.00000000000000002e-2,0.8,2,5.00000000000010852e-3,-4.99999999999997669e-3,5.00000000000004260e-3,8.43769498715118971e-15,5.55111512312578270e-17,1.11022302462515654e-16,true
1.00000000000000002e-2,1,0.5,2.00000000000000316e-2,-1.99999999999999171e-2,1.99999999999999761e-2,1.22124532708767219e-15,5.55111512312578270e-17,1.11022302462515654e-16,true
1.00000000000000002e-2,1,1,1.00000000000000783e-2,-9.99999999999991868e-3,9.99999999999999847e-3,2.22044604925031308e-16,5.55111512312578270e-17,1.11022302462515654e-16,true
1.00000000000000002e-2,1,2,5.00000000000011546e-3,-4.99999999999998362e-3,5.00000000000004954e-3,9.99200722162640886e-15,5.55111512312578270e-17,1.11022302462515654e-16,true
all_tau_density_resolved,1.00000000000000002e-2,true
1.00000000000000005e-4,0.6,0.5,1.99999999999984912e-4,-1.99999999999971034e-4,1.99999999999977973e-4,1.10134124042815529e-13,5.55111512312578270e-17,1.11022302462515654e-16,true
1.00000000000000005e-4,0.6,1,1.00000000000079192e-4,-9.99999999999195976e-5,9.99999999999993949e-5,6.10622663543836097e-15,5.55111512312578270e-17,1.11022302462515654e-16,true
1.00000000000000005e-4,0.6,2,4.99999999998973488e-5,-4.99999999999042877e-5,4.99999999999008182e-5,1.98363547809776719e-12,5.55111512312578270e-17,1.11022302462515654e-16,true
1.00000000000000005e-4,0.8,0.5,2.00000000000165323e-4,-1.99999999999991851e-4,2.00000000000078587e-4,3.92796906112380384e-13,5.55111512312578270e-17,1.11022302462515654e-16,true
1.00000000000000005e-4,0.8,1,1.00000000000079192e-4,-9.99999999999195976e-5,9.99999999999993949e-5,6.10622663543836097e-15,5.55111512312578270e-17,1.11022302462515654e-16,true
1.00000000000000005e-4,0.8,2,5.00000000000708211e-5,-4.99999999999736766e-5,5.00000000000222489e-5,4.44977388269762741e-13,5.55111512312578270e-17,1.11022302462515654e-16,true
1.00000000000000005e-4,1,0.5,2.00000000000158384e-4,-1.99999999999971034e-4,2.00000000000064709e-4,3.23518989375770616e-13,5.55111512312578270e-17,1.11022302462515654e-16,true
1.00000000000000005e-4,1,1,1.00000000000079192e-4,-9.99999999999195976e-5,9.99999999999993949e-5,6.10622663543836097e-15,5.55111512312578270e-17,1.11022302462515654e-16,true
1.00000000000000005e-4,1,2,5.00000000000708211e-5,-4.99999999999736766e-5,5.00000000000222489e-5,4.44977388269762741e-13,5.55111512312578270e-17,1.11022302462515654e-16,true
all_tau_density_resolved,1.00000000000000005e-4,true
9.99999999999999955e-7,0.6,0.5,2.00000000012690027e-6,-1.99999999997424460e-6,2.00000000005057244e-6,2.52862175642576403e-11,5.55111512312578270e-17,1.11022302462515654e-16,true
9.99999999999999955e-7,0.6,1,1.00000000004263345e-6,-9.99999999924672256e-7,9.99999999983652854e-7,1.63471458591857299e-11,5.55111512312578270e-17,1.11022302462515654e-16,true
9.99999999999999955e-7,0.6,2,4.99999999951927787e-7,-4.99999999889477742e-7,4.99999999920702765e-7,1.58594470889283912e-10,5.55111512312578270e-17,1.11022302462515654e-16,true
9.99999999999999955e-7,0.8,0.5,2.00000000014771695e-6,-1.99999999997424460e-6,2.00000000006098078e-6,3.04904990144905241e-11,5.55111512312578270e-17,1.11022302462515654e-16,true
9.99999999999999955e-7,0.8,1,1.00000000011896129e-6,-9.99999999931611150e-7,1.00000000002528622e-6,2.52862175642576403e-11,5.55111512312578270e-17,1.11022302462515654e-16,true
9.99999999999999955e-7,0.8,2,4.99999999972744469e-7,-4.99999999861722166e-7,4.99999999917233318e-7,1.65533364793191140e-10,5.55111512312578270e-17,1.11022302462515654e-16,true
9.99999999999999955e-7,1,0.5,2.00000000011996137e-6,-1.99999999996730571e-6,2.00000000004363354e-6,2.18167706123040261e-11,5.55111512312578270e-17,1.11022302462515654e-16,true
9.99999999999999955e-7,1,1,1.00000000002181677e-6,-9.99999999931611150e-7,9.99999999976713960e-7,2.32860397630929583e-11,5.55111512312578270e-17,1.11022302462515654e-16,true
9.99999999999999955e-7,1,2,4.99999999972744469e-7,-4.99999999882538848e-7,4.99999999927641658e-7,1.44716683081469455e-10,5.55111512312578270e-17,1.11022302462515654e-16,true
all_tau_density_resolved,9.99999999999999955e-7,true
1.00000000000000002e-8,0.6,0.5,2.00000000658007160e-8,-1.99999999755950952e-8,2.00000000206979056e-8,1.03489528058275937e-9,5.55111512312578270e-17,1.11022302462515654e-16,true
1.00000000000000002e-8,0.6,1,1.00000001543310013e-8,-1.00000000294309110e-8,1.00000000918809562e-8,9.18809561767375271e-9,5.55111512312578270e-17,1.11022302462515654e-16,true
1.00000000000000002e-8,0.6,2,5.00000015696278055e-9,-5.00000005981826590e-9,5.00000010839052322e-9,2.16781046447067638e-8,5.55111512312578270e-17,1.11022302462515654e-16,true
1.00000000000000002e-8,0.8,0.5,2.00000000658007160e-8,-1.99999999686562013e-8,2.00000000172284587e-8,8.61422932985078660e-10,5.55111512312578270e-17,1.11022302462515654e-16,true
1.00000000000000002e-8,0.8,1,1.00000001265754257e-8,-1.00000000294309110e-8,1.00000000780031684e-8,7.80031683689230704e-9,5.55111512312578270e-17,1.11022302462515654e-16,true
1.00000000000000002e-8,0.8,2,4.99999997655153905e-9,-4.99999996267375124e-9,4.99999996961264515e-9,6.07747097092214972e-9,5.55111512312578270e-17,1.11022302462515654e-16,true
1.00000000000000002e-8,1,0.5,2.00000000658007160e-8,-1.99999999894728830e-8,2.00000000276367995e-8,1.38183997577812079e-9,5.55111512312578270e-17,1.11022302462515654e-16,true
1.00000000000000002e-8,1,1,1.00000001265754257e-8,-1.00000000294309110e-8,1.00000000780031684e-8,7.80031683689230704e-9,5.55111512312578270e-17,1.11022302462515654e-16,true
1.00000000000000002e-8,1,2,4.99999997655153905e-9,-4.99999998349043295e-9,4.99999998002098600e-9,3.99580279974998120e-9,5.55111512312578270e-17,1.11022302462515654e-16,true
all_tau_density_resolved,1.00000000000000002e-8,true
1.00000000000000004e-10,0.6,0.5,2.00000023486968104e-10,-2.00000002670286392e-10,2.00000013078627248e-10,6.53931362393223026e-8,5.55111512312578270e-17,1.11022302462515654e-16,true
1.00000000000000004e-10,0.6,1,1.00000015212931004e-10,-9.99999943962492921e-11,1.00000004804590148e-10,4.80459014795542316e-8,5.55111512312578270e-17,1.11022302462515654e-16,true
1.00000000000000004e-10,0.6,2,5.00000110759124539e-11,-4.99999971981246460e-11,5.00000041370185500e-11,8.27403709990903735e-8,5.55111512312578270e-17,1.11022302462515654e-16,true
1.00000000000000004e-10,0.8,0.5,2.00000023486968104e-10,-2.00000002670286392e-10,2.00000013078627248e-10,6.53931362393223026e-8,5.55111512312578270e-17,1.11022302462515654e-16,true
1.00000000000000004e-10,0.8,1,1.00000015212931004e-10,-9.99999943962492921e-11,1.00000004804590148e-10,4.80459014795542316e-8,5.55111512312578270e-17,1.11022302462515654e-16,true
1.00000000000000004e-10,0.8,2,5.00000110759124539e-11,-4.99999902592307421e-11,5.00000006675715980e-11,1.33514319600180897e-8,5.55111512312578270e-17,1.11022302462515654e-16,true
1.00000000000000004e-10,1,0.5,2.00000023486968104e-10,-2.00000002670286392e-10,2.00000013078627248e-10,6.53931362393223026e-8,5.55111512312578270e-17,1.11022302462515654e-16,true
1.00000000000000004e-10,1,1,1.00000015212931004e-10,-9.99999943962492921e-11,1.00000004804590148e-10,4.80459014795542316e-8,5.55111512312578270e-17,1.11022302462515654e-16,true
1.00000000000000004e-10,1,2,5.00000110759124539e-11,-4.99999971981246460e-11,5.00000041370185500e-11,8.27403709990903735e-8,5.55111512312578270e-17,1.11022302462515654e-16,true
all_tau_density_resolved,1.00000000000000004e-10,true
9.99999999999999980e-13,0.6,0.5,2.00008065665002732e-12,-1.99989330651462183e-12,1.99998698158232457e-12,6.50920883771277659e-6,5.55111512312578270e-17,1.11022302462515654e-16,true
9.99999999999999980e-13,0.6,1,9.99998694961590218e-13,-9.99908489340839424e-13,9.99953592151214821e-13,4.64078487851793398e-5,5.55111512312578270e-17,1.11022302462515654e-16,true
9.99999999999999980e-13,0.6,2,4.99954244670419712e-13,-4.99864039049668918e-13,4.99909141860044315e-13,1.81716279911370293e-4,5.55111512312578270e-17,1.11022302462515654e-16,true
9.99999999999999980e-13,0.8,0.5,2.00006677886221951e-12,-1.99989330651462183e-12,1.99998004268842067e-12,9.97865578966639077e-6,5.55111512312578270e-17,1.11022302462515654e-16,true
9.99999999999999980e-13,0.8,1,9.99977878279878496e-13,-9.99901550446935516e-13,9.99939714363407006e-13,6.02856365929937965e-5,5.55111512312578270e-17,1.11022302462515654e-16,true
9.99999999999999980e-13,0.8,2,4.99954244670419712e-13,-4.99864039049668918e-13,4.99909141860044315e-13,1.81716279911370293e-4,5.55111512312578270e-17,1.11022302462515654e-16,true
9.99999999999999980e-13,1,0.5,2.00005983996831560e-12,-1.99989330651462183e-12,1.99997657324146871e-12,1.17133792656431979e-5,5.55111512312578270e-17,1.11022302462515654e-16,true
9.99999999999999980e-13,1,1,9.99991756067686310e-13,-9.99901550446935516e-13,9.99946653257310913e-13,5.33467426890865681e-5,5.55111512312578270e-17,1.11022302462515654e-16,true
9.99999999999999980e-13,1,2,5.00023633609458784e-13,-4.99864039049668918e-13,4.99943836329563851e-13,1.12327340872298009e-4,5.55111512312578270e-17,1.11022302462515654e-16,true
all_tau_density_resolved,9.99999999999999980e-13,true
9.99999999999999999e-15,0.6,0.5,2.01713645786583129e-14,-1.98036032017512298e-14,1.99874838902047713e-14,6.25805489761432909e-4,5.55111512312578270e-17,1.11022302462515654e-16,true
9.99999999999999999e-15,0.6,1,1.00544572667615739e-14,-9.92261828258733658e-15,9.98853777467445525e-15,1.14622253255447504e-3,5.55111512312578270e-17,1.11022302462515654e-16,true
9.99999999999999999e-15,0.6,2,5.07233144375618394e-15,-4.99600361081320443e-15,5.03416752728469419e-15,6.83350545693883760e-3,5.55111512312578270e-17,1.11022302462515654e-16,true
9.99999999999999999e-15,0.8,0.5,1.99909533371567250e-14,-1.99701366554450033e-14,1.99805449963008641e-14,9.72750184956794328e-4,5.55111512312578270e-17,1.11022302462515654e-16,true
9.99999999999999999e-15,0.8,1,1.00613961606654811e-14,-9.92261828258733658e-15,9.99200722162640886e-15,7.99277837359113619e-4,5.55111512312578270e-17,1.11022302462515654e-16,true
9.99999999999999999e-15,0.8,2,5.07927033766009117e-15,-4.99600361081320443e-15,5.03763697423664780e-15,7.52739484732956043e-3,5.55111512312578270e-17,1.11022302462515654e-16,true
9.99999999999999999e-15,1,0.5,1.99909533371567250e-14,-1.99701366554450033e-14,1.99805449963008641e-14,9.72750184956794328e-4,5.55111512312578270e-17,1.11022302462515654e-16,true
9.99999999999999999e-15,1,1,1.00613961606654811e-14,-9.90874049477952212e-15,9.98506832772250164e-15,1.49316722774983646e-3,5.55111512312578270e-17,1.11022302462515654e-16,true
9.99999999999999999e-15,1,2,5.07233144375618394e-15,-4.98212582300538998e-15,5.02722863338078696e-15,5.44572667615739192e-3,5.55111512312578270e-17,1.11022302462515654e-16,true
all_tau_density_resolved,9.99999999999999999e-15,true
9.99999999999999979e-17,0.6,0.5,3.12250225675825277e-16,-1.31838984174237339e-16,2.22044604925031308e-16,1.10223024625156540e-1,5.55111512312578270e-17,1.11022302462515654e-16,false
9.99999999999999979e-17,0.6,1,2.08166817117216851e-16,-1.38777878078144568e-17,1.11022302462515654e-16,1.10223024625156540e-1,5.55111512312578270e-17,1.11022302462515654e-16,false
9.99999999999999979e-17,0.6,2,2.08166817117216851e-16,-1.38777878078144568e-17,1.11022302462515654e-16,1.22044604925031308e0,5.55111512312578270e-17,1.11022302462515654e-16,false
9.99999999999999979e-17,0.8,0.5,3.12250225675825277e-16,-1.38777878078144568e-16,2.25514051876984922e-16,1.27570259384924611e-1,5.55111512312578270e-17,1.11022302462515654e-16,false
9.99999999999999979e-17,0.8,1,2.08166817117216851e-16,-2.08166817117216851e-17,1.14491749414469268e-16,1.44917494144692682e-1,5.55111512312578270e-17,1.11022302462515654e-16,false
9.99999999999999979e-17,0.8,2,1.87350135405495166e-16,0.00000000000000000e0,9.36750677027475831e-17,8.73501354054951662e-1,5.55111512312578270e-17,1.11022302462515654e-16,false
9.99999999999999979e-17,1,0.5,2.91433543964103592e-16,-1.31838984174237339e-16,2.11636264069170466e-16,5.81813203458523276e-2,5.55111512312578270e-17,1.11022302462515654e-16,false
9.99999999999999979e-17,1,1,2.15105711021124080e-16,-9.02056207507939689e-17,1.52655665885959024e-16,5.26556658859590243e-1,5.55111512312578270e-17,1.11022302462515654e-16,false
9.99999999999999979e-17,1,2,1.87350135405495166e-16,-2.08166817117216851e-17,1.04083408558608426e-16,1.08166817117216851e0,5.55111512312578270e-17,1.11022302462515654e-16,false
all_tau_density_resolved,9.99999999999999979e-17,false
1.00000000000000007e-18,0.6,0.5,0.00000000000000000e0,0.00000000000000000e0,0.00000000000000000e0,1.00000000000000000e0,5.55111512312578270e-17,1.11022302462515654e-16,false
1.00000000000000007e-18,0.6,1,0.00000000000000000e0,0.00000000000000000e0,0.00000000000000000e0,1.00000000000000000e0,5.55111512312578270e-17,1.11022302462515654e-16,false
1.00000000000000007e-18,0.6,2,0.00000000000000000e0,0.00000000000000000e0,0.00000000000000000e0,1.00000000000000000e0,5.55111512312578270e-17,1.11022302462515654e-16,false
1.00000000000000007e-18,0.8,0.5,0.00000000000000000e0,0.00000000000000000e0,0.00000000000000000e0,1.00000000000000000e0,5.55111512312578270e-17,1.11022302462515654e-16,false
1.00000000000000007e-18,0.8,1,0.00000000000000000e0,0.00000000000000000e0,0.00000000000000000e0,1.00000000000000000e0,5.55111512312578270e-17,1.11022302462515654e-16,false
1.00000000000000007e-18,0.8,2,0.00000000000000000e0,0.00000000000000000e0,0.00000000000000000e0,1.00000000000000000e0,5.55111512312578270e-17,1.11022302462515654e-16,false
1.00000000000000007e-18,1,0.5,0.00000000000000000e0,0.00000000000000000e0,0.00000000000000000e0,1.00000000000000000e0,5.55111512312578270e-17,1.11022302462515654e-16,false
1.00000000000000007e-18,1,1,0.00000000000000000e0,0.00000000000000000e0,0.00000000000000000e0,1.00000000000000000e0,5.55111512312578270e-17,1.11022302462515654e-16,false
1.00000000000000007e-18,1,2,0.00000000000000000e0,0.00000000000000000e0,0.00000000000000000e0,1.00000000000000000e0,5.55111512312578270e-17,1.11022302462515654e-16,false
all_tau_density_resolved,1.00000000000000007e-18,false
9.99999999999999945e-21,0.6,0.5,0.00000000000000000e0,0.00000000000000000e0,0.00000000000000000e0,1.00000000000000000e0,5.55111512312578270e-17,1.11022302462515654e-16,false
9.99999999999999945e-21,0.6,1,0.00000000000000000e0,0.00000000000000000e0,0.00000000000000000e0,1.00000000000000000e0,5.55111512312578270e-17,1.11022302462515654e-16,false
9.99999999999999945e-21,0.6,2,0.00000000000000000e0,0.00000000000000000e0,0.00000000000000000e0,1.00000000000000000e0,5.55111512312578270e-17,1.11022302462515654e-16,false
9.99999999999999945e-21,0.8,0.5,0.00000000000000000e0,0.00000000000000000e0,0.00000000000000000e0,1.00000000000000000e0,5.55111512312578270e-17,1.11022302462515654e-16,false
9.99999999999999945e-21,0.8,1,0.00000000000000000e0,0.00000000000000000e0,0.00000000000000000e0,1.00000000000000000e0,5.55111512312578270e-17,1.11022302462515654e-16,false
9.99999999999999945e-21,0.8,2,0.00000000000000000e0,0.00000000000000000e0,0.00000000000000000e0,1.00000000000000000e0,5.55111512312578270e-17,1.11022302462515654e-16,false
9.99999999999999945e-21,1,0.5,0.00000000000000000e0,0.00000000000000000e0,0.00000000000000000e0,1.00000000000000000e0,5.55111512312578270e-17,1.11022302462515654e-16,false
9.99999999999999945e-21,1,1,0.00000000000000000e0,0.00000000000000000e0,0.00000000000000000e0,1.00000000000000000e0,5.55111512312578270e-17,1.11022302462515654e-16,false
9.99999999999999945e-21,1,2,0.00000000000000000e0,0.00000000000000000e0,0.00000000000000000e0,1.00000000000000000e0,5.55111512312578270e-17,1.11022302462515654e-16,false
all_tau_density_resolved,9.99999999999999945e-21,false
test paired_force_resolution_sweep ... ok

test result: ok. 1 passed; 0 failed; 0 ignored; 0 measured; 0 filtered out; finished in 0.02s

