condition,trial,seed,df_initial,df_final,elapsed_ms,observed_step,attempted_step,mass_error,max_mach,minimum_population,minimum_density,finite_state,positive_density,nonnegative_population,mass_within_budget,mach_within_budget,failure
C0-uniform-zero,0,,3.00000000000000000,3.00000000000000000,106,24,24,0.00000000000000000,0.00000000000000000,0.02777777777777778,1.00000000000000022,true,true,true,true,true,""
C1-uniform-fzd,0,,3.00000000000000000,2.20768155970508273,98,24,24,0.00000000000000666,0.00000571948192189,0.02777732879383827,0.99998415791588924,true,true,true,true,true,""
C2-noise-zero,0,42,2.69625369363930423,2.60724545196656310,80,24,24,0.00000000000000122,0.25880670668457412,0.01198399124219435,0.50027079282605680,true,true,true,true,true,""
C3-noise-fzd,0,42,2.69625369363930423,2.60724545196656310,86,24,24,0.00000000000000178,0.25880647599282136,0.01198403184166662,0.50027079282605680,true,true,true,true,true,""
C2-noise-zero,1,43,2.70335832570204948,2.66289631261627324,87,24,24,0.00000000000000189,0.24963364432136068,0.01022207734134462,0.50028199259948014,true,true,true,true,true,""
C3-noise-fzd,1,43,2.70335832570204948,2.66289631261627324,90,24,24,0.00000000000000233,0.24963267162509056,0.01022205236960350,0.50028199259948014,true,true,true,true,true,""
C2-noise-zero,2,44,2.68945323349238530,2.59755495916275470,85,24,24,0.00000000000000333,0.25059082104178004,0.01074851427156130,0.50042192883522318,true,true,true,true,true,""
C3-noise-fzd,2,44,2.68945323349238530,2.59779037309962435,77,24,24,0.00000000000000067,0.25059223149150989,0.01074850260076505,0.50042192883522318,true,true,true,true,true,""
C2-noise-zero,3,45,2.70746744859336763,2.65131727449066013,73,24,24,0.00000000000000067,0.24137254634626285,0.01105091004099998,0.50009803205349934,true,true,true,true,true,""
C3-noise-fzd,3,45,2.70746744859336763,2.65089023102999866,73,24,24,0.00000000000000044,0.24137305355332428,0.01105089401761301,0.50009803205349934,true,true,true,true,true,""
C2-noise-zero,4,46,2.70703293422516600,2.67650438115839195,78,24,24,0.00000000000000400,0.26898245586118946,0.01115219905121297,0.50019113576086693,true,true,true,true,true,""
C3-noise-fzd,4,46,2.70703293422516600,2.67650438115839195,82,24,24,0.00000000000000377,0.26898202739101068,0.01115220232033334,0.50019113576086693,true,true,true,true,true,""
C2-noise-zero,5,47,2.71077608209567522,2.69875730583074480,83,24,24,0.00000000000000333,0.22947194148276281,0.01026502178092471,0.50076423809761594,true,true,true,true,true,""
C3-noise-fzd,5,47,2.71077608209567522,2.69875730583074480,82,24,24,0.00000000000000266,0.22947158831109835,0.01026501730895722,0.50076423809761594,true,true,true,true,true,""
C2-noise-zero,6,48,2.68960322133668139,2.66658222376065268,81,24,24,0.00000000000000022,0.25367567581612555,0.01129354382677938,0.50044424001587740,true,true,true,true,true,""
C3-noise-fzd,6,48,2.68960322133668139,2.66678758960662421,79,24,24,0.00000000000000155,0.25367559722425176,0.01129352009455094,0.50044424001587740,true,true,true,true,true,""
C2-noise-zero,7,49,2.68975222256613122,2.63013932658399741,76,24,24,0.00000000000000022,0.24726339630452832,0.01178443809811803,0.50018372624261642,true,true,true,true,true,""
C3-noise-fzd,7,49,2.68975222256613122,2.63013932658399741,91,24,24,0.00000000000000244,0.24726455800936561,0.01178444919802021,0.50018372624261642,true,true,true,true,true,""
C2-noise-zero,8,50,2.69589965783446450,2.71589522582538390,76,24,24,0.00000000000000067,0.26746997168190501,0.01151903786738468,0.50007920965001351,true,true,true,true,true,""
C3-noise-fzd,8,50,2.69589965783446450,2.71589522582538390,92,24,24,0.00000000000000189,0.26747008681971890,0.01151905173018262,0.50007920965001351,true,true,true,true,true,""
C2-noise-zero,9,51,2.68975222256613122,2.60260095289119775,84,24,24,0.00000000000000022,0.25154421037468849,0.01116848294666329,0.50002114335347758,true,true,true,true,true,""
C3-noise-fzd,9,51,2.68975222256613122,2.60260095289119775,85,24,24,0.00000000000000111,0.25154555834576986,0.01116847631789135,0.50002114335347758,true,true,true,true,true,""
C4-sersic-zero,0,,1.81952039728925108,NaN,51,1,1,0.00000000000000833,0.31266925213832153,0.00210892458670139,0.07592128512125015,true,true,true,true,false,"raw population-moment Mach budget exceeded"
C5-sersic-fzd,0,,1.81952039728925108,NaN,48,1,1,0.00000000000001188,0.31261502296815830,0.00210725555561651,0.07592128512125015,true,true,true,true,false,"raw population-moment Mach budget exceeded"
C6-sersic-nfw,0,,1.81952039728925108,NaN,55,1,1,0.00000000000000266,0.31261544782759482,0.00210724248806321,0.07592128512125015,true,true,true,true,false,"raw population-moment Mach budget exceeded"
