=== Euclid D_f Sweep ===
Grid: 16^3, steps: 24, tau: 0.80, max: 100
Backend: CPU, collision: MRT, M/L: morphological, Smagorinsky: off
Softening: eps=0.50*dx, floor=0.0450
catalog_rows=399562 rejected_rows=16254 admitted_entries=383308 selected_object=-670764856480109543 backend=CPU_FP64 observation=post_step_population_moments df_oracle=host_box_counting observation_interval=1 mass_budget=0.00001 mach_budget=0.3 readback_and_initialization_overhead=included
trial_input condition=C0-uniform-zero trial=0 seed=None rho_f64le_sha256=9ad28ff0dbb91703f930756f2c9d0f2a9f7655d6e0efeb120b4c23f9321bdaa7 force_xyz_f64le_sha256=3a3ed164e42500a1c5b2d0093f0a813d27dc50d038f330cc100a7e70ece2e6e4
trial_input condition=C1-uniform-fzd trial=0 seed=None rho_f64le_sha256=9ad28ff0dbb91703f930756f2c9d0f2a9f7655d6e0efeb120b4c23f9321bdaa7 force_xyz_f64le_sha256=2050ed246e70e02a6aadafedc5f70147ba7ee980d937435c9dc16931f6557166
trial_input condition=C2-noise-zero trial=0 seed=Some(42) rho_f64le_sha256=e7bcd56f5dfb14c53e1468c8f4fa51f6ab203c46418943ef28870390a7eb9edd force_xyz_f64le_sha256=3a3ed164e42500a1c5b2d0093f0a813d27dc50d038f330cc100a7e70ece2e6e4
trial_input condition=C3-noise-fzd trial=0 seed=Some(42) rho_f64le_sha256=e7bcd56f5dfb14c53e1468c8f4fa51f6ab203c46418943ef28870390a7eb9edd force_xyz_f64le_sha256=2050ed246e70e02a6aadafedc5f70147ba7ee980d937435c9dc16931f6557166
trial_input condition=C2-noise-zero trial=1 seed=Some(43) rho_f64le_sha256=65585b83e98950a7487a0800747762be7b4f2b14878e57da6b5318e7ae8a271d force_xyz_f64le_sha256=3a3ed164e42500a1c5b2d0093f0a813d27dc50d038f330cc100a7e70ece2e6e4
trial_input condition=C3-noise-fzd trial=1 seed=Some(43) rho_f64le_sha256=65585b83e98950a7487a0800747762be7b4f2b14878e57da6b5318e7ae8a271d force_xyz_f64le_sha256=2050ed246e70e02a6aadafedc5f70147ba7ee980d937435c9dc16931f6557166
trial_input condition=C2-noise-zero trial=2 seed=Some(44) rho_f64le_sha256=e47f88e9ff1a7964547ecaf177e49b24e4875b005081a6211570269d8e9788e0 force_xyz_f64le_sha256=3a3ed164e42500a1c5b2d0093f0a813d27dc50d038f330cc100a7e70ece2e6e4
trial_input condition=C3-noise-fzd trial=2 seed=Some(44) rho_f64le_sha256=e47f88e9ff1a7964547ecaf177e49b24e4875b005081a6211570269d8e9788e0 force_xyz_f64le_sha256=2050ed246e70e02a6aadafedc5f70147ba7ee980d937435c9dc16931f6557166
trial_input condition=C2-noise-zero trial=3 seed=Some(45) rho_f64le_sha256=9c9ab67cd00368c11d2bf978acb0c27c612857d98fdc982c006398dd169d0015 force_xyz_f64le_sha256=3a3ed164e42500a1c5b2d0093f0a813d27dc50d038f330cc100a7e70ece2e6e4
trial_input condition=C3-noise-fzd trial=3 seed=Some(45) rho_f64le_sha256=9c9ab67cd00368c11d2bf978acb0c27c612857d98fdc982c006398dd169d0015 force_xyz_f64le_sha256=2050ed246e70e02a6aadafedc5f70147ba7ee980d937435c9dc16931f6557166
trial_input condition=C2-noise-zero trial=4 seed=Some(46) rho_f64le_sha256=da820f4bbf567a63dc11ab90908bc5b87884e91ab6f8bdedc5161e5034880152 force_xyz_f64le_sha256=3a3ed164e42500a1c5b2d0093f0a813d27dc50d038f330cc100a7e70ece2e6e4
trial_input condition=C3-noise-fzd trial=4 seed=Some(46) rho_f64le_sha256=da820f4bbf567a63dc11ab90908bc5b87884e91ab6f8bdedc5161e5034880152 force_xyz_f64le_sha256=2050ed246e70e02a6aadafedc5f70147ba7ee980d937435c9dc16931f6557166
trial_input condition=C2-noise-zero trial=5 seed=Some(47) rho_f64le_sha256=e07164d0e30e95509069071e61333df90cbbb8e49efdaf3cc3910487e1d00e3f force_xyz_f64le_sha256=3a3ed164e42500a1c5b2d0093f0a813d27dc50d038f330cc100a7e70ece2e6e4
trial_input condition=C3-noise-fzd trial=5 seed=Some(47) rho_f64le_sha256=e07164d0e30e95509069071e61333df90cbbb8e49efdaf3cc3910487e1d00e3f force_xyz_f64le_sha256=2050ed246e70e02a6aadafedc5f70147ba7ee980d937435c9dc16931f6557166
trial_input condition=C2-noise-zero trial=6 seed=Some(48) rho_f64le_sha256=af69cc243f09cdb13f8142c3c8aa3c2d67f92cdab2dd80d8006f034328604693 force_xyz_f64le_sha256=3a3ed164e42500a1c5b2d0093f0a813d27dc50d038f330cc100a7e70ece2e6e4
trial_input condition=C3-noise-fzd trial=6 seed=Some(48) rho_f64le_sha256=af69cc243f09cdb13f8142c3c8aa3c2d67f92cdab2dd80d8006f034328604693 force_xyz_f64le_sha256=2050ed246e70e02a6aadafedc5f70147ba7ee980d937435c9dc16931f6557166
trial_input condition=C2-noise-zero trial=7 seed=Some(49) rho_f64le_sha256=a68dbe9c273b5482d021d82d11df85126add7c6b7aae2aca5a6f1a86730dafaf force_xyz_f64le_sha256=3a3ed164e42500a1c5b2d0093f0a813d27dc50d038f330cc100a7e70ece2e6e4
trial_input condition=C3-noise-fzd trial=7 seed=Some(49) rho_f64le_sha256=a68dbe9c273b5482d021d82d11df85126add7c6b7aae2aca5a6f1a86730dafaf force_xyz_f64le_sha256=2050ed246e70e02a6aadafedc5f70147ba7ee980d937435c9dc16931f6557166
trial_input condition=C2-noise-zero trial=8 seed=Some(50) rho_f64le_sha256=86339ca02c65a16ffbd1e68df0dedef9b283f27c2b579c76c374e5209d0c0e8a force_xyz_f64le_sha256=3a3ed164e42500a1c5b2d0093f0a813d27dc50d038f330cc100a7e70ece2e6e4
trial_input condition=C3-noise-fzd trial=8 seed=Some(50) rho_f64le_sha256=86339ca02c65a16ffbd1e68df0dedef9b283f27c2b579c76c374e5209d0c0e8a force_xyz_f64le_sha256=2050ed246e70e02a6aadafedc5f70147ba7ee980d937435c9dc16931f6557166
trial_input condition=C2-noise-zero trial=9 seed=Some(51) rho_f64le_sha256=a7a8d48af23a42623858cb8785351879ece6d6e09940618c0a27619d75f80015 force_xyz_f64le_sha256=3a3ed164e42500a1c5b2d0093f0a813d27dc50d038f330cc100a7e70ece2e6e4
trial_input condition=C3-noise-fzd trial=9 seed=Some(51) rho_f64le_sha256=a7a8d48af23a42623858cb8785351879ece6d6e09940618c0a27619d75f80015 force_xyz_f64le_sha256=2050ed246e70e02a6aadafedc5f70147ba7ee980d937435c9dc16931f6557166
trial_input condition=C4-sersic-zero trial=0 seed=None rho_f64le_sha256=7329cbca527f5cd5ef62abf6daba1ddf8a166fcbf45fc286e288e8347b859492 force_xyz_f64le_sha256=3a3ed164e42500a1c5b2d0093f0a813d27dc50d038f330cc100a7e70ece2e6e4
trial_input condition=C5-sersic-fzd trial=0 seed=None rho_f64le_sha256=7329cbca527f5cd5ef62abf6daba1ddf8a166fcbf45fc286e288e8347b859492 force_xyz_f64le_sha256=2b9a0fd30a1d5768faaa4a6c985686069895a9d3d24f6d2e72190bf99b896cf7
trial_input condition=C6-sersic-nfw trial=0 seed=None rho_f64le_sha256=7329cbca527f5cd5ef62abf6daba1ddf8a166fcbf45fc286e288e8347b859492 force_xyz_f64le_sha256=21ddea8efececbd3dbb59f1d81c84a54c76fabd2f9bd6b5dc3dc9f254e2eeb73
null_control_failed: trial failed or incomplete: C4-sersic-zero[0] Some("raw population-moment Mach budget exceeded")
