condition,trial,seed,df_initial,df_final,elapsed_ms,observed_step,attempted_step,mass_error,max_mach,minimum_population,minimum_density,finite_state,positive_density,nonnegative_population,mass_within_budget,mach_within_budget,failure
C0-uniform-zero,0,,3.00000000000000000,3.00000000000000000,3361,24,24,0.00000001490116097,0.00000000000000000,0.02777777239680290,1.00000000000000000,true,true,true,true,true,""
C1-uniform-fzd,0,,3.00000000000000000,2.19510235556530597,224,24,24,0.00000017346064585,0.00000575704890412,0.02777732163667679,0.99998415261507034,true,true,true,true,true,""
C2-noise-zero,0,42,2.69625369363930423,2.60724545196656310,204,24,24,0.00000017947075270,0.25880668955445679,0.01198399811983109,0.50027077645063400,true,true,true,true,true,""
C3-noise-fzd,0,42,2.69625369363930423,2.60724545196656310,212,24,24,0.00000017668423413,0.25880645754989373,0.01198406796902418,0.50027077645063400,true,true,true,true,true,""
C2-noise-zero,1,43,2.70335832570204948,2.66289631261627324,201,24,24,0.00000017681963405,0.24963359049705025,0.01022207736968994,0.50028200447559357,true,true,true,true,true,""
C3-noise-fzd,1,43,2.70335832570204948,2.66289631261627324,200,24,24,0.00000018388250278,0.24963262372058809,0.01022207550704479,0.50028200447559357,true,true,true,true,true,""
C2-noise-zero,2,44,2.68945323349238530,2.59755495916275470,202,24,24,0.00000017881903669,0.25059082765510288,0.01074852049350739,0.50042195618152618,true,true,true,true,true,""
C3-noise-fzd,2,44,2.68945323349238530,2.59779037309962435,202,24,24,0.00000017753491122,0.25059224568360311,0.01074852328747511,0.50042195618152618,true,true,true,true,true,""
C2-noise-zero,3,45,2.70746744859336763,2.65131727449066013,206,24,24,0.00000017595698321,0.24137249488307852,0.01105090416967869,0.50009804219007492,true,true,true,true,true,""
C3-noise-fzd,3,45,2.70746744859336763,2.65089023102999866,203,24,24,0.00000018102381194,0.24137299833365849,0.01105087064206600,0.50009804219007492,true,true,true,true,true,""
C2-noise-zero,4,46,2.70703293422516600,2.67650438115839195,203,24,24,0.00000017805952646,0.26898252668447831,0.01115220040082932,0.50019115209579468,true,true,true,true,true,""
C3-noise-fzd,4,46,2.70703293422516600,2.67650438115839195,203,24,24,0.00000017419982856,0.26898208074131691,0.01115219388157129,0.50019115209579468,true,true,true,true,true,""
C2-noise-zero,5,47,2.71077608209567522,2.69875730583074480,198,24,24,0.00000018001200908,0.22947194852620401,0.01026501692831516,0.50076426565647125,true,true,true,true,true,""
C3-noise-fzd,5,47,2.71077608209567522,2.69875730583074480,208,24,24,0.00000018284412140,0.22947159673681589,0.01026499085128307,0.50076426565647125,true,true,true,true,true,""
C2-noise-zero,6,48,2.68960322133668139,2.66658222376065268,204,24,24,0.00000018090085163,0.25367576841325057,0.01129354909062386,0.50044424086809158,true,true,true,true,true,""
C3-noise-fzd,6,48,2.68960322133668139,2.66678758960662421,203,24,24,0.00000017883889036,0.25367568302208393,0.01129341032356024,0.50044424086809158,true,true,true,true,true,""
C2-noise-zero,7,49,2.68975222256613122,2.63013932658399741,203,24,24,0.00000018400234469,0.24726341627221077,0.01178443804383278,0.50018370151519775,true,true,true,true,true,""
C3-noise-fzd,7,49,2.68975222256613122,2.63013932658399741,198,24,24,0.00000017984414624,0.24726458918470479,0.01178437564522028,0.50018370151519775,true,true,true,true,true,""
C2-noise-zero,8,50,2.69589965783446450,2.71589522582538390,206,24,24,0.00000016994134944,0.26746992795217273,0.01151903718709946,0.50007922947406769,true,true,true,true,true,""
C3-noise-fzd,8,50,2.69589965783446450,2.71589522582538390,198,24,24,0.00000017708977706,0.26747003763341393,0.01151903904974461,0.50007922947406769,true,true,true,true,true,""
C2-noise-zero,9,51,2.68975222256613122,2.60260095289119775,198,24,24,0.00000017322114854,0.25154430175273779,0.01116847619414330,0.50002115964889526,true,true,true,true,true,""
C3-noise-fzd,9,51,2.68975222256613122,2.60260095289119775,203,24,24,0.00000018363429533,0.25154564747599012,0.01116841938346624,0.50002115964889526,true,true,true,true,true,""
C4-sersic-zero,0,,1.81952039728925108,NaN,191,1,1,0.00000000935044819,0.31266918312176134,0.00210892455652356,0.07592128403484821,true,true,true,true,false,"raw population-moment Mach budget exceeded"
C5-sersic-fzd,0,,1.81952039728925108,NaN,189,1,1,0.00000000935044819,0.31261817944468628,0.00210646330378950,0.07592128403484821,true,true,true,true,false,"raw population-moment Mach budget exceeded"
C6-sersic-nfw,0,,1.81952039728925108,NaN,192,1,1,0.00000000935044819,0.31261857915958041,0.00210644397884607,0.07592128403484821,true,true,true,true,false,"raw population-moment Mach budget exceeded"
