    Blocking waiting for file lock on package cache
   Compiling algebra_experimental v0.1.0 (/home/eirikr/worktrees/open_gororoba/claim-evidence-adjudication/crates/algebra_experimental)
   Compiling qgp_scaling v0.1.0 (/home/eirikr/worktrees/open_gororoba/claim-evidence-adjudication/crates/qgp_scaling)
   Compiling quantum_core v0.1.0 (/home/eirikr/worktrees/open_gororoba/claim-evidence-adjudication/crates/quantum_core)
   Compiling pathion_ellip v0.1.0 (/home/eirikr/worktrees/open_gororoba/claim-evidence-adjudication/crates/pathion_ellip)
   Compiling cosmology_core v0.1.0 (/home/eirikr/worktrees/open_gororoba/claim-evidence-adjudication/crates/cosmology_core)
   Compiling sign_imbalance v0.1.0 (/home/eirikr/worktrees/open_gororoba/claim-evidence-adjudication/crates/sign_imbalance)
   Compiling neural_homotopy v0.1.0 (/home/eirikr/worktrees/open_gororoba/claim-evidence-adjudication/crates/neural_homotopy)
   Compiling lbm_3d v0.1.0 (/home/eirikr/worktrees/open_gororoba/claim-evidence-adjudication/crates/lbm_3d)
   Compiling spectral_core v0.1.0 (/home/eirikr/worktrees/open_gororoba/claim-evidence-adjudication/crates/spectral_core)
   Compiling cd_spin_bridge v0.1.0 (/home/eirikr/worktrees/open_gororoba/claim-evidence-adjudication/crates/cd_spin_bridge)
   Compiling gororoba_cli_physics v0.1.0 (/home/eirikr/worktrees/open_gororoba/claim-evidence-adjudication/crates/gororoba_cli_physics)
    Finished `validation` profile [optimized + debuginfo] target(s) in 57.23s
     Running `.cache/gate-target/validation/solar wind-dm-mhd --nx 5 --ny 3 --nz 2 --steps 3 --tau 0.8 --b0 0 --v-sw 0.04 --no-dm --snap-interval 1 --x-outflow zero-gradient-populations --max-relative-mass-ledger-error 1e-12 --out data/output/audit/claim-family-evidence-adjudication/open-x-runner-fixture`
physical_comparison_admission=blocked: numerical open-x population closure is measured; its physical suitability, MHD magnetic boundary conditions and gravitational acceleration frame require separate specifications
solar wind-dm-mhd: 5x3x2, 3 steps, tau=0.8, B0=0 nT, v_sw=0.04, DM=OFF, IC=synthetic
div(B) projection: 0.000000e0 -> 0.000000e0
initial magnetic energy (post-projection): 0.000000e0
step,mass_before,min_x_outgoing,max_x_outgoing,min_x_incoming,max_x_incoming,mass_after_streaming,mass_after_boundary,mass_after_collision,streaming_residual,boundary_residual,collision_mass_delta,step_mass_residual,cumulative_net_inflow,cumulative_mass_residual
mass_ledger_units=lattice_population_mass x_outflow=zero_gradient_populations transverse_boundaries=periodic budget=9.99999999999999980e-13
1,3.00000000000000000e1,8.84800000000000142e-1,1.12479999999999980e0,1.12479999999999980e0,8.84800000000000142e-1,2.79904000000000011e1,3.00000000000000000e1,3.00000000000000000e1,1.11022302462515654e-15,-9.99200722162640886e-16,0.00000000000000000e0,2.22044604925031308e-16,-2.22044604925031308e-16,2.22044604925031308e-16
step=     1  mass=30.000000  B_energy=0.000000e0  max|divB|=0.000000e0  max_gravity_force_density_lattice=0.000e0  max_lorentz_force_density_lattice=0.000e0  gravity_to_lorentz_ratio_of_maxima=undefined_zero_lorentz  physical_bound=unassessed
2,3.00000000000000000e1,8.84800000000000475e-1,1.12480000000000002e0,1.12480000000000002e0,8.84800000000000475e-1,2.79904000000000011e1,3.00000000000000000e1,3.00000000000000000e1,1.55431223447521916e-15,-1.55431223447521916e-15,0.00000000000000000e0,-2.22044604925031308e-16,0.00000000000000000e0,0.00000000000000000e0
step=     2  mass=30.000000  B_energy=0.000000e0  max|divB|=0.000000e0  max_gravity_force_density_lattice=0.000e0  max_lorentz_force_density_lattice=0.000e0  gravity_to_lorentz_ratio_of_maxima=undefined_zero_lorentz  physical_bound=unassessed
3,3.00000000000000000e1,8.84800000000000475e-1,1.12480000000000002e0,1.12480000000000002e0,8.84800000000000475e-1,2.79904000000000011e1,3.00000000000000000e1,3.00000000000000000e1,1.55431223447521916e-15,-1.55431223447521916e-15,0.00000000000000000e0,-2.22044604925031308e-16,2.22044604925031308e-16,-2.22044604925031308e-16
step=     3  mass=30.000000  B_energy=0.000000e0  max|divB|=0.000000e0  max_gravity_force_density_lattice=0.000e0  max_lorentz_force_density_lattice=0.000e0  gravity_to_lorentz_ratio_of_maxima=undefined_zero_lorentz  physical_bound=unassessed
done.
