    Checking bytemuck v1.25.0
    Checking either v1.15.0
    Checking rand_chacha v0.9.0
    Checking serde_core v1.0.228
    Checking csv-core v0.1.13
    Checking rayon v1.11.0
    Checking num-complex v0.4.6
    Checking safe_arch v0.7.4
    Checking safe_arch v1.0.0
    Checking dyn-stack v0.13.2
    Checking rand v0.9.3
    Checking wide v0.7.33
    Checking pulp v0.22.2
    Checking rustfft v6.4.1
    Checking wide v1.2.0
    Checking rand_distr v0.5.1
    Checking fwht v0.1.0 (https://github.com/Oichkatzelesfrettschen/cratesgororobas?rev=28b5310d3a6755b81b7c1ceb79f9f79f67f1af70#28b5310d)
    Checking serde v1.0.228
    Checking serde_json v1.0.149
    Checking csv v1.4.0
    Checking simba v0.9.1
    Checking realfft v3.5.0
    Checking nalgebra v0.34.2
    Checking nalgebra v0.33.3
    Checking gauss-quad v0.3.1
    Checking verified_core v0.1.0 (/home/eirikr/worktrees/open_gororoba/claim-evidence-adjudication/crates/verified_core)
    Checking ode_solvers v0.6.1
    Checking cd_kernel v0.1.0 (/home/eirikr/worktrees/open_gororoba/claim-evidence-adjudication/crates/cd_kernel)
    Checking diffusionx v0.11.3
    Checking moreno_1997 v0.1.0 (/home/eirikr/worktrees/open_gororoba/claim-evidence-adjudication/crates/moreno_1997)
    Checking algebra_analysis v0.1.0 (/home/eirikr/worktrees/open_gororoba/claim-evidence-adjudication/crates/algebra_analysis)
    Checking gororoba_algebra v0.1.0 (/home/eirikr/worktrees/open_gororoba/claim-evidence-adjudication/crates/gororoba_algebra)
    Checking gr_core v0.1.0 (/home/eirikr/worktrees/open_gororoba/claim-evidence-adjudication/crates/gr_core)
    Finished `validation` profile [optimized + debuginfo] target(s) in 13.26s
