=== Direction 5: Cross-Dataset Cosmic Dendrogram ===
Loading FRBs...
DM column: dm_exc_ymw16; parsed positive-bonsai rows: 12; excluded excess: 0; excluded sky: 0; nonpositive cosmic DM: 0
  FRBs with comoving positions: 12
Loading GW events...
  GW events with comoving positions: 0 (random sky positions)
Total objects: 12
Analyzing 12 objects

Building distance matrix and running dendrogram analysis...
Cophenetic correlation: 0.4580 (null: 0.4580 +/- 0.0000)
Ultrametric fraction: 0.0000
P-value: 1.0000
Diagnostic status: UncalibratedGeometryRelabeling

Results written to .cache/frb-inversion-null-sensitivity/cli-cosmic.csv

=== Summary ===
FRBs: 12
GW events: 0
Redshift range: [1.5091, 1.7043]
Cophenetic correlation: 0.4580
Geometry-relabeling diagnostic: UncalibratedGeometryRelabeling
