   Compiling gr_core v0.1.0 (/home/eirikr/worktrees/open_gororoba/claim-evidence-adjudication/crates/gr_core)
    Finished `validation` profile [optimized + debuginfo] target(s) in 3.18s
     Running tests/ward_source_scope.rs (/home/eirikr/Github/open_gororoba/.cache/gate-cbuild/8ee62ced707fec8e/validation/deps/ward_source_scope-60858c86059d693d)

running 2 tests
counterterm loop=Spinor mass=0.8 source_relative_error=2.21911387229665020e-13 wrong_measure_relative_error=1.20666022709121065e-1 omitted_norm=5.71532993224750413e-4
counterterm loop=Scalar mass=0.8 source_relative_error=2.21822277157476449e-13 wrong_measure_relative_error=1.20666022709121176e-1 omitted_norm=2.85766496612375207e-4
counterterm loop=Spinor mass=1.3 source_relative_error=3.60977311493619630e-13 wrong_measure_relative_error=7.11205462874669458e-1 omitted_norm=3.35958844016323544e-4
counterterm loop=Scalar mass=1.3 source_relative_error=3.61075499198515442e-13 wrong_measure_relative_error=7.11205462874669458e-1 omitted_norm=1.67979422008161772e-4
test rescaled_counterterm_matches_source_measure ... ok
transverse loop=Scalar renormalized=false polarization=0 zeta=0 combined=1.16551733542191742e-17 normalized=9.58395245170876597e-1 omit_external=5.05961013826568768e-19 omit_irreducible=1.21611343680457435e-17 vector_norm_last=8.77892333536428835e-13 omission_discriminates=false
transverse loop=Scalar renormalized=false polarization=0 zeta=1 combined=1.04235874489114200e-17 normalized=2.39971235872095274e-11 omit_external=4.34368202965258504e-7 omit_irreducible=4.34368202954834917e-7 vector_norm_last=2.78784482613212414e-15 omission_discriminates=true
transverse loop=Scalar renormalized=false polarization=1 zeta=0 combined=2.00921297286403566e-16 normalized=3.19534539204394412e-5 omit_external=6.28793675283665244e-12 omit_irreducible=6.28773583153936604e-12 vector_norm_last=8.77892333536428835e-13 omission_discriminates=false
transverse loop=Scalar renormalized=false polarization=1 zeta=1 combined=3.15068021947024608e-18 normalized=9.74840569581549743e-1 omit_external=8.13151629364128326e-20 omit_irreducible=3.23199538240665892e-18 vector_norm_last=2.78784482613212414e-15 omission_discriminates=false
transverse loop=Scalar renormalized=true polarization=0 zeta=0 combined=3.16140930346880043e-18 normalized=1.57682016617377818e0 omit_external=1.15648231731787114e-18 omit_irreducible=2.00492698615092929e-18 vector_norm_last=4.40914952020602605e-3 omission_discriminates=false
transverse loop=Scalar renormalized=true polarization=0 zeta=1 combined=6.01043991459810842e-18 normalized=1.38372004984733028e-11 omit_external=4.34368202959701968e-7 omit_irreducible=4.34368202965712408e-7 vector_norm_last=1.39953784320895055e-5 omission_discriminates=true
transverse loop=Scalar renormalized=true polarization=1 zeta=0 combined=6.62096538111124708e-18 normalized=1.05296232495744712e-6 omit_external=6.28794138610687392e-12 omit_irreducible=6.28793476514149281e-12 vector_norm_last=4.40914952020602605e-3 omission_discriminates=false
transverse loop=Scalar renormalized=true polarization=1 zeta=1 combined=9.00199705399275406e-19 normalized=1.37664278389464600e0 omit_external=6.53909435280319862e-19 omit_irreducible=2.46290270118955544e-19 vector_norm_last=1.39953784320895055e-5 omission_discriminates=false
transverse loop=Spinor renormalized=false polarization=0 zeta=0 combined=3.21646644504033064e-17 normalized=1.03009259259259256e0 omit_external=9.39641882820770638e-19 omit_irreducible=3.12250225675825339e-17 vector_norm_last=2.12977813509038790e-5 omission_discriminates=false
transverse loop=Spinor renormalized=false polarization=0 zeta=1 combined=7.09067887921571629e-12 normalized=7.12754467597947958e-6 omit_external=9.94827700359703860e-7 omit_irreducible=9.94820609680824644e-7 vector_norm_last=1.41985202814749058e-5 omission_discriminates=true
transverse loop=Spinor renormalized=false polarization=1 zeta=0 combined=7.09139851163143996e-12 normalized=1.53713545835799492e-1 omit_external=3.90424569860918546e-11 omit_irreducible=4.61338554977232945e-11 vector_norm_last=2.12977813509038790e-5 omission_discriminates=false
transverse loop=Spinor renormalized=false polarization=1 zeta=1 combined=2.11772354029362667e-17 normalized=1.01303349540788767e0 omit_external=2.72462264700133340e-19 omit_irreducible=2.09047731382361324e-17 vector_norm_last=1.41985202814749058e-5 omission_discriminates=false
transverse loop=Spinor renormalized=true polarization=0 zeta=0 combined=2.19550939928314648e-18 normalized=2.35750666990055757e-1 omit_external=7.11733551146213534e-18 omit_irreducible=9.31284491074528182e-18 vector_norm_last=2.12977813509338978e-5 omission_discriminates=false
transverse loop=Spinor renormalized=true polarization=0 zeta=1 combined=7.09075140302369315e-12 normalized=7.12761757691023301e-6 omit_external=9.94827700351662129e-7 omit_irreducible=9.94820609600259106e-7 vector_norm_last=1.41985202814910672e-5 omission_discriminates=true
transverse loop=Spinor renormalized=true polarization=1 zeta=0 combined=7.09079675189713972e-12 normalized=1.53702504419471170e-1 omit_external=3.90424577365630458e-11 omit_irreducible=4.61332544884601856e-11 vector_norm_last=2.12977813509338978e-5 omission_discriminates=false
transverse loop=Spinor renormalized=true polarization=1 zeta=1 combined=4.65973876031180091e-18 normalized=9.65470083390005285e-1 omit_external=4.82639373345500333e-18 omit_irreducible=1.66654973143202397e-19 vector_norm_last=1.41985202814910672e-5 omission_discriminates=false
test transverse_source_identity_retains_diagram_omissions_and_vector_defects ... ok

test result: ok. 2 passed; 0 failed; 0 ignored; 0 measured; 0 filtered out; finished in 1.03s

