   Compiling gr_core v0.1.0 (/home/eirikr/worktrees/open_gororoba/claim-evidence-adjudication/crates/gr_core)
    Finished `validation` profile [optimized + debuginfo] target(s) in 3.42s
     Running tests/ward_independent_residuals.rs (/home/eirikr/Github/open_gororoba/.cache/gate-cbuild/8ee62ced707fec8e/validation/deps/ward_independent_residuals-b2137b8378eeaf6c)

running 1 test
schema_version = 1
evidence_layer = "implementation_conformance"
independence = "Independent component contraction, RHS assembly and Lagrange intercept; shared physics tensors and quadrature"
error_budget_status = "heuristic refinement sensitivity; certified quadrature and extrapolation remainder unresolved"

[[gauge]]
loop_type = "Scalar"
absolute = 2.39577649274166288e-20
normalized = 6.60276151109878193e-17
passes = true

[[gauge_omission]]
loop_type = "Scalar"
mutation = "OmitJ1"
absolute = 2.39577649274166288e-20
tensor_delta_norm = 1.86646210342888942e-4

[[gauge_omission]]
loop_type = "Scalar"
mutation = "OmitJ2"
absolute = 5.23154954400167125e-24
tensor_delta_norm = 4.08058222348056080e-4

[[gauge_omission]]
loop_type = "Scalar"
mutation = "OmitJ3"
absolute = 9.58325130464093779e-21
tensor_delta_norm = 1.88046480089814513e-7

[[off_shell_gravitational]]
loop_type = "Scalar"
absolute = 1.03916622000535831e-15
normalized = 6.19989081615284523e-11
one_photon_norm = 0.00000000000000000e0
two_photon_norm = 1.67610406508768409e-5
omit_one_photon_absolute = 1.03916622000535831e-15
omit_two_photon_absolute = 1.67610406498423155e-5
one_photon_omission_discriminates = false

[[on_shell_limit]]
loop_type = "Scalar"
virtualities = [0.1, 0.05, 0.01, 0.005]
linear_norm = 5.29674078749403643e-3
quadratic_norm = 5.29672367888894130e-3
quadratic_spread = 2.41951842515179816e-8
quadrature_spread = 1.23344059957428468e-3
ladder_spread = 2.17756658244579876e-7
omit_external_norm = 5.35021992314579833e-3
omit_irreducible_norm = 5.34791356646309446e-5
passes_original_gate = false
certified_zero_exclusion = false
linear_components_real = [0.0, 0.0, 0.0, 0.0037453731216497027]
linear_components_imaginary = [-0.003745349536361981, 0.0, 0.0, 0.0]
refined_linear_norm = 6.53018138706832132e-3

[[gauge]]
loop_type = "Spinor"
absolute = 9.92020035292996450e-5
normalized = 8.95257789612068783e-2
passes = false

[[gauge_omission]]
loop_type = "Spinor"
mutation = "OmitJ1"
absolute = 9.92020035292996450e-5
tensor_delta_norm = 7.46499180425051929e-4

[[gauge_omission]]
loop_type = "Spinor"
mutation = "OmitJ2"
absolute = 1.72529198849661661e-7
tensor_delta_norm = 1.16945217766307595e-3

[[gauge_omission]]
loop_type = "Spinor"
mutation = "OmitJ3"
absolute = 9.90294743626615406e-5
tensor_delta_norm = 2.24956096727827192e-6

[[off_shell_gravitational]]
loop_type = "Spinor"
absolute = 3.79799606141989073e-5
normalized = 5.66932511889008728e-1
one_photon_norm = 0.00000000000000000e0
two_photon_norm = 6.69920313577543363e-5
omit_one_photon_absolute = 3.79799606141989073e-5
omit_two_photon_absolute = 3.57259605569938232e-5
one_photon_omission_discriminates = false

[[on_shell_limit]]
loop_type = "Spinor"
virtualities = [0.1, 0.05, 0.01, 0.005]
linear_norm = 6.32320160755795870e-9
quadratic_norm = 3.15081641722387747e-11
quadratic_spread = 6.29169366084969149e-9
quadrature_spread = 1.60055043204211240e-12
ladder_spread = 5.66252429475794608e-8
omit_external_norm = 2.15991659663424917e-4
omit_irreducible_norm = 2.15987188504166057e-4
passes_original_gate = false
certified_zero_exclusion = false
linear_components_real = [0.0, 0.0, 0.0, 1.173596538960736e-13]
linear_components_imaginary = [-6.323201606468851e-9, 0.0, 0.0, 0.0]
refined_linear_norm = 6.32433346318278867e-9

test independent_ward_residuals_preserve_failures_and_omission_scope ... ok

test result: ok. 1 passed; 0 failed; 0 ignored; 0 measured; 0 filtered out; finished in 0.57s

