--2026-09-05 18:07:23--  https://raw.githubusercontent.com/hpoppenb/BashPhox/499d004f514e721b0aa4d0347ee5e004fc01fa29/frag/dss/HNLO.GRID
Loaded CA certificate '/etc/ssl/certs/ca-certificates.crt'
Resolving raw.githubusercontent.com (raw.githubusercontent.com)... 185.199.108.133, 185.199.111.133, 185.199.109.133, ...
Connecting to raw.githubusercontent.com (raw.githubusercontent.com)|185.199.108.133|:443... connected.
HTTP request sent, awaiting response... 
  HTTP/1.1 200 OK
  Connection: keep-alive
  Content-Length: 74256
  Cache-Control: max-age=300
  Content-Security-Policy: default-src 'none'; style-src 'unsafe-inline'; sandbox
  Content-Type: text/plain; charset=utf-8
  ETag: "1c5e6ee5a62d5748ef9911527b35fc7d166e31603b61ca37a4c4282be665260b"
  Strict-Transport-Security: max-age=31536000
  X-Content-Type-Options: nosniff
  X-Frame-Options: deny
  X-XSS-Protection: 1; mode=block
  X-GitHub-Request-Id: CD3A:09E9:2027A8:3C8477:6A9CBCCA
  x-github-edge-region: uksouth
  Accept-Ranges: bytes
  Date: Sun, 06 Sep 2026 01:07:23 GMT
  Via: 1.1 varnish
  X-Served-By: cache-hhr-khhr2060055-HHR
  X-Cache: MISS
  X-Cache-Hits: 0
  X-Timer: S1788656843.145769,VS0,VE297
  Vary: Authorization,Accept-Encoding
  Access-Control-Allow-Origin: *
  Cross-Origin-Resource-Policy: cross-origin
  X-Fastly-Request-ID: ce28f9fdf33113115eccf2f57528b58c28e29562
  Expires: Sun, 06 Sep 2026 01:12:23 GMT
  Source-Age: 0
Length: 74256 (73K) [text/plain]
Saving to: ‘data/output/audit/qgp-fragmentation-grid-intake/pinned-mirrors/bashphox-HNLO.GRID’

     0K .......... .......... .......... .......... .......... 68% 2.67M 0s
    50K .......... .......... ..                              100% 24.5M=0.02s

2026-09-05 18:07:23 (3.69 MB/s) - ‘data/output/audit/qgp-fragmentation-grid-intake/pinned-mirrors/bashphox-HNLO.GRID’ saved [74256/74256]

