--2026-09-05 18:07:23--  https://raw.githubusercontent.com/hpoppenb/BashPhox/499d004f514e721b0aa4d0347ee5e004fc01fa29/frag/dss/HLO.GRID
Loaded CA certificate '/etc/ssl/certs/ca-certificates.crt'
Resolving raw.githubusercontent.com (raw.githubusercontent.com)... 185.199.108.133, 185.199.110.133, 185.199.111.133, ...
Connecting to raw.githubusercontent.com (raw.githubusercontent.com)|185.199.108.133|:443... connected.
HTTP request sent, awaiting response... 
  HTTP/1.1 200 OK
  Connection: keep-alive
  Content-Length: 74256
  Cache-Control: max-age=300
  Content-Security-Policy: default-src 'none'; style-src 'unsafe-inline'; sandbox
  Content-Type: text/plain; charset=utf-8
  ETag: "6db85bc81737b5c42dd41f7eaca82e0459cef13124606f532e3caa42db5b109d"
  Strict-Transport-Security: max-age=31536000
  X-Content-Type-Options: nosniff
  X-Frame-Options: deny
  X-XSS-Protection: 1; mode=block
  X-GitHub-Request-Id: 1B06:BEBC1:2D8503:57145C:6A9CBCCB
  x-github-edge-region: uksouth
  Accept-Ranges: bytes
  Date: Sun, 06 Sep 2026 01:07:23 GMT
  Via: 1.1 varnish
  X-Served-By: cache-hhr-khhr2060044-HHR
  X-Cache: MISS
  X-Cache-Hits: 0
  X-Timer: S1788656844.549202,VS0,VE305
  Vary: Authorization,Accept-Encoding
  Access-Control-Allow-Origin: *
  Cross-Origin-Resource-Policy: cross-origin
  X-Fastly-Request-ID: d21ea541800809f8deda941b55901f4c9127adae
  Expires: Sun, 06 Sep 2026 01:12:23 GMT
  Source-Age: 0
Length: 74256 (73K) [text/plain]
Saving to: ‘data/output/audit/qgp-fragmentation-grid-intake/pinned-mirrors/bashphox-HLO.GRID’

     0K .......... .......... .......... .......... .......... 68% 3.13M 0s
    50K .......... .......... ..                              100% 17.2M=0.02s

2026-09-05 18:07:23 (4.19 MB/s) - ‘data/output/audit/qgp-fragmentation-grid-intake/pinned-mirrors/bashphox-HLO.GRID’ saved [74256/74256]

