--2026-09-05 18:08:14--  https://api.github.com/repos/hpoppenb/BashPhox
Loaded CA certificate '/etc/ssl/certs/ca-certificates.crt'
Resolving api.github.com (api.github.com)... 20.29.134.17
Connecting to api.github.com (api.github.com)|20.29.134.17|:443... connected.
HTTP request sent, awaiting response... 
  HTTP/1.1 200 OK
  Date: Sun, 06 Sep 2026 01:08:14 GMT
  Content-Type: application/json; charset=utf-8
  Cache-Control: public, max-age=60, s-maxage=60
  Vary: Accept,Accept-Encoding, Accept, X-Requested-With
  ETag: W/"47bbc02cce34cb42cd0485e4f4fe00e34e8deed41eed2f45e4dda20856f64dee"
  Last-Modified: Mon, 19 Sep 2022 06:02:06 GMT
  X-GitHub-Media-Type: github.v3; format=json
  x-github-api-version-selected: 2022-11-28
  Access-Control-Expose-Headers: ETag, Link, Location, Retry-After, X-GitHub-OTP, X-RateLimit-Limit, X-RateLimit-Remaining, X-RateLimit-Used, X-RateLimit-Resource, X-RateLimit-Reset, X-OAuth-Scopes, X-Accepted-OAuth-Scopes, X-Poll-Interval, X-GitHub-Media-Type, X-GitHub-SSO, X-GitHub-Request-Id, Deprecation, Sunset, Warning
  Access-Control-Allow-Origin: *
  Strict-Transport-Security: max-age=31536000; includeSubdomains; preload
  X-Frame-Options: deny
  X-Content-Type-Options: nosniff
  X-XSS-Protection: 0
  Referrer-Policy: origin-when-cross-origin, strict-origin-when-cross-origin
  Content-Security-Policy: default-src 'none'
  Server: github.com
  Accept-Ranges: bytes
  X-RateLimit-Limit: 60
  X-RateLimit-Remaining: 57
  X-RateLimit-Used: 3
  X-RateLimit-Resource: core
  X-RateLimit-Reset: 1788660493
  Content-Length: 5050
  X-GitHub-Request-Id: 9F8A:191D8:6AD672:9E32AF:6A9CBCFE
  x-github-edge-region: westus2
Length: 5050 (4.9K) [application/json]
Saving to: ‘data/output/audit/qgp-fragmentation-grid-intake/pinned-mirrors/bashphox-repository.json’

     0K ....                                                  100%  115M=0s

2026-09-05 18:08:14 (115 MB/s) - ‘data/output/audit/qgp-fragmentation-grid-intake/pinned-mirrors/bashphox-repository.json’ saved [5050/5050]

