--2026-09-05 18:07:22--  https://raw.githubusercontent.com/JeffersonLab/simc_gfortran/26521e4fd39eb69b19c7e812cc7c05a8421688af/fdss/HLO.GRID
Loaded CA certificate '/etc/ssl/certs/ca-certificates.crt'
Resolving raw.githubusercontent.com (raw.githubusercontent.com)... 185.199.109.133, 185.199.111.133, 185.199.110.133, ...
Connecting to raw.githubusercontent.com (raw.githubusercontent.com)|185.199.109.133|:443... connected.
HTTP request sent, awaiting response... 
  HTTP/1.1 200 OK
  Connection: keep-alive
  Content-Length: 74256
  Cache-Control: max-age=300
  Content-Security-Policy: default-src 'none'; style-src 'unsafe-inline'; sandbox
  Content-Type: text/plain; charset=utf-8
  ETag: "6db85bc81737b5c42dd41f7eaca82e0459cef13124606f532e3caa42db5b109d"
  Strict-Transport-Security: max-age=31536000
  X-Content-Type-Options: nosniff
  X-Frame-Options: deny
  X-XSS-Protection: 1; mode=block
  X-GitHub-Request-Id: D85C:375325:2DB357:574174:6A9CBCC8
  x-github-edge-region: uksouth
  Accept-Ranges: bytes
  Date: Sun, 06 Sep 2026 01:07:22 GMT
  Via: 1.1 varnish
  X-Served-By: cache-hhr-khhr2060020-HHR
  X-Cache: MISS
  X-Cache-Hits: 0
  X-Timer: S1788656842.321240,VS0,VE307
  Vary: Authorization,Accept-Encoding
  Access-Control-Allow-Origin: *
  Cross-Origin-Resource-Policy: cross-origin
  X-Fastly-Request-ID: a07c6c5cc7dfa22a3f9098f1f7d961aa606d048c
  Expires: Sun, 06 Sep 2026 01:12:22 GMT
  Source-Age: 0
Length: 74256 (73K) [text/plain]
Saving to: ‘data/output/audit/qgp-fragmentation-grid-intake/pinned-mirrors/jeffersonlab-HLO.GRID’

     0K .......... .......... .......... .......... .......... 68% 2.28M 0s
    50K .......... .......... ..                              100% 18.5M=0.02s

2026-09-05 18:07:22 (3.14 MB/s) - ‘data/output/audit/qgp-fragmentation-grid-intake/pinned-mirrors/jeffersonlab-HLO.GRID’ saved [74256/74256]

